07-28 17:56:34.200  1847  4159 I chatty  : uid=1000(system) Binder_3 expire 10 lines
07-28 17:56:34.267  1847  5331 I chatty  : uid=1000(system) Binder_C expire 10 lines
07-28 17:56:34.623  1847  5223 I chatty  : uid=1000(system) Binder_6 expire 10 lines
07-28 17:56:34.808  1847  5502 I chatty  : uid=1000(system) Binder_E expire 8 lines
07-28 17:56:35.118  1847  1871 I chatty  : uid=1000(system) Binder_1 expire 10 lines
07-28 17:56:35.200  1847  5484 I chatty  : uid=1000(system) Binder_D expire 10 lines
07-28 17:56:35.269  1847  5235 I chatty  : uid=1000(system) Binder_8 expire 16 lines
07-28 17:56:35.672  1847  5519 I chatty  : uid=1000(system) Binder_F expire 10 lines
07-28 17:56:35.678  5225  7583 E ActivityThread: Failed to find provider info for com.modoohut.provider.geocoder
07-28 17:56:36.755  1847  1874 I chatty  : uid=1000(system) Binder_2 expire 9 lines
07-28 17:56:37.126  1847  4629 I chatty  : uid=1000(system) Binder_5 expire 10 lines
07-28 17:56:37.912  5225  7583 E ActivityThread: Failed to find provider info for com.modoohut.provider.geocoder
07-28 17:56:38.818  1847  5521 I chatty  : uid=1000(system) Binder_10 expire 12 lines
07-28 17:56:38.986  1847  5224 I chatty  : uid=1000(system) Binder_7 expire 9 lines
07-28 17:56:39.098  5225  7583 E ActivityThread: Failed to find provider info for com.modoohut.provider.geocoder
07-28 17:56:39.632  1847  4628 I chatty  : uid=1000(system) Binder_4 expire 10 lines
07-28 17:56:41.468  7477  7477 E AndroidRuntime: FATAL EXCEPTION: main
07-28 17:56:41.468  7477  7477 E AndroidRuntime: Process: dev.ukanth.iconmanager, PID: 7477
07-28 17:56:41.468  7477  7477 E AndroidRuntime: Theme: themes:{default=overlay:system, fontPkg:system, com.android.systemui=overlay:net.darkion.theme.maker.DarkOnyx, com.android.systemui.navbar=overlay:net.darkion.theme.maker.SimpleDark}
07-28 17:56:41.468  7477  7477 E AndroidRuntime: java.lang.RuntimeException: Unable to start activity ComponentInfo{dev.ukanth.iconmanager/dev.ukanth.iconmgr.SettingsActivity}: java.lang.IllegalStateException: Dependency "calc_prec" not found for preference "include_system" (title: "Include system applications"
07-28 17:56:41.468  7477  7477 E AndroidRuntime: 	at android.app.ActivityThread.performLaunchActivity(ActivityThread.java:2450)
07-28 17:56:41.468  7477  7477 E AndroidRuntime: 	at android.app.ActivityThread.handleLaunchActivity(ActivityThread.java:2510)
07-28 17:56:41.468  7477  7477 E AndroidRuntime: 	at android.app.ActivityThread.-wrap11(ActivityThread.java)
07-28 17:56:41.468  7477  7477 E AndroidRuntime: 	at android.app.ActivityThread$H.handleMessage(ActivityThread.java:1363)
07-28 17:56:41.468  7477  7477 E AndroidRuntime: 	at android.os.Handler.dispatchMessage(Handler.java:102)
07-28 17:56:41.468  7477  7477 E AndroidRuntime: 	at android.os.Looper.loop(Looper.java:148)
07-28 17:56:41.468  7477  7477 E AndroidRuntime: 	at android.app.ActivityThread.main(ActivityThread.java:5461)
07-28 17:56:41.468  7477  7477 E AndroidRuntime: 	at java.lang.reflect.Method.invoke(Native Method)
07-28 17:56:41.468  7477  7477 E AndroidRuntime: 	at com.android.internal.os.ZygoteInit$MethodAndArgsCaller.run(ZygoteInit.java:726)
07-28 17:56:41.468  7477  7477 E AndroidRuntime: 	at com.android.internal.os.ZygoteInit.main(ZygoteInit.java:616)
07-28 17:56:41.468  7477  7477 E AndroidRuntime: 	at de.robv.android.xposed.XposedBridge.main(XposedBridge.java:102)
07-28 17:56:41.468  7477  7477 E AndroidRuntime: Caused by: java.lang.IllegalStateException: Dependency "calc_prec" not found for preference "include_system" (title: "Include system applications"
07-28 17:56:41.468  7477  7477 E AndroidRuntime: 	at android.preference.Preference.registerDependency(Preference.java:1205)
07-28 17:56:41.468  7477  7477 E AndroidRuntime: 	at android.preference.Preference.onAttachedToActivity(Preference.java:1194)
07-28 17:56:41.468  7477  7477 E AndroidRuntime: 	at android.preference.PreferenceGroup.onAttachedToActivity(PreferenceGroup.java:277)
07-28 17:56:41.468  7477  7477 E AndroidRuntime: 	at android.preference.PreferenceScreen.bind(PreferenceScreen.java:146)
07-28 17:56:41.468  7477  7477 E AndroidRuntime: 	at android.preference.PreferenceFragment.bindPreferences(PreferenceFragment.java:349)
07-28 17:56:41.468  7477  7477 E AndroidRuntime: 	at android.preference.PreferenceFragment.onActivityCreated(PreferenceFragment.java:186)
07-28 17:56:41.468  7477  7477 E AndroidRuntime: 	at android.app.Fragment.performActivityCreated(Fragment.java:2228)
07-28 17:56:41.468  7477  7477 E AndroidRuntime: 	at android.app.FragmentManagerImpl.moveToState(FragmentManager.java:992)
07-28 17:56:41.468  7477  7477 E AndroidRuntime: 	at android.app.FragmentManagerImpl.moveToState(FragmentManager.java:1148)
07-28 17:56:41.468  7477  7477 E AndroidRuntime: 	at android.app.BackStackRecord.run(BackStackRecord.java:793)
07-28 17:56:41.468  7477  7477 E AndroidRuntime: 	at android.app.FragmentManagerImpl.execPendingActions(FragmentManager.java:1535)
07-28 17:56:41.468  7477  7477 E AndroidRuntime: 	at android.app.FragmentController.execPendingActions(FragmentController.java:325)
07-28 17:56:41.468  7477  7477 E AndroidRuntime: 	at android.app.Activity.performStart(Activity.java:6267)
07-28 17:56:41.468  7477  7477 E AndroidRuntime: 	at android.app.ActivityThread.performLaunchActivity(ActivityThread.java:2413)
07-28 17:56:41.468  7477  7477 E AndroidRuntime: 	... 10 more
07-28 17:56:41.823  7861  7861 W ActivityThread: ClassLoader.loadClass: The class loader returned by Thread.getContextClassLoader() may fail for processes that host multiple applications. You should explicitly specify a context class loader. For example: Thread.setContextClassLoader(getClass().getClassLoader());
07-28 17:56:41.983  1847  2130 I chatty  : uid=1000(system) ActivityManager expire 9 lines
07-28 17:56:42.384  1847  5300 I chatty  : uid=1000(system) Binder_A expire 10 lines
07-28 17:56:43.418  1847  2171 I chatty  : uid=1000(system) android.display expire 5 lines
07-28 17:56:44.359  1847  4541 I chatty  : uid=1000(system) ConnectivitySer expire 1 line
07-28 17:56:58.064  1847  2186 I chatty  : uid=1000(system) PowerManagerSer expire 10 lines
07-28 17:57:13.458   287  1306 E NetlinkEvent: NetlinkEvent::FindParam(): Parameter 'TIME_NS' not found
07-28 17:57:13.458   287  1306 E NetlinkEvent: NetlinkEvent::FindParam(): Parameter 'UID' not found
07-28 17:57:17.281  1847  4244 I chatty  : uid=1000(system) InputReader expire 2 lines
07-28 17:57:17.684   287  1306 E NetlinkEvent: NetlinkEvent::FindParam(): Parameter 'TIME_NS' not found
07-28 17:57:17.684   287  1306 E NetlinkEvent: NetlinkEvent::FindParam(): Parameter 'UID' not found
07-28 17:57:18.553   643   654 D DefContainer: Copying /data/local/tmp/dev.ukanth.iconmanager to base.apk
07-28 17:57:23.722  8576  8576 I chatty  : uid=1000(system) com.android.keychain expire 1 line
07-28 17:57:25.100  5225  8710 E ActivityThread: Failed to find provider info for com.modoohut.provider.geocoder
07-28 17:57:27.347  5225  8710 E ActivityThread: Failed to find provider info for com.modoohut.provider.geocoder
07-28 17:57:28.453  5225  8710 E ActivityThread: Failed to find provider info for com.modoohut.provider.geocoder
07-28 17:57:31.066  8974  8974 W ActivityThread: ClassLoader.loadClass: The class loader returned by Thread.getContextClassLoader() may fail for processes that host multiple applications. You should explicitly specify a context class loader. For example: Thread.setContextClassLoader(getClass().getClassLoader());
07-28 17:57:52.318  1847  4540 I chatty  : uid=1000(system) WifiService expire 2 lines
07-28 17:58:14.792   287  1306 E NetlinkEvent: NetlinkEvent::FindParam(): Parameter 'TIME_NS' not found
07-28 17:58:14.792   287  1306 E NetlinkEvent: NetlinkEvent::FindParam(): Parameter 'UID' not found
07-28 17:58:16.467   287  1306 E NetlinkEvent: NetlinkEvent::FindParam(): Parameter 'TIME_NS' not found
07-28 17:58:16.467   287  1306 E NetlinkEvent: NetlinkEvent::FindParam(): Parameter 'UID' not found
07-28 17:58:32.286   287  1306 E NetlinkEvent: NetlinkEvent::FindParam(): Parameter 'TIME_NS' not found
07-28 17:58:32.286   287  1306 E NetlinkEvent: NetlinkEvent::FindParam(): Parameter 'UID' not found
07-28 17:58:34.589   287  1306 E NetlinkEvent: NetlinkEvent::FindParam(): Parameter 'TIME_NS' not found
07-28 17:58:34.589   287  1306 E NetlinkEvent: NetlinkEvent::FindParam(): Parameter 'UID' not found
07-28 17:58:34.973 10022 10022 D ActivityThread: Loading provider com.whatsapp.provider.contact: com.whatsapp.contact.ContactProvider
07-28 17:58:35.841  1847  4628 I chatty  : uid=1000(system) Binder_4 expire 2 lines
07-28 17:58:35.847  1847  4629 I chatty  : uid=1000(system) Binder_5 expire 3 lines
07-28 17:58:52.658   287  1306 E NetlinkEvent: NetlinkEvent::FindParam(): Parameter 'TIME_NS' not found
07-28 17:58:52.658   287  1306 E NetlinkEvent: NetlinkEvent::FindParam(): Parameter 'UID' not found
07-28 17:59:01.081  1847  5307 I chatty  : uid=1000(system) Binder_B expire 2 lines
07-28 17:59:01.845  1847  4227 I chatty  : uid=1000(system) AlarmManager expire 1 line
07-28 17:59:01.887   287  1306 E NetlinkEvent: NetlinkEvent::FindParam(): Parameter 'TIME_NS' not found
07-28 17:59:01.887   287  1306 E NetlinkEvent: NetlinkEvent::FindParam(): Parameter 'UID' not found
07-28 17:59:02.491  1847  5521 I chatty  : uid=1000(system) Binder_10 expire 3 lines
07-28 17:59:02.495  1847  5519 I chatty  : uid=1000(system) Binder_F expire 4 lines
07-28 17:59:02.500  1847  5223 I chatty  : uid=1000(system) Binder_6 expire 6 lines
07-28 17:59:07.324   643   655 D DefContainer: Copying /data/local/tmp/dev.ukanth.iconmanager to base.apk
07-28 17:59:11.779  1847  4159 I chatty  : uid=1000(system) Binder_3 expire 4 lines
07-28 17:59:11.781  1847  2200 I chatty  : uid=1000(system) PackageManager expire 5 lines
07-28 17:59:12.384  1847  5235 I chatty  : uid=1000(system) Binder_8 expire 2 lines
07-28 17:59:12.850 10887 10887 I chatty  : uid=1000(system) com.android.keychain expire 1 line
07-28 17:59:14.664  1847  5296 I chatty  : uid=1000(system) Binder_9 expire 1 line
07-28 17:59:14.689  5225 11050 E ActivityThread: Failed to find provider info for com.modoohut.provider.geocoder
07-28 17:59:15.699  1847  5300 I chatty  : uid=1000(system) Binder_A expire 2 lines
07-28 17:59:16.018  1847  5484 I chatty  : uid=1000(system) Binder_D expire 11 lines
07-28 17:59:16.793  5225 11050 E ActivityThread: Failed to find provider info for com.modoohut.provider.geocoder
07-28 17:59:17.571  1847  4159 I chatty  : uid=1000(system) Binder_3 expire 10 lines
07-28 17:59:17.829  1847  5223 I chatty  : uid=1000(system) Binder_6 expire 7 lines
07-28 17:59:17.851  1847  5224 I chatty  : uid=1000(system) Binder_7 expire 10 lines
07-28 17:59:17.859 30651 30651 I chatty  : uid=1000(system) org.cyanogenmod.providers.datausage expire 1 line
07-28 17:59:17.948  1847  4629 I chatty  : uid=1000(system) Binder_5 expire 10 lines
07-28 17:59:17.950  5225 11050 E ActivityThread: Failed to find provider info for com.modoohut.provider.geocoder
07-28 17:59:18.371  1847  5296 I chatty  : uid=1000(system) Binder_9 expire 10 lines
07-28 17:59:18.400  1847  5331 I chatty  : uid=1000(system) Binder_C expire 11 lines
07-28 17:59:18.400  1847  4541 I chatty  : uid=1000(system) ConnectivitySer expire 10 lines
07-28 17:59:18.431  1847  1871 I chatty  : uid=1000(system) Binder_1 expire 10 lines
07-28 17:59:19.243  1847  5502 I chatty  : uid=1000(system) Binder_E expire 7 lines
07-28 17:59:19.385  1847  5235 I chatty  : uid=1000(system) Binder_8 expire 10 lines
07-28 17:59:19.413  1847  5300 I chatty  : uid=1000(system) Binder_A expire 10 lines
07-28 17:59:19.843  1847  5519 I chatty  : uid=1000(system) Binder_F expire 10 lines
07-28 17:59:20.772 11325 11325 W ActivityThread: ClassLoader.loadClass: The class loader returned by Thread.getContextClassLoader() may fail for processes that host multiple applications. You should explicitly specify a context class loader. For example: Thread.setContextClassLoader(getClass().getClassLoader());
07-28 17:59:20.925  1847  4628 I chatty  : uid=1000(system) Binder_4 expire 7 lines
07-28 17:59:24.593  1847  5521 I chatty  : uid=1000(system) Binder_10 expire 7 lines
07-28 17:59:31.419  1847  1874 I chatty  : uid=1000(system) Binder_2 expire 7 lines
07-28 17:59:32.657  1847  5307 I chatty  : uid=1000(system) Binder_B expire 10 lines
07-28 18:00:01.027  1847  2130 I chatty  : uid=1000(system) ActivityManager expire 12 lines
07-28 18:00:11.633 12378 12378 W ActivityThread: ClassLoader.loadClass: The class loader returned by Thread.getContextClassLoader() may fail for processes that host multiple applications. You should explicitly specify a context class loader. For example: Thread.setContextClassLoader(getClass().getClassLoader());
07-28 18:00:23.919  1847  2129 I chatty  : uid=1000(system) android.bg expire 3 lines
07-28 18:00:46.791   287  1306 E NetlinkEvent: NetlinkEvent::FindParam(): Parameter 'TIME_NS' not found
07-28 18:00:46.792   287  1306 E NetlinkEvent: NetlinkEvent::FindParam(): Parameter 'UID' not found
07-28 18:00:47.705   287  1306 E NetlinkEvent: NetlinkEvent::FindParam(): Parameter 'TIME_NS' not found
07-28 18:00:47.706   287  1306 E NetlinkEvent: NetlinkEvent::FindParam(): Parameter 'UID' not found
07-28 18:01:26.794   287  1306 E NetlinkEvent: NetlinkEvent::FindParam(): Parameter 'TIME_NS' not found
07-28 18:01:26.794   287  1306 E NetlinkEvent: NetlinkEvent::FindParam(): Parameter 'UID' not found
07-28 18:01:28.567   287  1306 E NetlinkEvent: NetlinkEvent::FindParam(): Parameter 'TIME_NS' not found
07-28 18:01:28.567   287  1306 E NetlinkEvent: NetlinkEvent::FindParam(): Parameter 'UID' not found
07-28 18:01:56.532  1847  1847 I chatty  : uid=1000 system_server expire 4 lines
07-28 18:02:04.555  1847  2200 I chatty  : uid=1000(system) PackageManager expire 12 lines
07-28 18:02:04.860 14089 14099 D DefContainer: Copying /data/local/tmp/dev.ukanth.iconmanager to base.apk
07-28 18:02:10.122 14210 14210 I chatty  : uid=1000(system) org.cyanogenmod.providers.datausage expire 6 lines
07-28 18:02:10.464 14229 14229 I chatty  : uid=1000(system) com.android.keychain expire 1 line
07-28 18:02:12.326  5225 14359 E ActivityThread: Failed to find provider info for com.modoohut.provider.geocoder
07-28 18:02:13.919  1847  5235 I chatty  : uid=1000(system) Binder_8 expire 9 lines
07-28 18:02:14.957  1847  5224 I chatty  : uid=1000(system) Binder_7 expire 5 lines
07-28 18:02:15.567  5225 14359 E ActivityThread: Failed to find provider info for com.modoohut.provider.geocoder
07-28 18:02:16.800  5225 14359 E ActivityThread: Failed to find provider info for com.modoohut.provider.geocoder
07-28 18:02:19.336  1847  5484 I chatty  : uid=1000(system) Binder_D expire 7 lines
07-28 18:02:19.455 14702 14702 W ActivityThread: ClassLoader.loadClass: The class loader returned by Thread.getContextClassLoader() may fail for processes that host multiple applications. You should explicitly specify a context class loader. For example: Thread.setContextClassLoader(getClass().getClassLoader());
07-28 18:02:19.652  1847  5296 I chatty  : uid=1000(system) Binder_9 expire 9 lines
07-28 18:02:51.112   287  1306 E NetlinkEvent: NetlinkEvent::FindParam(): Parameter 'TIME_NS' not found
07-28 18:02:51.112   287  1306 E NetlinkEvent: NetlinkEvent::FindParam(): Parameter 'UID' not found
07-28 18:02:51.208  1847  2186 I chatty  : uid=1000(system) PowerManagerSer expire 10 lines
07-28 18:02:51.541  1847  2171 I chatty  : uid=1000(system) android.display expire 4 lines
07-28 18:02:51.791   287  1306 E NetlinkEvent: NetlinkEvent::FindParam(): Parameter 'TIME_NS' not found
07-28 18:02:51.791   287  1306 E NetlinkEvent: NetlinkEvent::FindParam(): Parameter 'UID' not found
07-28 18:03:05.906  1847  4244 I chatty  : uid=1000(system) InputReader expire 2 lines
07-28 18:03:31.005   287  1306 E NetlinkEvent: NetlinkEvent::FindParam(): Parameter 'TIME_NS' not found
07-28 18:03:31.005   287  1306 E NetlinkEvent: NetlinkEvent::FindParam(): Parameter 'UID' not found
07-28 18:03:36.066   287  1306 E NetlinkEvent: NetlinkEvent::FindParam(): Parameter 'TIME_NS' not found
07-28 18:03:36.066   287  1306 E NetlinkEvent: NetlinkEvent::FindParam(): Parameter 'UID' not found
07-28 18:04:05.286  1847  5331 I chatty  : uid=1000(system) Binder_C expire 4 lines
07-28 18:04:12.570  1847  5519 I chatty  : uid=1000(system) Binder_F expire 2 lines
07-28 18:04:13.309 16328 16340 D DefContainer: Copying /data/local/tmp/dev.ukanth.iconmanager to base.apk
07-28 18:04:17.155  1847  5300 I chatty  : uid=1000(system) Binder_A expire 3 lines
07-28 18:04:18.220 16448 16448 I chatty  : uid=1000(system) com.android.keychain expire 1 line
07-28 18:04:20.288  5225 16602 E ActivityThread: Failed to find provider info for com.modoohut.provider.geocoder
07-28 18:04:21.723  1847  5307 I chatty  : uid=1000(system) Binder_B expire 2 lines
07-28 18:04:21.726  1847  1871 I chatty  : uid=1000(system) Binder_1 expire 1 line
07-28 18:04:22.469  5225 16602 E ActivityThread: Failed to find provider info for com.modoohut.provider.geocoder
07-28 18:04:23.571  1847  4159 I chatty  : uid=1000(system) Binder_3 expire 11 lines
07-28 18:04:23.650  5225 16602 E ActivityThread: Failed to find provider info for com.modoohut.provider.geocoder
07-28 18:04:24.554  1847  5502 I chatty  : uid=1000(system) Binder_E expire 13 lines
07-28 18:04:24.575  1847  4629 I chatty  : uid=1000(system) Binder_5 expire 6 lines
07-28 18:04:24.902  1847  5521 I chatty  : uid=1000(system) Binder_10 expire 3 lines
07-28 18:04:24.955  1847  5519 I chatty  : uid=1000(system) Binder_F expire 9 lines
07-28 18:04:25.023  1847  4628 I chatty  : uid=1000(system) Binder_4 expire 10 lines
07-28 18:04:25.655  1847  1871 I chatty  : uid=1000(system) Binder_1 expire 11 lines
07-28 18:04:25.692  1847  5224 I chatty  : uid=1000(system) Binder_7 expire 10 lines
07-28 18:04:26.387 16812 16812 W ActivityThread: ClassLoader.loadClass: The class loader returned by Thread.getContextClassLoader() may fail for processes that host multiple applications. You should explicitly specify a context class loader. For example: Thread.setContextClassLoader(getClass().getClassLoader());
07-28 18:04:26.543  1847  5235 I chatty  : uid=1000(system) Binder_8 expire 12 lines
07-28 18:04:26.936  1847  5307 I chatty  : uid=1000(system) Binder_B expire 10 lines
07-28 18:04:26.974  1847  5223 I chatty  : uid=1000(system) Binder_6 expire 11 lines
07-28 18:04:28.677  1847  5484 I chatty  : uid=1000(system) Binder_D expire 12 lines
07-28 18:04:38.260  1847  5300 I chatty  : uid=1000(system) Binder_A expire 14 lines
07-28 18:04:38.590  1847  4541 I chatty  : uid=1000(system) ConnectivitySer expire 10 lines
07-28 18:04:40.703  1847  2186 I chatty  : uid=1000(system) PowerManagerSer expire 10 lines
07-28 18:04:41.132  1847  2171 I chatty  : uid=1000(system) android.display expire 5 lines
07-28 18:04:50.203  1847  4244 I chatty  : uid=1000(system) InputReader expire 2 lines
07-28 18:04:50.259  1847  1847 I chatty  : uid=1000 system_server expire 9 lines
07-28 18:05:18.877 16328 16340 D DefContainer: Copying /data/local/tmp/dev.ukanth.iconmanager to base.apk
07-28 18:05:22.880  1847  2130 I chatty  : uid=1000(system) ActivityManager expire 10 lines
07-28 18:05:23.018  1847  2200 I chatty  : uid=1000(system) PackageManager expire 13 lines
07-28 18:05:23.634 14210 14210 I chatty  : uid=1000(system) org.cyanogenmod.providers.datausage expire 6 lines
07-28 18:05:23.999  1847  2129 I chatty  : uid=1000(system) android.bg expire 2 lines
07-28 18:05:24.072 17857 17857 I chatty  : uid=1000(system) com.android.keychain expire 1 line
07-28 18:05:24.523  1847  1874 I chatty  : uid=1000(system) Binder_2 expire 5 lines
07-28 18:05:26.056  5225 18021 E ActivityThread: Failed to find provider info for com.modoohut.provider.geocoder
07-28 18:05:27.521  1847  5296 I chatty  : uid=1000(system) Binder_9 expire 10 lines
07-28 18:05:27.609  1847  5331 I chatty  : uid=1000(system) Binder_C expire 11 lines
07-28 18:05:28.267  5225 18021 E ActivityThread: Failed to find provider info for com.modoohut.provider.geocoder
07-28 18:05:29.351  5225 18021 E ActivityThread: Failed to find provider info for com.modoohut.provider.geocoder
07-28 18:05:31.830 18262 18262 W ActivityThread: ClassLoader.loadClass: The class loader returned by Thread.getContextClassLoader() may fail for processes that host multiple applications. You should explicitly specify a context class loader. For example: Thread.setContextClassLoader(getClass().getClassLoader());
07-28 18:05:34.585  1847  4628 I chatty  : uid=1000(system) Binder_4 expire 8 lines
07-28 18:06:24.622 19189 19189 I chatty  : uid=1000(system) com.android.keychain expire 1 line
07-28 18:06:26.780  5225 19335 E ActivityThread: Failed to find provider info for com.modoohut.provider.geocoder
07-28 18:06:27.226  1847  5300 I chatty  : uid=1000(system) Binder_A expire 5 lines
07-28 18:06:30.196  1847  5502 I chatty  : uid=1000(system) Binder_E expire 2 lines
07-28 18:06:30.993 19538 19538 W ActivityThread: ClassLoader.loadClass: The class loader returned by Thread.getContextClassLoader() may fail for processes that host multiple applications. You should explicitly specify a context class loader. For example: Thread.setContextClassLoader(getClass().getClassLoader());
07-28 18:07:24.637  1847  5331 I chatty  : uid=1000(system) Binder_C expire 1 line
07-28 18:07:40.483  1847  2186 I chatty  : uid=1000(system) PowerManagerSer expire 3 lines
07-28 18:08:17.973 22744 22744 E ActivityThread: Performing stop of activity that is not resumed: {com.xda.labs/com.xda.labs.one.ui.MainActivity}
07-28 18:08:17.973 22744 22744 E ActivityThread: java.lang.RuntimeException: Performing stop of activity that is not resumed: {com.xda.labs/com.xda.labs.one.ui.MainActivity}
07-28 18:08:17.973 22744 22744 E ActivityThread: 	at android.app.ActivityThread.performStopActivityInner(ActivityThread.java:3499)
07-28 18:08:17.973 22744 22744 E ActivityThread: 	at android.app.ActivityThread.handleStopActivity(ActivityThread.java:3584)
07-28 18:08:17.973 22744 22744 E ActivityThread: 	at android.app.ActivityThread.-wrap20(ActivityThread.java)
07-28 18:08:17.973 22744 22744 E ActivityThread: 	at android.app.ActivityThread$H.handleMessage(ActivityThread.java:1392)
07-28 18:08:17.973 22744 22744 E ActivityThread: 	at android.os.Handler.dispatchMessage(Handler.java:102)
07-28 18:08:17.973 22744 22744 E ActivityThread: 	at android.os.Looper.loop(Looper.java:148)
07-28 18:08:17.973 22744 22744 E ActivityThread: 	at android.app.ActivityThread.main(ActivityThread.java:5461)
07-28 18:08:17.973 22744 22744 E ActivityThread: 	at java.lang.reflect.Method.invoke(Native Method)
07-28 18:08:17.973 22744 22744 E ActivityThread: 	at com.android.internal.os.ZygoteInit$MethodAndArgsCaller.run(ZygoteInit.java:726)
07-28 18:08:17.973 22744 22744 E ActivityThread: 	at com.android.internal.os.ZygoteInit.main(ZygoteInit.java:616)
07-28 18:08:17.973 22744 22744 E ActivityThread: 	at de.robv.android.xposed.XposedBridge.main(XposedBridge.java:102)
07-28 18:08:24.864 21265 21275 D DefContainer: Copying /data/local/tmp/dev.ukanth.iconmanager to base.apk
07-28 18:08:30.199 21348 21348 W ActivityThread: ClassLoader.loadClass: The class loader returned by Thread.getContextClassLoader() may fail for processes that host multiple applications. You should explicitly specify a context class loader. For example: Thread.setContextClassLoader(getClass().getClassLoader());
07-28 18:08:30.238  1847  5235 I chatty  : uid=1000(system) Binder_8 expire 2 lines
07-28 18:08:30.271  1847  5484 I chatty  : uid=1000(system) Binder_D expire 2 lines
07-28 18:08:30.475 21366 21418 D ActivityThread: Loading provider com.google.android.gmail.provider;com.android.mail.notifier;com.google.android.gm.email.provider;com.google.android.gm.tasks.provider;com.google.android.gm.email.notifier: com.android.email.provider.EmailProvider
07-28 18:08:30.594 21401 21401 I chatty  : uid=1000(system) com.android.keychain expire 1 line
07-28 18:08:30.608  1847  5296 I chatty  : uid=1000(system) Binder_9 expire 1 line
07-28 18:08:30.714  1847  4159 I chatty  : uid=1000(system) Binder_3 expire 1 line
07-28 18:08:30.771  1847  2130 I chatty  : uid=1000(system) ActivityManager expire 1 line
07-28 18:08:31.097 21422 21422 W ActivityThread: ClassLoader.loadClass: The class loader returned by Thread.getContextClassLoader() may fail for processes that host multiple applications. You should explicitly specify a context class loader. For example: Thread.setContextClassLoader(getClass().getClassLoader());
07-28 18:08:31.563  1847  5224 I chatty  : uid=1000(system) Binder_7 expire 1 line
07-28 18:08:31.793  1847  5223 I chatty  : uid=1000(system) Binder_6 expire 13 lines
07-28 18:08:31.953  1847  4244 I chatty  : uid=1000(system) InputReader expire 5 lines
07-28 18:08:31.954  1847  2186 I chatty  : uid=1000(system) PowerManagerSer expire 10 lines
07-28 18:08:31.954  1847  1847 I chatty  : uid=1000 system_server expire 4 lines
07-28 18:08:31.960  1847  2171 I chatty  : uid=1000(system) android.display expire 9 lines
07-28 18:08:32.079  1847  4159 I chatty  : uid=1000(system) Binder_3 expire 10 lines
07-28 18:08:32.116  1847  5224 I chatty  : uid=1000(system) Binder_7 expire 10 lines
07-28 18:08:32.632  1847  5307 I chatty  : uid=1000(system) Binder_B expire 11 lines
07-28 18:08:32.695  1847  5331 I chatty  : uid=1000(system) Binder_C expire 11 lines
07-28 18:08:32.697  5225 21579 E ActivityThread: Failed to find provider info for com.modoohut.provider.geocoder
07-28 18:08:33.218  1847  5484 I chatty  : uid=1000(system) Binder_D expire 14 lines
07-28 18:08:33.222  1847  4629 I chatty  : uid=1000(system) Binder_5 expire 7 lines
07-28 18:08:33.251  1847  5521 I chatty  : uid=1000(system) Binder_10 expire 7 lines
07-28 18:08:34.193 14210 14210 I chatty  : uid=1000(system) org.cyanogenmod.providers.datausage expire 2 lines
07-28 18:08:34.668  1847  1871 I chatty  : uid=1000(system) Binder_1 expire 12 lines
07-28 18:08:34.688  1847  5502 I chatty  : uid=1000(system) Binder_E expire 6 lines
07-28 18:08:34.998  1847  5519 I chatty  : uid=1000(system) Binder_F expire 7 lines
07-28 18:08:35.005  1847  5235 I chatty  : uid=1000(system) Binder_8 expire 7 lines
07-28 18:08:35.027  1847  4628 I chatty  : uid=1000(system) Binder_4 expire 11 lines
07-28 18:08:35.086  1847  5296 I chatty  : uid=1000(system) Binder_9 expire 16 lines
07-28 18:08:35.836  5225 21579 E ActivityThread: Failed to find provider info for com.modoohut.provider.geocoder
07-28 18:08:37.133  1847  5300 I chatty  : uid=1000(system) Binder_A expire 5 lines
07-28 18:08:37.136  5225 21579 E ActivityThread: Failed to find provider info for com.modoohut.provider.geocoder
07-28 18:08:37.632  1847  1874 I chatty  : uid=1000(system) Binder_2 expire 20 lines
07-28 18:08:40.926 21956 21980 D ActivityThread: Loading provider com.google.android.gmail.provider;com.android.mail.notifier;com.google.android.gm.email.provider;com.google.android.gm.tasks.provider;com.google.android.gm.email.notifier: com.android.email.provider.EmailProvider
07-28 18:08:49.404   287  1306 E NetlinkEvent: NetlinkEvent::FindParam(): Parameter 'TIME_NS' not found
07-28 18:08:49.404   287  1306 E NetlinkEvent: NetlinkEvent::FindParam(): Parameter 'UID' not found
07-28 18:08:50.055   287  1306 E NetlinkEvent: NetlinkEvent::FindParam(): Parameter 'TIME_NS' not found
07-28 18:08:50.055   287  1306 E NetlinkEvent: NetlinkEvent::FindParam(): Parameter 'UID' not found
07-28 18:09:30.734 22841 22841 W ActivityThread: ClassLoader.loadClass: The class loader returned by Thread.getContextClassLoader() may fail for processes that host multiple applications. You should explicitly specify a context class loader. For example: Thread.setContextClassLoader(getClass().getClassLoader());
07-28 18:09:52.765   287  1306 E NetlinkEvent: NetlinkEvent::FindParam(): Parameter 'TIME_NS' not found
07-28 18:09:52.765   287  1306 E NetlinkEvent: NetlinkEvent::FindParam(): Parameter 'UID' not found
07-28 18:09:53.571  1847  2186 I chatty  : uid=1000(system) PowerManagerSer expire 13 lines
07-28 18:10:02.735   287  1306 E NetlinkEvent: NetlinkEvent::FindParam(): Parameter 'TIME_NS' not found
07-28 18:10:02.735   287  1306 E NetlinkEvent: NetlinkEvent::FindParam(): Parameter 'UID' not found
07-28 18:10:03.364  1847  4540 I chatty  : uid=1000(system) WifiService expire 6 lines
07-28 18:10:20.695 23397 23397 W ActivityThread: ClassLoader.loadClass: The class loader returned by Thread.getContextClassLoader() may fail for processes that host multiple applications. You should explicitly specify a context class loader. For example: Thread.setContextClassLoader(getClass().getClassLoader());
07-28 18:10:42.366  1847  2130 I chatty  : uid=1000(system) ActivityManager expire 13 lines
07-28 18:10:55.052 23499 23499 W ActivityThread: ClassLoader.loadClass: The class loader returned by Thread.getContextClassLoader() may fail for processes that host multiple applications. You should explicitly specify a context class loader. For example: Thread.setContextClassLoader(getClass().getClassLoader());
07-28 18:13:05.679 24132 24132 D ActivityThread: Loading provider com.whatsapp.provider.contact: com.whatsapp.contact.ContactProvider
07-28 18:13:06.541  1847  4159 I chatty  : uid=1000(system) Binder_3 expire 2 lines
07-28 18:13:09.050 24268 24268 W ActivityThread: ClassLoader.loadClass: The class loader returned by Thread.getContextClassLoader() may fail for processes that host multiple applications. You should explicitly specify a context class loader. For example: Thread.setContextClassLoader(getClass().getClassLoader());
07-28 18:13:09.167 24247 24262 W ActivityThread: ClassLoader.loadClass: The class loader returned by Thread.getContextClassLoader() may fail for processes that host multiple applications. You should explicitly specify a context class loader. For example: Thread.setContextClassLoader(getClass().getClassLoader());
07-28 18:14:42.588  1847  5224 I chatty  : uid=1000(system) Binder_7 expire 8 lines
07-28 18:16:17.885  1847  2200 I chatty  : uid=1000(system) PackageManager expire 10 lines
07-28 18:16:34.146 26174 26174 D ActivityThread: Loading provider com.whatsapp.provider.contact: com.whatsapp.contact.ContactProvider
07-28 18:16:35.028  1847  5296 I chatty  : uid=1000(system) Binder_9 expire 2 lines
07-28 18:16:35.136  1847  1871 I chatty  : uid=1000(system) Binder_1 expire 1 line
07-28 18:16:36.761  1847  4628 I chatty  : uid=1000(system) Binder_4 expire 1 line
07-28 18:16:37.059 26297 26336 D ActivityThread: Loading provider com.google.android.gmail.provider;com.android.mail.notifier;com.google.android.gm.email.provider;com.google.android.gm.tasks.provider;com.google.android.gm.email.notifier: com.android.email.provider.EmailProvider
07-28 18:16:37.492 26340 26340 W ActivityThread: ClassLoader.loadClass: The class loader returned by Thread.getContextClassLoader() may fail for processes that host multiple applications. You should explicitly specify a context class loader. For example: Thread.setContextClassLoader(getClass().getClassLoader());
07-28 18:16:37.618 26358 26358 W ActivityThread: ClassLoader.loadClass: The class loader returned by Thread.getContextClassLoader() may fail for processes that host multiple applications. You should explicitly specify a context class loader. For example: Thread.setContextClassLoader(getClass().getClassLoader());
07-28 18:16:37.793 26259 26273 W ActivityThread: ClassLoader.loadClass: The class loader returned by Thread.getContextClassLoader() may fail for processes that host multiple applications. You should explicitly specify a context class loader. For example: Thread.setContextClassLoader(getClass().getClassLoader());
07-28 18:16:37.892  1847  5307 I chatty  : uid=1000(system) Binder_B expire 1 line
07-28 18:16:40.193  1847  2130 I chatty  : uid=1000(system) ActivityManager expire 11 lines
07-28 18:16:41.804  1847  2200 I chatty  : uid=1000(system) PackageManager expire 12 lines
07-28 18:16:41.835  1847  1847 I chatty  : uid=1000 system_server expire 4 lines
07-28 18:16:42.449  1847  2129 I chatty  : uid=1000(system) android.bg expire 3 lines
07-28 18:16:42.554 26694 26694 I chatty  : uid=1000(system) org.cyanogenmod.providers.datausage expire 3 lines
07-28 18:16:42.603  1847  5224 I chatty  : uid=1000(system) Binder_7 expire 9 lines
07-28 18:16:42.691  1847  5521 I chatty  : uid=1000(system) Binder_10 expire 8 lines
07-28 18:16:42.764  1847  5235 I chatty  : uid=1000(system) Binder_8 expire 14 lines
07-28 18:16:43.060 26711 26711 I chatty  : uid=1000(system) com.android.keychain expire 1 line
07-28 18:16:44.048  1847  5307 I chatty  : uid=1000(system) Binder_B expire 10 lines
07-28 18:16:45.211  5225 26832 E ActivityThread: Failed to find provider info for com.modoohut.provider.geocoder
07-28 18:16:45.727  1847  5519 I chatty  : uid=1000(system) Binder_F expire 11 lines
07-28 18:16:46.451  1847  5223 I chatty  : uid=1000(system) Binder_6 expire 9 lines
07-28 18:16:48.066  1847  4540 I chatty  : uid=1000(system) WifiService expire 1 line
07-28 18:16:48.487  1847  4244 I chatty  : uid=1000(system) InputReader expire 3 lines
07-28 18:16:48.710 26944 26944 E AndroidRuntime: FATAL EXCEPTION: main
07-28 18:16:48.710 26944 26944 E AndroidRuntime: Process: dev.ukanth.iconmanager, PID: 26944
07-28 18:16:48.710 26944 26944 E AndroidRuntime: Theme: themes:{default=overlay:system, fontPkg:system, com.android.systemui=overlay:net.darkion.theme.maker.DarkOnyx, com.android.systemui.navbar=overlay:net.darkion.theme.maker.SimpleDark}
07-28 18:16:48.710 26944 26944 E AndroidRuntime: java.lang.RuntimeException: Unable to start receiver dev.ukanth.iconmgr.UninstallReceiver: java.lang.NullPointerException: Attempt to invoke interface method 'java.util.Iterator java.util.List.iterator()' on a null object reference
07-28 18:16:48.710 26944 26944 E AndroidRuntime: 	at android.app.ActivityThread.handleReceiver(ActivityThread.java:2766)
07-28 18:16:48.710 26944 26944 E AndroidRuntime: 	at de.robv.android.xposed.XposedBridge.invokeOriginalMethodNative(Native Method)
07-28 18:16:48.710 26944 26944 E AndroidRuntime: 	at de.robv.android.xposed.XposedBridge.handleHookedMethod(XposedBridge.java:334)
07-28 18:16:48.710 26944 26944 E AndroidRuntime: 	at android.app.ActivityThread.handleReceiver(<Xposed>)
07-28 18:16:48.710 26944 26944 E AndroidRuntime: 	at android.app.ActivityThread.-wrap14(ActivityThread.java)
07-28 18:16:48.710 26944 26944 E AndroidRuntime: 	at android.app.ActivityThread$H.handleMessage(ActivityThread.java:1440)
07-28 18:16:48.710 26944 26944 E AndroidRuntime: 	at android.os.Handler.dispatchMessage(Handler.java:102)
07-28 18:16:48.710 26944 26944 E AndroidRuntime: 	at android.os.Looper.loop(Looper.java:148)
07-28 18:16:48.710 26944 26944 E AndroidRuntime: 	at android.app.ActivityThread.main(ActivityThread.java:5461)
07-28 18:16:48.710 26944 26944 E AndroidRuntime: 	at java.lang.reflect.Method.invoke(Native Method)
07-28 18:16:48.710 26944 26944 E AndroidRuntime: 	at com.android.internal.os.ZygoteInit$MethodAndArgsCaller.run(ZygoteInit.java:726)
07-28 18:16:48.710 26944 26944 E AndroidRuntime: 	at com.android.internal.os.ZygoteInit.main(ZygoteInit.java:616)
07-28 18:16:48.710 26944 26944 E AndroidRuntime: 	at de.robv.android.xposed.XposedBridge.main(XposedBridge.java:102)
07-28 18:16:48.710 26944 26944 E AndroidRuntime: Caused by: java.lang.NullPointerException: Attempt to invoke interface method 'java.util.Iterator java.util.List.iterator()' on a null object reference
07-28 18:16:48.710 26944 26944 E AndroidRuntime: 	at dev.ukanth.iconmgr.UninstallReceiver.onReceive(UninstallReceiver.java:15)
07-28 18:16:48.710 26944 26944 E AndroidRuntime: 	at android.app.ActivityThread.handleReceiver(ActivityThread.java:2759)
07-28 18:16:48.710 26944 26944 E AndroidRuntime: 	... 12 more
07-28 18:16:48.755  1847  4629 I chatty  : uid=1000(system) Binder_5 expire 7 lines
07-28 18:16:48.892  1847  2171 I chatty  : uid=1000(system) android.display expire 4 lines
07-28 18:16:49.200  1847  2186 I chatty  : uid=1000(system) PowerManagerSer expire 9 lines
07-28 18:16:49.319  1847  5300 I chatty  : uid=1000(system) Binder_A expire 6 lines
07-28 18:16:49.324  1847  5502 I chatty  : uid=1000(system) Binder_E expire 10 lines
07-28 18:16:49.370  1847  1874 I chatty  : uid=1000(system) Binder_2 expire 11 lines
07-28 18:16:50.795  5225 26832 E ActivityThread: Failed to find provider info for com.modoohut.provider.geocoder
07-28 18:16:51.116  1847  2131 I chatty  : uid=1000(system) android.ui expire 2 lines
07-28 18:16:52.980 27161 27174 W ActivityThread: ClassLoader.loadClass: The class loader returned by Thread.getContextClassLoader() may fail for processes that host multiple applications. You should explicitly specify a context class loader. For example: Thread.setContextClassLoader(getClass().getClassLoader());
07-28 18:16:53.235  5225 26832 E ActivityThread: Failed to find provider info for com.modoohut.provider.geocoder
07-28 18:16:54.307  1847  5331 I chatty  : uid=1000(system) Binder_C expire 10 lines
07-28 18:16:54.724  1847  5484 I chatty  : uid=1000(system) Binder_D expire 10 lines
07-28 18:16:54.865  1847  4159 I chatty  : uid=1000(system) Binder_3 expire 12 lines
07-28 18:16:56.610  1847  5296 I chatty  : uid=1000(system) Binder_9 expire 8 lines
07-28 18:16:56.666  1847  1871 I chatty  : uid=1000(system) Binder_1 expire 7 lines
07-28 18:16:57.008  1847  4628 I chatty  : uid=1000(system) Binder_4 expire 10 lines
07-28 18:17:17.955 27928 27928 I chatty  : uid=1000(system) org.cyanogenmod.providers.datausage expire 3 lines
07-28 18:17:18.423 27943 27943 I chatty  : uid=1000(system) com.android.keychain expire 1 line
07-28 18:17:20.713  5225 26832 E ActivityThread: Failed to find provider info for com.modoohut.provider.geocoder
07-28 18:17:22.355 28140 28140 E AndroidRuntime: FATAL EXCEPTION: main
07-28 18:17:22.355 28140 28140 E AndroidRuntime: Process: dev.ukanth.iconmanager, PID: 28140
07-28 18:17:22.355 28140 28140 E AndroidRuntime: Theme: themes:{default=overlay:system, fontPkg:system, com.android.systemui=overlay:net.darkion.theme.maker.DarkOnyx, com.android.systemui.navbar=overlay:net.darkion.theme.maker.SimpleDark}
07-28 18:17:22.355 28140 28140 E AndroidRuntime: java.lang.RuntimeException: Unable to start receiver dev.ukanth.iconmgr.UninstallReceiver: java.lang.NullPointerException: Attempt to invoke interface method 'java.util.Iterator java.util.List.iterator()' on a null object reference
07-28 18:17:22.355 28140 28140 E AndroidRuntime: 	at android.app.ActivityThread.handleReceiver(ActivityThread.java:2766)
07-28 18:17:22.355 28140 28140 E AndroidRuntime: 	at de.robv.android.xposed.XposedBridge.invokeOriginalMethodNative(Native Method)
07-28 18:17:22.355 28140 28140 E AndroidRuntime: 	at de.robv.android.xposed.XposedBridge.handleHookedMethod(XposedBridge.java:334)
07-28 18:17:22.355 28140 28140 E AndroidRuntime: 	at android.app.ActivityThread.handleReceiver(<Xposed>)
07-28 18:17:22.355 28140 28140 E AndroidRuntime: 	at android.app.ActivityThread.-wrap14(ActivityThread.java)
07-28 18:17:22.355 28140 28140 E AndroidRuntime: 	at android.app.ActivityThread$H.handleMessage(ActivityThread.java:1440)
07-28 18:17:22.355 28140 28140 E AndroidRuntime: 	at android.os.Handler.dispatchMessage(Handler.java:102)
07-28 18:17:22.355 28140 28140 E AndroidRuntime: 	at android.os.Looper.loop(Looper.java:148)
07-28 18:17:22.355 28140 28140 E AndroidRuntime: 	at android.app.ActivityThread.main(ActivityThread.java:5461)
07-28 18:17:22.355 28140 28140 E AndroidRuntime: 	at java.lang.reflect.Method.invoke(Native Method)
07-28 18:17:22.355 28140 28140 E AndroidRuntime: 	at com.android.internal.os.ZygoteInit$MethodAndArgsCaller.run(ZygoteInit.java:726)
07-28 18:17:22.355 28140 28140 E AndroidRuntime: 	at com.android.internal.os.ZygoteInit.main(ZygoteInit.java:616)
07-28 18:17:22.355 28140 28140 E AndroidRuntime: 	at de.robv.android.xposed.XposedBridge.main(XposedBridge.java:102)
07-28 18:17:22.355 28140 28140 E AndroidRuntime: Caused by: java.lang.NullPointerException: Attempt to invoke interface method 'java.util.Iterator java.util.List.iterator()' on a null object reference
07-28 18:17:22.355 28140 28140 E AndroidRuntime: 	at dev.ukanth.iconmgr.UninstallReceiver.onReceive(UninstallReceiver.java:15)
07-28 18:17:22.355 28140 28140 E AndroidRuntime: 	at android.app.ActivityThread.handleReceiver(ActivityThread.java:2759)
07-28 18:17:22.355 28140 28140 E AndroidRuntime: 	... 12 more
07-28 18:17:24.297  5225 26832 E ActivityThread: Failed to find provider info for com.modoohut.provider.geocoder
07-28 18:17:25.814 28301 28328 W ActivityThread: ClassLoader.loadClass: The class loader returned by Thread.getContextClassLoader() may fail for processes that host multiple applications. You should explicitly specify a context class loader. For example: Thread.setContextClassLoader(getClass().getClassLoader());
07-28 18:17:26.125  5225 26832 E ActivityThread: Failed to find provider info for com.modoohut.provider.geocoder
07-28 18:17:27.359  1847  5331 I chatty  : uid=1000(system) Binder_C expire 7 lines
07-28 18:17:34.264  1847  2200 I chatty  : uid=1000(system) PackageManager expire 6 lines
07-28 18:17:41.292 28701 28701 W ActivityThread: ClassLoader.loadClass: The class loader returned by Thread.getContextClassLoader() may fail for processes that host multiple applications. You should explicitly specify a context class loader. For example: Thread.setContextClassLoader(getClass().getClassLoader());
07-28 18:17:41.313  1847  4159 I chatty  : uid=1000(system) Binder_3 expire 8 lines
07-28 18:17:48.706  1847  1874 I chatty  : uid=1000(system) Binder_2 expire 7 lines
07-28 18:17:49.266  1847  5519 I chatty  : uid=1000(system) Binder_F expire 4 lines
07-28 18:17:50.136 28879 28879 I chatty  : uid=1000(system) org.cyanogenmod.providers.datausage expire 3 lines
07-28 18:17:50.168  1847  4628 I chatty  : uid=1000(system) Binder_4 expire 2 lines
07-28 18:17:51.307 28902 28902 W ActivityThread: ClassLoader.loadClass: The class loader returned by Thread.getContextClassLoader() may fail for processes that host multiple applications. You should explicitly specify a context class loader. For example: Thread.setContextClassLoader(getClass().getClassLoader());
07-28 18:17:51.535 28923 28991 D ActivityThread: Loading provider com.google.android.gmail.provider;com.android.mail.notifier;com.google.android.gm.email.provider;com.google.android.gm.tasks.provider;com.google.android.gm.email.notifier: com.android.email.provider.EmailProvider
07-28 18:17:51.890 28960 28960 I chatty  : uid=1000(system) com.android.keychain expire 1 line
07-28 18:17:52.294 29001 29001 W ActivityThread: ClassLoader.loadClass: The class loader returned by Thread.getContextClassLoader() may fail for processes that host multiple applications. You should explicitly specify a context class loader. For example: Thread.setContextClassLoader(getClass().getClassLoader());
07-28 18:17:53.068  1847  5307 I chatty  : uid=1000(system) Binder_B expire 5 lines
07-28 18:17:54.333  1847  5502 I chatty  : uid=1000(system) Binder_E expire 3 lines
07-28 18:17:54.362  5225 26832 E ActivityThread: Failed to find provider info for com.modoohut.provider.geocoder
07-28 18:17:56.317  1847  5235 I chatty  : uid=1000(system) Binder_8 expire 10 lines
07-28 18:17:58.365  5225 26832 E ActivityThread: Failed to find provider info for com.modoohut.provider.geocoder
07-28 18:17:59.959 29317 29331 W ActivityThread: ClassLoader.loadClass: The class loader returned by Thread.getContextClassLoader() may fail for processes that host multiple applications. You should explicitly specify a context class loader. For example: Thread.setContextClassLoader(getClass().getClassLoader());
07-28 18:18:00.215  5225 26832 E ActivityThread: Failed to find provider info for com.modoohut.provider.geocoder
07-28 18:18:01.340  1847  5331 I chatty  : uid=1000(system) Binder_C expire 10 lines
07-28 18:18:01.372  1847  5502 I chatty  : uid=1000(system) Binder_E expire 10 lines
07-28 18:18:01.742  1847  5519 I chatty  : uid=1000(system) Binder_F expire 12 lines
07-28 18:18:01.766  1847  5521 I chatty  : uid=1000(system) Binder_10 expire 7 lines
07-28 18:18:01.876  1847  1871 I chatty  : uid=1000(system) Binder_1 expire 10 lines
07-28 18:18:02.589  1847  5223 I chatty  : uid=1000(system) Binder_6 expire 10 lines
07-28 18:18:02.624  1847  5307 I chatty  : uid=1000(system) Binder_B expire 12 lines
07-28 18:18:04.400  1847  1874 I chatty  : uid=1000(system) Binder_2 expire 9 lines
07-28 18:18:04.678  1847  5296 I chatty  : uid=1000(system) Binder_9 expire 7 lines
07-28 18:18:04.927 29506 29526 D ActivityThread: Loading provider com.google.android.gmail.provider;com.android.mail.notifier;com.google.android.gm.email.provider;com.google.android.gm.tasks.provider;com.google.android.gm.email.notifier: com.android.email.provider.EmailProvider
07-28 18:18:05.665  1847  5224 I chatty  : uid=1000(system) Binder_7 expire 9 lines
07-28 18:18:11.114  1847  2200 I chatty  : uid=1000(system) PackageManager expire 13 lines
07-28 18:18:15.597  1847  4159 I chatty  : uid=1000(system) Binder_3 expire 11 lines
07-28 18:18:28.526  1847  2130 I chatty  : uid=1000(system) ActivityManager expire 16 lines
07-28 18:18:30.204  1847  1847 I chatty  : uid=1000 system_server expire 2 lines
07-28 18:18:30.836 30145 30145 I chatty  : uid=1000(system) org.cyanogenmod.providers.datausage expire 3 lines
07-28 18:18:30.955  1847  2129 I chatty  : uid=1000(system) android.bg expire 2 lines
07-28 18:18:31.045  1847  5484 I chatty  : uid=1000(system) Binder_D expire 10 lines
07-28 18:18:31.311 30162 30162 I chatty  : uid=1000(system) com.android.keychain expire 1 line
07-28 18:18:32.987  1847  5300 I chatty  : uid=1000(system) Binder_A expire 11 lines
07-28 18:18:33.476  1847  2186 I chatty  : uid=1000(system) PowerManagerSer expire 5 lines
07-28 18:18:33.688  5225 30322 E ActivityThread: Failed to find provider info for com.modoohut.provider.geocoder
07-28 18:18:33.845  1847  2171 I chatty  : uid=1000(system) android.display expire 2 lines
07-28 18:18:35.636  1847  4628 I chatty  : uid=1000(system) Binder_4 expire 11 lines
07-28 18:18:36.079  1847  4244 I chatty  : uid=1000(system) InputReader expire 1 line
07-28 18:18:37.120  1847  2131 I chatty  : uid=1000(system) android.ui expire 1 line
07-28 18:18:37.197  7109  7109 W ViewRootImpl: Dropping event due to no window focus: MotionEvent { action=ACTION_MOVE, actionButton=0, id[0]=0, x[0]=788.27014, y[0]=1131.4106, toolType[0]=TOOL_TYPE_FINGER, buttonState=0, metaState=0, flags=0x0, edgeFlags=0x0, pointerCount=1, historySize=1, eventTime=248755524, downTime=248755429, deviceId=7, source=0x1002 }
07-28 18:18:37.200  7109  7109 W ViewRootImpl: Cancelling event due to no window focus: MotionEvent { action=ACTION_CANCEL, actionButton=0, id[0]=0, x[0]=788.27014, y[0]=1131.4106, toolType[0]=TOOL_TYPE_FINGER, buttonState=0, metaState=0, flags=0x0, edgeFlags=0x0, pointerCount=1, historySize=0, eventTime=248755535, downTime=248755429, deviceId=7, source=0x1002 }
07-28 18:18:37.200  7109  7109 W ViewRootImpl: Cancelling event due to no window focus: MotionEvent { action=ACTION_CANCEL, actionButton=0, id[0]=0, x[0]=788.27014, y[0]=1131.4106, toolType[0]=TOOL_TYPE_FINGER, buttonState=0, metaState=0, flags=0x0, edgeFlags=0x0, pointerCount=1, historySize=0, eventTime=248755535, downTime=248755429, deviceId=7, source=0x1002 }
07-28 18:18:37.200  7109  7109 W ViewRootImpl: Cancelling event due to no window focus: MotionEvent { action=ACTION_CANCEL, actionButton=0, id[0]=0, x[0]=788.27014, y[0]=1131.4106, toolType[0]=TOOL_TYPE_FINGER, buttonState=0, metaState=0, flags=0x0, edgeFlags=0x0, pointerCount=1, historySize=0, eventTime=248755535, downTime=248755429, deviceId=7, source=0x1002 }
07-28 18:18:37.994  5225 30322 E ActivityThread: Failed to find provider info for com.modoohut.provider.geocoder
07-28 18:18:38.109  1847  5223 I chatty  : uid=1000(system) Binder_6 expire 11 lines
07-28 18:18:39.893 30574 30589 W ActivityThread: ClassLoader.loadClass: The class loader returned by Thread.getContextClassLoader() may fail for processes that host multiple applications. You should explicitly specify a context class loader. For example: Thread.setContextClassLoader(getClass().getClassLoader());
07-28 18:18:40.152  5225 30322 E ActivityThread: Failed to find provider info for com.modoohut.provider.geocoder
07-28 18:18:43.357 30742 30742 W ActivityThread: ClassLoader.loadClass: The class loader returned by Thread.getContextClassLoader() may fail for processes that host multiple applications. You should explicitly specify a context class loader. For example: Thread.setContextClassLoader(getClass().getClassLoader());
07-28 18:18:44.067  1847  4629 I chatty  : uid=1000(system) Binder_5 expire 7 lines
07-28 18:18:44.913 30790 30790 W ActivityThread: ClassLoader.loadClass: The class loader returned by Thread.getContextClassLoader() may fail for processes that host multiple applications. You should explicitly specify a context class loader. For example: Thread.setContextClassLoader(getClass().getClassLoader());
07-28 18:18:45.212 30809 30809 W ActivityThread: ClassLoader.loadClass: The class loader returned by Thread.getContextClassLoader() may fail for processes that host multiple applications. You should explicitly specify a context class loader. For example: Thread.setContextClassLoader(getClass().getClassLoader());
07-28 18:18:52.482 31043 31043 W ActivityThread: ClassLoader.loadClass: The class loader returned by Thread.getContextClassLoader() may fail for processes that host multiple applications. You should explicitly specify a context class loader. For example: Thread.setContextClassLoader(getClass().getClassLoader());
07-28 18:18:53.597  1847  2200 I chatty  : uid=1000(system) PackageManager expire 14 lines
