07-28 13:18:06.193   287  1306 E NetlinkEvent: NetlinkEvent::FindParam(): Parameter 'UID' not found
07-28 13:18:06.241 32235 32235 W ActivityThread: ClassLoader.loadClass: The class loader returned by Thread.getContextClassLoader() may fail for processes that host multiple applications. You should explicitly specify a context class loader. For example: Thread.setContextClassLoader(getClass().getClassLoader());
07-28 13:18:06.284  1847  5307 I chatty  : uid=1000(system) Binder_B expire 3 lines
07-28 13:18:10.372 32272 32308 D ActivityThread: Loading provider com.google.android.gmail.provider;com.android.mail.notifier;com.google.android.gm.email.provider;com.google.android.gm.tasks.provider;com.google.android.gm.email.notifier: com.android.email.provider.EmailProvider
07-28 13:18:10.747 32312 32312 W ActivityThread: ClassLoader.loadClass: The class loader returned by Thread.getContextClassLoader() may fail for processes that host multiple applications. You should explicitly specify a context class loader. For example: Thread.setContextClassLoader(getClass().getClassLoader());
07-28 13:19:10.158  5485  5485 D MccTable: updateMccMncConfiguration mccmnc='40486' fromServiceState=true
07-28 13:19:10.158  5485  5485 D MccTable: updateMccMncConfiguration defaultMccMnc=40486
07-28 13:19:10.158  5485  5485 D MccTable: updateMccMncConfiguration: mcc=404, mnc=86
07-28 13:19:10.158  5485  5485 D MccTable: WIFI_COUNTRY_CODE set to in
07-28 13:19:10.191  1847  4541 I chatty  : uid=1000(system) ConnectivitySer expire 12 lines
07-28 13:22:11.369   287  1306 E NetlinkEvent: NetlinkEvent::FindParam(): Parameter 'TIME_NS' not found
07-28 13:22:11.369   287  1306 E NetlinkEvent: NetlinkEvent::FindParam(): Parameter 'UID' not found
07-28 13:22:11.473  1847  4541 I chatty  : uid=1000(system) ConnectivitySer expire 10 lines
07-28 13:22:11.629  1847  4628 I chatty  : uid=1000(system) Binder_4 expire 3 lines
07-28 13:22:13.675  5485  5485 D MccTable: updateMccMncConfiguration mccmnc='null' fromServiceState=true
07-28 13:22:13.675  5485  5485 D MccTable: WIFI_COUNTRY_CODE set to 
07-28 13:22:21.773   287  1306 E NetlinkEvent: NetlinkEvent::FindParam(): Parameter 'TIME_NS' not found
07-28 13:22:21.773   287  1306 E NetlinkEvent: NetlinkEvent::FindParam(): Parameter 'UID' not found
07-28 13:22:26.786   287  1306 E NetlinkEvent: NetlinkEvent::FindParam(): Parameter 'TIME_NS' not found
07-28 13:22:26.786   287  1306 E NetlinkEvent: NetlinkEvent::FindParam(): Parameter 'UID' not found
07-28 13:22:57.648  1847  2129 I chatty  : uid=1000(system) android.bg expire 1 line
07-28 13:23:09.807  5485  5485 D MccTable: updateMccMncConfiguration mccmnc='40486' fromServiceState=true
07-28 13:23:09.808  5485  5485 D MccTable: updateMccMncConfiguration defaultMccMnc=40486
07-28 13:23:09.808  5485  5485 D MccTable: updateMccMncConfiguration: mcc=404, mnc=86
07-28 13:23:09.808  5485  5485 D MccTable: WIFI_COUNTRY_CODE set to in
07-28 13:23:10.107  1847  1874 I chatty  : uid=1000(system) Binder_2 expire 2 lines
07-28 13:23:10.712   287  1306 E NetlinkEvent: NetlinkEvent::FindParam(): Parameter 'TIME_NS' not found
07-28 13:23:10.712   287  1306 E NetlinkEvent: NetlinkEvent::FindParam(): Parameter 'UID' not found
07-28 13:23:10.783   287  1306 E NetlinkEvent: NetlinkEvent::FindParam(): Parameter 'TIME_NS' not found
07-28 13:23:10.783   287  1306 E NetlinkEvent: NetlinkEvent::FindParam(): Parameter 'UID' not found
07-28 13:23:11.007  1847  4541 I chatty  : uid=1000(system) ConnectivitySer expire 25 lines
07-28 13:24:02.727   287  1306 E NetlinkEvent: NetlinkEvent::FindParam(): Parameter 'TIME_NS' not found
07-28 13:24:02.727   287  1306 E NetlinkEvent: NetlinkEvent::FindParam(): Parameter 'UID' not found
07-28 13:24:23.021  1847  4541 I chatty  : uid=1000(system) ConnectivitySer expire 8 lines
07-28 13:26:59.260  1847  2130 I chatty  : uid=1000(system) ActivityManager expire 4 lines
07-28 13:27:44.768  5485  5485 D MccTable: updateMccMncConfiguration mccmnc='null' fromServiceState=true
07-28 13:27:44.768  5485  5485 D MccTable: WIFI_COUNTRY_CODE set to 
07-28 13:27:44.790  1847  4541 I chatty  : uid=1000(system) ConnectivitySer expire 10 lines
07-28 13:27:44.906  1847  5331 I chatty  : uid=1000(system) Binder_C expire 9 lines
07-28 13:27:44.915  1847  4159 I chatty  : uid=1000(system) Binder_3 expire 5 lines
07-28 13:27:44.922  1847  4629 I chatty  : uid=1000(system) Binder_5 expire 8 lines
07-28 13:27:44.966  1847  5519 I chatty  : uid=1000(system) Binder_F expire 10 lines
07-28 13:27:44.967  1847  1874 I chatty  : uid=1000(system) Binder_2 expire 10 lines
07-28 13:27:45.000  1847  5300 I chatty  : uid=1000(system) Binder_A expire 6 lines
07-28 13:27:45.044  1847  5484 I chatty  : uid=1000(system) Binder_D expire 8 lines
07-28 13:27:59.397  5485  5485 D MccTable: updateMccMncConfiguration mccmnc='40486' fromServiceState=true
07-28 13:27:59.398  5485  5485 D MccTable: updateMccMncConfiguration defaultMccMnc=40486
07-28 13:27:59.398  5485  5485 D MccTable: updateMccMncConfiguration: mcc=404, mnc=86
07-28 13:27:59.398  5485  5485 D MccTable: WIFI_COUNTRY_CODE set to in
07-28 13:27:59.398  1847  5223 I chatty  : uid=1000(system) Binder_6 expire 9 lines
07-28 13:27:59.433  1847  4541 I chatty  : uid=1000(system) ConnectivitySer expire 41 lines
07-28 13:27:59.572  1847  5224 I chatty  : uid=1000(system) Binder_7 expire 7 lines
07-28 13:27:59.615  1847  5235 I chatty  : uid=1000(system) Binder_8 expire 8 lines
07-28 13:27:59.677  1847  2129 I chatty  : uid=1000(system) android.bg expire 1 line
07-28 13:27:59.765  1847  5502 I chatty  : uid=1000(system) Binder_E expire 4 lines
07-28 13:28:00.436  1847  4540 I chatty  : uid=1000(system) WifiService expire 2 lines
07-28 13:28:00.609  1847  5307 I chatty  : uid=1000(system) Binder_B expire 4 lines
07-28 13:28:00.648  1847  1871 I chatty  : uid=1000(system) Binder_1 expire 5 lines
07-28 13:28:00.984  1847  5521 I chatty  : uid=1000(system) Binder_10 expire 4 lines
07-28 13:28:05.610  1847  4539 I chatty  : uid=1000(system) WifiStateMachin expire 2 lines
07-28 13:28:05.636   287  1306 E NetlinkEvent: NetlinkEvent::FindParam(): Parameter 'TIME_NS' not found
07-28 13:28:05.636   287  1306 E NetlinkEvent: NetlinkEvent::FindParam(): Parameter 'UID' not found
07-28 13:28:06.677  1847  5296 I chatty  : uid=1000(system) Binder_9 expire 3 lines
07-28 13:28:06.681  1847  4628 I chatty  : uid=1000(system) Binder_4 expire 4 lines
07-28 13:28:07.757  1847  4537 I chatty  : uid=1000(system) NetworkPolicy expire 3 lines
07-28 13:30:42.485   287  1306 E NetlinkEvent: NetlinkEvent::FindParam(): Parameter 'TIME_NS' not found
07-28 13:30:42.485   287  1306 E NetlinkEvent: NetlinkEvent::FindParam(): Parameter 'UID' not found
07-28 13:32:34.910  1847  4244 I chatty  : uid=1000(system) InputReader expire 4 lines
07-28 13:32:34.935  1847  2186 I chatty  : uid=1000(system) PowerManagerSer expire 6 lines
07-28 13:32:34.952  1847  2171 I chatty  : uid=1000(system) android.display expire 4 lines
07-28 13:32:37.995  1847  4541 I chatty  : uid=1000(system) ConnectivitySer expire 18 lines
07-28 13:33:09.457  6419  6458 W ActivityThread: ClassLoader.loadClass: The class loader returned by Thread.getContextClassLoader() may fail for processes that host multiple applications. You should explicitly specify a context class loader. For example: Thread.setContextClassLoader(getClass().getClassLoader());
07-28 13:33:10.113  6419  6477 E ActivityThread: Failed to find provider info for com.facebook.katana.provider.AttributionIdProvider
07-28 13:34:18.805   287  1306 E NetlinkEvent: NetlinkEvent::FindParam(): Parameter 'TIME_NS' not found
07-28 13:34:18.805   287  1306 E NetlinkEvent: NetlinkEvent::FindParam(): Parameter 'UID' not found
07-28 13:34:21.834  1847  4541 I chatty  : uid=1000(system) ConnectivitySer expire 27 lines
07-28 13:34:36.900   287  1306 E NetlinkEvent: NetlinkEvent::FindParam(): Parameter 'TIME_NS' not found
07-28 13:34:36.900   287  1306 E NetlinkEvent: NetlinkEvent::FindParam(): Parameter 'UID' not found
07-28 13:34:45.216  1847  4541 I chatty  : uid=1000(system) ConnectivitySer expire 33 lines
07-28 13:34:45.240   287  1306 E NetlinkEvent: NetlinkEvent::FindParam(): Parameter 'TIME_NS' not found
07-28 13:34:45.240   287  1306 E NetlinkEvent: NetlinkEvent::FindParam(): Parameter 'UID' not found
07-28 13:34:51.191  1847  2186 I chatty  : uid=1000(system) PowerManagerSer expire 11 lines
07-28 13:35:03.300  1847  2130 I chatty  : uid=1000(system) ActivityManager expire 4 lines
07-28 13:35:06.874   287  1306 E NetlinkEvent: NetlinkEvent::FindParam(): Parameter 'TIME_NS' not found
07-28 13:35:06.874   287  1306 E NetlinkEvent: NetlinkEvent::FindParam(): Parameter 'UID' not found
07-28 13:35:16.136  1847  4541 I chatty  : uid=1000(system) ConnectivitySer expire 40 lines
07-28 13:35:16.256   287  1306 E NetlinkEvent: NetlinkEvent::FindParam(): Parameter 'TIME_NS' not found
07-28 13:35:16.256   287  1306 E NetlinkEvent: NetlinkEvent::FindParam(): Parameter 'UID' not found
07-28 13:35:26.288   287  1306 E NetlinkEvent: NetlinkEvent::FindParam(): Parameter 'TIME_NS' not found
07-28 13:35:26.288   287  1306 E NetlinkEvent: NetlinkEvent::FindParam(): Parameter 'UID' not found
07-28 13:35:31.299   287  1306 E NetlinkEvent: NetlinkEvent::FindParam(): Parameter 'TIME_NS' not found
07-28 13:35:31.299   287  1306 E NetlinkEvent: NetlinkEvent::FindParam(): Parameter 'UID' not found
07-28 13:36:14.582   287  1306 E NetlinkEvent: NetlinkEvent::FindParam(): Parameter 'TIME_NS' not found
07-28 13:36:14.582   287  1306 E NetlinkEvent: NetlinkEvent::FindParam(): Parameter 'UID' not found
07-28 13:37:07.362  1847  4244 I chatty  : uid=1000(system) InputReader expire 3 lines
07-28 13:37:07.409  1847  2171 I chatty  : uid=1000(system) android.display expire 4 lines
07-28 13:37:16.035   287  1306 E NetlinkEvent: NetlinkEvent::FindParam(): Parameter 'TIME_NS' not found
07-28 13:37:16.035   287  1306 E NetlinkEvent: NetlinkEvent::FindParam(): Parameter 'UID' not found
07-28 13:37:16.504  1847  5502 I chatty  : uid=1000(system) Binder_E expire 2 lines
07-28 13:37:16.520  1847  5223 I chatty  : uid=1000(system) Binder_6 expire 7 lines
07-28 13:37:17.093  1847  4629 I chatty  : uid=1000(system) Binder_5 expire 7 lines
07-28 13:37:17.186  1847  1871 I chatty  : uid=1000(system) Binder_1 expire 6 lines
07-28 13:37:17.337  1847  5331 I chatty  : uid=1000(system) Binder_C expire 7 lines
07-28 13:37:17.339  1847  5300 I chatty  : uid=1000(system) Binder_A expire 5 lines
07-28 13:37:17.514  1847  5484 I chatty  : uid=1000(system) Binder_D expire 5 lines
07-28 13:37:17.519  1847  1874 I chatty  : uid=1000(system) Binder_2 expire 4 lines
07-28 13:37:17.526  1847  4628 I chatty  : uid=1000(system) Binder_4 expire 6 lines
07-28 13:37:18.499  1847  4537 I chatty  : uid=1000(system) NetworkPolicy expire 5 lines
07-28 13:39:51.569 10586 10586 W ActivityThread: ClassLoader.loadClass: The class loader returned by Thread.getContextClassLoader() may fail for processes that host multiple applications. You should explicitly specify a context class loader. For example: Thread.setContextClassLoader(getClass().getClassLoader());
07-28 13:39:53.051  1847  5235 I chatty  : uid=1000(system) Binder_8 expire 7 lines
07-28 13:39:53.624 10662 10662 W ActivityThread: ClassLoader.loadClass: The class loader returned by Thread.getContextClassLoader() may fail for processes that host multiple applications. You should explicitly specify a context class loader. For example: Thread.setContextClassLoader(getClass().getClassLoader());
07-28 13:39:56.197   287  1306 E NetlinkEvent: NetlinkEvent::FindParam(): Parameter 'TIME_NS' not found
07-28 13:39:56.197   287  1306 E NetlinkEvent: NetlinkEvent::FindParam(): Parameter 'UID' not found
07-28 13:39:59.642  1847  4539 I chatty  : uid=1000(system) WifiStateMachin expire 2 lines
07-28 13:39:59.643  1847  4541 I chatty  : uid=1000(system) ConnectivitySer expire 117 lines
07-28 13:39:59.663   287  1306 E NetlinkEvent: NetlinkEvent::FindParam(): Parameter 'TIME_NS' not found
07-28 13:39:59.663   287  1306 E NetlinkEvent: NetlinkEvent::FindParam(): Parameter 'UID' not found
07-28 13:40:00.790  1847  5521 I chatty  : uid=1000(system) Binder_10 expire 2 lines
07-28 13:40:00.805  1847  5519 I chatty  : uid=1000(system) Binder_F expire 3 lines
07-28 13:40:11.330  1847  4159 I chatty  : uid=1000(system) Binder_3 expire 3 lines
07-28 13:40:11.700  1847  5224 I chatty  : uid=1000(system) Binder_7 expire 1 line
07-28 13:40:15.198  1847  5296 I chatty  : uid=1000(system) Binder_9 expire 4 lines
07-28 13:41:00.788  1847  4541 I chatty  : uid=1000(system) ConnectivitySer expire 42 lines
07-28 13:41:01.750  1847  5502 I chatty  : uid=1000(system) Binder_E expire 10 lines
07-28 13:45:01.370  1847  1871 I chatty  : uid=1000(system) Binder_1 expire 5 lines
07-28 13:45:02.413   287  1306 E NetlinkEvent: NetlinkEvent::FindParam(): Parameter 'TIME_NS' not found
07-28 13:45:02.413   287  1306 E NetlinkEvent: NetlinkEvent::FindParam(): Parameter 'UID' not found
07-28 13:45:09.801  1847  4244 I chatty  : uid=1000(system) InputReader expire 10 lines
07-28 13:45:09.872  1847  2186 I chatty  : uid=1000(system) PowerManagerSer expire 10 lines
07-28 13:45:09.877  1847  2171 I chatty  : uid=1000(system) android.display expire 11 lines
07-28 13:45:10.664  1847  4629 I chatty  : uid=1000(system) Binder_5 expire 3 lines
07-28 13:45:10.941 13075 13075 I chatty  : uid=1000(system) de.spiritcroc.syncsettings expire 6 lines
07-28 13:45:11.266  1847  4539 I chatty  : uid=1000(system) WifiStateMachin expire 2 lines
07-28 13:45:11.294   287  1306 E NetlinkEvent: NetlinkEvent::FindParam(): Parameter 'TIME_NS' not found
07-28 13:45:11.294   287  1306 E NetlinkEvent: NetlinkEvent::FindParam(): Parameter 'UID' not found
07-28 13:45:11.421  1847  2130 I chatty  : uid=1000(system) ActivityManager expire 10 lines
07-28 13:45:12.317  1847  5300 I chatty  : uid=1000(system) Binder_A expire 4 lines
07-28 13:45:12.935  1847  4628 I chatty  : uid=1000(system) Binder_4 expire 4 lines
07-28 13:45:12.937  1847  5484 I chatty  : uid=1000(system) Binder_D expire 6 lines
07-28 13:45:13.149  1847  5223 I chatty  : uid=1000(system) Binder_6 expire 6 lines
07-28 13:45:13.160  1847  5331 I chatty  : uid=1000(system) Binder_C expire 5 lines
07-28 13:45:13.188  1847  5224 I chatty  : uid=1000(system) Binder_7 expire 3 lines
07-28 13:45:13.199  1847  4159 I chatty  : uid=1000(system) Binder_3 expire 2 lines
07-28 13:45:41.624  1847  5235 I chatty  : uid=1000(system) Binder_8 expire 3 lines
07-28 13:45:41.642  1847  5521 I chatty  : uid=1000(system) Binder_10 expire 5 lines
07-28 13:46:27.137  1847  5307 I chatty  : uid=1000(system) Binder_B expire 5 lines
07-28 13:46:30.818   287  1306 E NetlinkEvent: NetlinkEvent::FindParam(): Parameter 'TIME_NS' not found
07-28 13:46:30.818   287  1306 E NetlinkEvent: NetlinkEvent::FindParam(): Parameter 'UID' not found
07-28 13:46:35.463  1847  4541 I chatty  : uid=1000(system) ConnectivitySer expire 34 lines
07-28 13:46:35.643   287  1306 E NetlinkEvent: NetlinkEvent::FindParam(): Parameter 'TIME_NS' not found
07-28 13:46:35.643   287  1306 E NetlinkEvent: NetlinkEvent::FindParam(): Parameter 'UID' not found
07-28 13:46:35.888  1847  5519 I chatty  : uid=1000(system) Binder_F expire 3 lines
07-28 13:46:38.516  1847  1874 I chatty  : uid=1000(system) Binder_2 expire 3 lines
07-28 13:46:40.069  1847  4537 I chatty  : uid=1000(system) NetworkPolicy expire 2 lines
07-28 13:47:04.729   287  1306 E NetlinkEvent: NetlinkEvent::FindParam(): Parameter 'TIME_NS' not found
07-28 13:47:04.729   287  1306 E NetlinkEvent: NetlinkEvent::FindParam(): Parameter 'UID' not found
07-28 13:47:17.102   287  1306 E NetlinkEvent: NetlinkEvent::FindParam(): Parameter 'TIME_NS' not found
07-28 13:47:17.102   287  1306 E NetlinkEvent: NetlinkEvent::FindParam(): Parameter 'UID' not found
07-28 13:47:24.371  1847  2186 I chatty  : uid=1000(system) PowerManagerSer expire 11 lines
07-28 13:47:26.402  1847  2131 I chatty  : uid=1000(system) android.ui expire 1 line
07-28 13:47:46.852   287  1306 E NetlinkEvent: NetlinkEvent::FindParam(): Parameter 'TIME_NS' not found
07-28 13:47:46.852   287  1306 E NetlinkEvent: NetlinkEvent::FindParam(): Parameter 'UID' not found
07-28 13:48:12.496  1847  4541 I chatty  : uid=1000(system) ConnectivitySer expire 38 lines
07-28 13:49:52.618   287  1306 E NetlinkEvent: NetlinkEvent::FindParam(): Parameter 'TIME_NS' not found
07-28 13:49:52.618   287  1306 E NetlinkEvent: NetlinkEvent::FindParam(): Parameter 'UID' not found
07-28 13:49:53.685  1847  5502 I chatty  : uid=1000(system) Binder_E expire 1 line
07-28 13:53:53.590   287  1306 E NetlinkEvent: NetlinkEvent::FindParam(): Parameter 'TIME_NS' not found
07-28 13:53:53.590   287  1306 E NetlinkEvent: NetlinkEvent::FindParam(): Parameter 'UID' not found
07-28 14:01:54.507  1847  4541 I chatty  : uid=1000(system) ConnectivitySer expire 3 lines
07-28 14:01:54.994 16500 16500 W ActivityThread: ClassLoader.loadClass: The class loader returned by Thread.getContextClassLoader() may fail for processes that host multiple applications. You should explicitly specify a context class loader. For example: Thread.setContextClassLoader(getClass().getClassLoader());
07-28 14:03:08.587  1847  4244 I chatty  : uid=1000(system) InputReader expire 1 line
07-28 14:03:08.642  1847  2186 I chatty  : uid=1000(system) PowerManagerSer expire 2 lines
07-28 14:03:08.648  1847  2171 I chatty  : uid=1000(system) android.display expire 16 lines
07-28 14:03:15.603  1847  4541 I chatty  : uid=1000(system) ConnectivitySer expire 17 lines
07-28 14:03:15.648  1847  5521 I chatty  : uid=1000(system) Binder_10 expire 4 lines
07-28 14:03:34.232  1847  4629 I chatty  : uid=1000(system) Binder_5 expire 13 lines
07-28 14:03:52.860  1847  1874 I chatty  : uid=1000(system) Binder_2 expire 10 lines
07-28 14:03:52.879  1847  5235 I chatty  : uid=1000(system) Binder_8 expire 8 lines
07-28 14:03:52.900  1847  5223 I chatty  : uid=1000(system) Binder_6 expire 8 lines
07-28 14:05:02.374  1847  4159 I chatty  : uid=1000(system) Binder_3 expire 11 lines
07-28 14:05:15.967  1847  5519 I chatty  : uid=1000(system) Binder_F expire 11 lines
07-28 14:05:41.630  1847  5300 I chatty  : uid=1000(system) Binder_A expire 7 lines
07-28 14:06:29.912  1847  2200 I chatty  : uid=1000(system) PackageManager expire 1 line
07-28 14:06:34.658  1847  5484 I chatty  : uid=1000(system) Binder_D expire 10 lines
07-28 14:06:34.755  1847  5502 I chatty  : uid=1000(system) Binder_E expire 8 lines
07-28 14:06:34.867  1847  1871 I chatty  : uid=1000(system) Binder_1 expire 10 lines
07-28 14:06:34.999  1847  4540 I chatty  : uid=1000(system) WifiService expire 3 lines
07-28 14:06:35.815  1847  2130 I chatty  : uid=1000(system) ActivityManager expire 11 lines
07-28 14:06:45.598  1847  5224 I chatty  : uid=1000(system) Binder_7 expire 8 lines
07-28 14:06:45.680  1847  4628 I chatty  : uid=1000(system) Binder_4 expire 6 lines
07-28 14:07:01.647  1847  2186 I chatty  : uid=1000(system) PowerManagerSer expire 10 lines
07-28 14:07:56.364  1847  4227 I chatty  : uid=1000(system) AlarmManager expire 1 line
07-28 14:08:16.418  1847  5331 I chatty  : uid=1000(system) Binder_C expire 5 lines
07-28 14:08:19.112  1847  4244 I chatty  : uid=1000(system) InputReader expire 10 lines
07-28 14:12:44.226  1847  5296 I chatty  : uid=1000(system) Binder_9 expire 4 lines
07-28 14:12:47.680 22793 22813 D ActivityThread: Loading provider com.google.android.gmail.provider;com.android.mail.notifier;com.google.android.gm.email.provider;com.google.android.gm.tasks.provider;com.google.android.gm.email.notifier: com.android.email.provider.EmailProvider
07-28 14:12:49.317 22858 22858 W ActivityThread: ClassLoader.loadClass: The class loader returned by Thread.getContextClassLoader() may fail for processes that host multiple applications. You should explicitly specify a context class loader. For example: Thread.setContextClassLoader(getClass().getClassLoader());
07-28 14:12:51.643 22958 22979 W ActivityThread: ClassLoader.loadClass: The class loader returned by Thread.getContextClassLoader() may fail for processes that host multiple applications. You should explicitly specify a context class loader. For example: Thread.setContextClassLoader(getClass().getClassLoader());
07-28 14:12:51.955 23021 23021 W ActivityThread: ClassLoader.loadClass: The class loader returned by Thread.getContextClassLoader() may fail for processes that host multiple applications. You should explicitly specify a context class loader. For example: Thread.setContextClassLoader(getClass().getClassLoader());
07-28 14:12:54.134  1847  4541 I chatty  : uid=1000(system) ConnectivitySer expire 19 lines
07-28 14:12:56.423  1847  5307 I chatty  : uid=1000(system) Binder_B expire 6 lines
07-28 14:14:47.667  1847  4243 I chatty  : uid=1000(system) InputDispatcher expire 1 line
07-28 14:15:03.122  1847  2186 I chatty  : uid=1000(system) PowerManagerSer expire 27 lines
07-28 14:22:39.530 27644 27644 D ActivityThread: Loading provider com.whatsapp.provider.contact: com.whatsapp.contact.ContactProvider
07-28 14:23:20.043  1847  4541 I chatty  : uid=1000(system) ConnectivitySer expire 3 lines
07-28 14:23:51.626  1847  2130 I chatty  : uid=1000(system) ActivityManager expire 2 lines
07-28 14:24:12.381  1847  2186 I chatty  : uid=1000(system) PowerManagerSer expire 4 lines
07-28 14:24:12.388  1847  2171 I chatty  : uid=1000(system) android.display expire 12 lines
07-28 14:29:38.702 28576 28576 W ActivityThread: ClassLoader.loadClass: The class loader returned by Thread.getContextClassLoader() may fail for processes that host multiple applications. You should explicitly specify a context class loader. For example: Thread.setContextClassLoader(getClass().getClassLoader());
07-28 14:30:06.130  1847  5502 I chatty  : uid=1000(system) Binder_E expire 10 lines
07-28 14:30:32.216 28682 28682 W ActivityThread: ClassLoader.loadClass: The class loader returned by Thread.getContextClassLoader() may fail for processes that host multiple applications. You should explicitly specify a context class loader. For example: Thread.setContextClassLoader(getClass().getClassLoader());
07-28 14:32:43.615  1847  5484 I chatty  : uid=1000(system) Binder_D expire 10 lines
07-28 14:40:59.760  1847  5223 I chatty  : uid=1000(system) Binder_6 expire 8 lines
07-28 14:41:00.707  1847  2130 I chatty  : uid=1000(system) ActivityManager expire 9 lines
07-28 14:43:11.146  1847  4629 I chatty  : uid=1000(system) Binder_5 expire 9 lines
07-28 14:43:11.168  1847  5224 I chatty  : uid=1000(system) Binder_7 expire 11 lines
07-28 14:47:34.370  1847  4244 I chatty  : uid=1000(system) InputReader expire 10 lines
07-28 14:47:34.385  1847  2186 I chatty  : uid=1000(system) PowerManagerSer expire 23 lines
07-28 14:47:34.487  1847  4541 I chatty  : uid=1000(system) ConnectivitySer expire 32 lines
07-28 14:47:34.619  1847  4628 I chatty  : uid=1000(system) Binder_4 expire 9 lines
07-28 14:47:36.750  1847  1874 I chatty  : uid=1000(system) Binder_2 expire 10 lines
07-28 14:47:36.803  1847  4159 I chatty  : uid=1000(system) Binder_3 expire 7 lines
07-28 14:47:39.223  1847  5235 I chatty  : uid=1000(system) Binder_8 expire 4 lines
07-28 14:47:52.373  1847  5300 I chatty  : uid=1000(system) Binder_A expire 3 lines
07-28 14:47:55.532  1847  5521 I chatty  : uid=1000(system) Binder_10 expire 5 lines
07-28 14:47:55.606  1847  5519 I chatty  : uid=1000(system) Binder_F expire 9 lines
07-28 14:47:59.983  1847  5296 I chatty  : uid=1000(system) Binder_9 expire 2 lines
07-28 14:48:00.509  1847  5331 I chatty  : uid=1000(system) Binder_C expire 4 lines
07-28 14:48:01.850  1847  1871 I chatty  : uid=1000(system) Binder_1 expire 4 lines
07-28 14:49:20.741  1847  5307 I chatty  : uid=1000(system) Binder_B expire 2 lines
07-28 14:53:39.137   287  1306 E NetlinkEvent: NetlinkEvent::FindParam(): Parameter 'TIME_NS' not found
07-28 14:53:39.137   287  1306 E NetlinkEvent: NetlinkEvent::FindParam(): Parameter 'UID' not found
07-28 14:53:42.248  1847  4541 I chatty  : uid=1000(system) ConnectivitySer expire 28 lines
07-28 14:53:45.931  1847  4537 I chatty  : uid=1000(system) NetworkPolicy expire 2 lines
07-28 14:53:52.779  1847  4540 I chatty  : uid=1000(system) WifiService expire 1 line
07-28 14:54:13.392  1847  2186 I chatty  : uid=1000(system) PowerManagerSer expire 2 lines
07-28 14:54:13.399  1847  2171 I chatty  : uid=1000(system) android.display expire 1 line
07-28 14:54:13.759   287  1306 E NetlinkEvent: NetlinkEvent::FindParam(): Parameter 'TIME_NS' not found
07-28 14:54:13.759   287  1306 E NetlinkEvent: NetlinkEvent::FindParam(): Parameter 'UID' not found
07-28 14:54:17.683  1847  2129 I chatty  : uid=1000(system) android.bg expire 1 line
07-28 14:54:20.829  5485  5485 D MccTable: updateMccMncConfiguration mccmnc='null' fromServiceState=true
07-28 14:54:20.829  5485  5485 D MccTable: WIFI_COUNTRY_CODE set to 
07-28 14:54:20.847  1847  4541 I chatty  : uid=1000(system) ConnectivitySer expire 10 lines
07-28 14:54:33.431  5485  5485 D MccTable: updateMccMncConfiguration mccmnc='40486' fromServiceState=true
07-28 14:54:33.433  5485  5485 D MccTable: updateMccMncConfiguration defaultMccMnc=40486
07-28 14:54:33.433  5485  5485 D MccTable: updateMccMncConfiguration: mcc=404, mnc=86
07-28 14:54:33.433  5485  5485 D MccTable: WIFI_COUNTRY_CODE set to in
07-28 14:54:33.666  1847  4541 I chatty  : uid=1000(system) ConnectivitySer expire 18 lines
07-28 14:54:39.908  5485  5485 D MccTable: updateMccMncConfiguration mccmnc='null' fromServiceState=true
07-28 14:54:39.908  5485  5485 D MccTable: WIFI_COUNTRY_CODE set to 
07-28 14:54:39.909  1847  5484 I chatty  : uid=1000(system) Binder_D expire 5 lines
07-28 14:54:40.106  1847  5331 I chatty  : uid=1000(system) Binder_C expire 10 lines
07-28 14:54:40.131  1847  1874 I chatty  : uid=1000(system) Binder_2 expire 9 lines
07-28 14:54:40.188  1847  5502 I chatty  : uid=1000(system) Binder_E expire 12 lines
07-28 14:54:40.216  1847  4628 I chatty  : uid=1000(system) Binder_4 expire 6 lines
07-28 14:54:40.692  1847  5300 I chatty  : uid=1000(system) Binder_A expire 10 lines
07-28 14:54:40.720  1847  5235 I chatty  : uid=1000(system) Binder_8 expire 7 lines
07-28 14:54:40.736  1847  5307 I chatty  : uid=1000(system) Binder_B expire 6 lines
07-28 14:54:48.593  1847  4243 I chatty  : uid=1000(system) InputDispatcher expire 1 line
07-28 14:54:48.735  1847  2130 I chatty  : uid=1000(system) ActivityManager expire 4 lines
07-28 14:54:48.796  1847  5521 I chatty  : uid=1000(system) Binder_10 expire 8 lines
07-28 14:54:50.718  1847  1871 I chatty  : uid=1000(system) Binder_1 expire 7 lines
07-28 14:55:01.016  1847  4541 I chatty  : uid=1000(system) ConnectivitySer expire 13 lines
07-28 14:55:17.113  1847  4244 I chatty  : uid=1000(system) InputReader expire 6 lines
07-28 14:55:17.544  1847  2171 I chatty  : uid=1000(system) android.display expire 8 lines
07-28 14:55:17.844  1847  2186 I chatty  : uid=1000(system) PowerManagerSer expire 13 lines
07-28 14:56:13.839  5485  5485 D MccTable: updateMccMncConfiguration mccmnc='40486' fromServiceState=true
07-28 14:56:13.847  5485  5485 D MccTable: updateMccMncConfiguration defaultMccMnc=40486
07-28 14:56:13.847  5485  5485 D MccTable: updateMccMncConfiguration: mcc=404, mnc=86
07-28 14:56:13.847  5485  5485 D MccTable: WIFI_COUNTRY_CODE set to in
07-28 14:56:13.847  1847  5296 I chatty  : uid=1000(system) Binder_9 expire 5 lines
07-28 14:56:13.968  1847  5224 I chatty  : uid=1000(system) Binder_7 expire 7 lines
07-28 14:56:14.133  1847  5519 I chatty  : uid=1000(system) Binder_F expire 8 lines
07-28 14:56:14.328  1847  5223 I chatty  : uid=1000(system) Binder_6 expire 2 lines
07-28 14:56:58.163   287  1306 E NetlinkEvent: NetlinkEvent::FindParam(): Parameter 'TIME_NS' not found
07-28 14:56:58.163   287  1306 E NetlinkEvent: NetlinkEvent::FindParam(): Parameter 'UID' not found
07-28 14:57:03.836  1847  4541 I chatty  : uid=1000(system) ConnectivitySer expire 17 lines
07-28 14:57:06.858   287  1306 E NetlinkEvent: NetlinkEvent::FindParam(): Parameter 'TIME_NS' not found
07-28 14:57:06.859   287  1306 E NetlinkEvent: NetlinkEvent::FindParam(): Parameter 'UID' not found
07-28 15:02:33.349  1847  4227 I chatty  : uid=1000(system) AlarmManager expire 1 line
07-28 15:04:38.872  1847  4629 I chatty  : uid=1000(system) Binder_5 expire 8 lines
07-28 15:05:10.538  1847  4159 I chatty  : uid=1000(system) Binder_3 expire 5 lines
07-28 15:05:11.103  1847  4540 I chatty  : uid=1000(system) WifiService expire 1 line
07-28 15:06:03.166  1847  4539 I chatty  : uid=1000(system) WifiStateMachin expire 1 line
07-28 15:06:03.191   287  1306 E NetlinkEvent: NetlinkEvent::FindParam(): Parameter 'TIME_NS' not found
07-28 15:06:03.191   287  1306 E NetlinkEvent: NetlinkEvent::FindParam(): Parameter 'UID' not found
07-28 15:06:03.197  1847  4541 I chatty  : uid=1000(system) ConnectivitySer expire 35 lines
07-28 15:06:05.772  1847  4537 I chatty  : uid=1000(system) NetworkPolicy expire 1 line
07-28 15:08:11.655   287  1306 E NetlinkEvent: NetlinkEvent::FindParam(): Parameter 'TIME_NS' not found
07-28 15:08:11.656   287  1306 E NetlinkEvent: NetlinkEvent::FindParam(): Parameter 'UID' not found
07-28 15:08:14.555  1847  4541 I chatty  : uid=1000(system) ConnectivitySer expire 33 lines
07-28 15:17:04.614  6685  6685 W ActivityThread: ClassLoader.loadClass: The class loader returned by Thread.getContextClassLoader() may fail for processes that host multiple applications. You should explicitly specify a context class loader. For example: Thread.setContextClassLoader(getClass().getClassLoader());
07-28 15:17:06.733  6752  6752 W ActivityThread: ClassLoader.loadClass: The class loader returned by Thread.getContextClassLoader() may fail for processes that host multiple applications. You should explicitly specify a context class loader. For example: Thread.setContextClassLoader(getClass().getClassLoader());
07-28 15:17:07.184  6795  6795 W ActivityThread: ClassLoader.loadClass: The class loader returned by Thread.getContextClassLoader() may fail for processes that host multiple applications. You should explicitly specify a context class loader. For example: Thread.setContextClassLoader(getClass().getClassLoader());
07-28 15:18:00.018  1847  1847 I chatty  : uid=1000 system_server expire 1 line
07-28 15:18:57.048  1847  2186 I chatty  : uid=1000(system) PowerManagerSer expire 5 lines
07-28 15:22:32.942  1847  2200 I chatty  : uid=1000(system) PackageManager expire 10 lines
07-28 15:22:36.772  1847  5331 I chatty  : uid=1000(system) Binder_C expire 12 lines
07-28 15:22:37.930  1847  1871 I chatty  : uid=1000(system) Binder_1 expire 9 lines
07-28 15:22:37.971  1847  4540 I chatty  : uid=1000(system) WifiService expire 2 lines
07-28 15:22:37.986  1847  5484 I chatty  : uid=1000(system) Binder_D expire 12 lines
07-28 15:22:38.189  1847  5307 I chatty  : uid=1000(system) Binder_B expire 6 lines
07-28 15:22:38.219  1847  4629 I chatty  : uid=1000(system) Binder_5 expire 9 lines
07-28 15:22:39.962  1847  5300 I chatty  : uid=1000(system) Binder_A expire 11 lines
07-28 15:22:40.160  1847  5519 I chatty  : uid=1000(system) Binder_F expire 10 lines
07-28 15:22:56.638  1847  2130 I chatty  : uid=1000(system) ActivityManager expire 6 lines
07-28 15:22:57.471  1847  1847 I chatty  : uid=1000 system_server expire 2 lines
07-28 15:22:57.914 10091 10091 I chatty  : uid=1000(system) org.cyanogenmod.providers.datausage expire 4 lines
07-28 15:22:57.958  1847  5502 I chatty  : uid=1000(system) Binder_E expire 12 lines
07-28 15:22:58.284  1847  2129 I chatty  : uid=1000(system) android.bg expire 1 line
07-28 15:22:58.672 10109 10109 W ActivityThread: ClassLoader.loadClass: The class loader returned by Thread.getContextClassLoader() may fail for processes that host multiple applications. You should explicitly specify a context class loader. For example: Thread.setContextClassLoader(getClass().getClassLoader());
07-28 15:22:58.722  1847  1874 I chatty  : uid=1000(system) Binder_2 expire 7 lines
07-28 15:22:59.317 10128 10157 D ActivityThread: Loading provider com.google.android.gmail.provider;com.android.mail.notifier;com.google.android.gm.email.provider;com.google.android.gm.tasks.provider;com.google.android.gm.email.notifier: com.android.email.provider.EmailProvider
07-28 15:22:59.346 10140 10140 I chatty  : uid=1000(system) com.android.keychain expire 1 line
07-28 15:22:59.443  1847  4628 I chatty  : uid=1000(system) Binder_4 expire 13 lines
07-28 15:22:59.871 10163 10163 W ActivityThread: ClassLoader.loadClass: The class loader returned by Thread.getContextClassLoader() may fail for processes that host multiple applications. You should explicitly specify a context class loader. For example: Thread.setContextClassLoader(getClass().getClassLoader());
07-28 15:22:59.914  1847  5521 I chatty  : uid=1000(system) Binder_10 expire 8 lines
07-28 15:23:02.120  1847  5224 I chatty  : uid=1000(system) Binder_7 expire 6 lines
07-28 15:23:02.122  5225 10334 E ActivityThread: Failed to find provider info for com.modoohut.provider.geocoder
07-28 15:23:04.862  1847  4159 I chatty  : uid=1000(system) Binder_3 expire 9 lines
07-28 15:23:05.311 10417 10417 E AndroidRuntime: FATAL EXCEPTION: main
07-28 15:23:05.311 10417 10417 E AndroidRuntime: Process: dev.ukanth.iconmanager, PID: 10417
07-28 15:23:05.311 10417 10417 E AndroidRuntime: Theme: themes:{default=overlay:system, fontPkg:system, com.android.systemui=overlay:net.darkion.theme.maker.DarkOnyx, com.android.systemui.navbar=overlay:net.darkion.theme.maker.SimpleDark}
07-28 15:23:05.311 10417 10417 E AndroidRuntime: java.lang.RuntimeException: Unable to start receiver dev.ukanth.iconmgr.UninstallReceiver: java.lang.NullPointerException: Attempt to invoke interface method 'java.util.Iterator java.util.List.iterator()' on a null object reference
07-28 15:23:05.311 10417 10417 E AndroidRuntime: 	at android.app.ActivityThread.handleReceiver(ActivityThread.java:2766)
07-28 15:23:05.311 10417 10417 E AndroidRuntime: 	at de.robv.android.xposed.XposedBridge.invokeOriginalMethodNative(Native Method)
07-28 15:23:05.311 10417 10417 E AndroidRuntime: 	at de.robv.android.xposed.XposedBridge.handleHookedMethod(XposedBridge.java:334)
07-28 15:23:05.311 10417 10417 E AndroidRuntime: 	at android.app.ActivityThread.handleReceiver(<Xposed>)
07-28 15:23:05.311 10417 10417 E AndroidRuntime: 	at android.app.ActivityThread.-wrap14(ActivityThread.java)
07-28 15:23:05.311 10417 10417 E AndroidRuntime: 	at android.app.ActivityThread$H.handleMessage(ActivityThread.java:1440)
07-28 15:23:05.311 10417 10417 E AndroidRuntime: 	at android.os.Handler.dispatchMessage(Handler.java:102)
07-28 15:23:05.311 10417 10417 E AndroidRuntime: 	at android.os.Looper.loop(Looper.java:148)
07-28 15:23:05.311 10417 10417 E AndroidRuntime: 	at android.app.ActivityThread.main(ActivityThread.java:5461)
07-28 15:23:05.311 10417 10417 E AndroidRuntime: 	at java.lang.reflect.Method.invoke(Native Method)
07-28 15:23:05.311 10417 10417 E AndroidRuntime: 	at com.android.internal.os.ZygoteInit$MethodAndArgsCaller.run(ZygoteInit.java:726)
07-28 15:23:05.311 10417 10417 E AndroidRuntime: 	at com.android.internal.os.ZygoteInit.main(ZygoteInit.java:616)
07-28 15:23:05.311 10417 10417 E AndroidRuntime: 	at de.robv.android.xposed.XposedBridge.main(XposedBridge.java:102)
07-28 15:23:05.311 10417 10417 E AndroidRuntime: Caused by: java.lang.NullPointerException: Attempt to invoke interface method 'java.util.Iterator java.util.List.iterator()' on a null object reference
07-28 15:23:05.311 10417 10417 E AndroidRuntime: 	at dev.ukanth.iconmgr.UninstallReceiver.onReceive(UninstallReceiver.java:15)
07-28 15:23:05.311 10417 10417 E AndroidRuntime: 	at android.app.ActivityThread.handleReceiver(ActivityThread.java:2759)
07-28 15:23:05.311 10417 10417 E AndroidRuntime: 	... 12 more
07-28 15:23:05.415  1847  5296 I chatty  : uid=1000(system) Binder_9 expire 10 lines
07-28 15:23:05.849  1847  5223 I chatty  : uid=1000(system) Binder_6 expire 3 lines
07-28 15:23:06.599  1847  5235 I chatty  : uid=1000(system) Binder_8 expire 7 lines
07-28 15:23:06.618  1847  2171 I chatty  : uid=1000(system) android.display expire 7 lines
07-28 15:23:07.063  5225 10334 E ActivityThread: Failed to find provider info for com.modoohut.provider.geocoder
07-28 15:23:08.434  5225 10334 E ActivityThread: Failed to find provider info for com.modoohut.provider.geocoder
07-28 15:23:12.985  1847  4243 I chatty  : uid=1000(system) InputDispatcher expire 5 lines
07-28 15:23:13.459 10806 10822 D ActivityThread: Loading provider com.google.android.gmail.provider;com.android.mail.notifier;com.google.android.gm.email.provider;com.google.android.gm.tasks.provider;com.google.android.gm.email.notifier: com.android.email.provider.EmailProvider
07-28 15:23:19.077  1847  4541 I chatty  : uid=1000(system) ConnectivitySer expire 22 lines
07-28 15:25:37.075  1847  2186 I chatty  : uid=1000(system) PowerManagerSer expire 16 lines
07-28 15:26:36.642  1847  4244 I chatty  : uid=1000(system) InputReader expire 3 lines
07-28 15:27:27.151  1847  2185 I chatty  : uid=1000(system) CpuTracker expire 1 line
07-28 15:28:01.862  2866  2866 W ViewRootImpl: Cancelling event due to no window focus: MotionEvent { action=ACTION_CANCEL, actionButton=0, id[0]=1, x[0]=94.91212, y[0]=1577.1785, toolType[0]=TOOL_TYPE_FINGER, buttonState=0, metaState=0, flags=0x0, edgeFlags=0x0, pointerCount=1, historySize=0, eventTime=244882470, downTime=244863538, deviceId=7, source=0x1002 }
07-28 15:28:01.862  2866  2866 W ViewRootImpl: Cancelling event due to no window focus: MotionEvent { action=ACTION_CANCEL, actionButton=0, id[0]=1, x[0]=94.91212, y[0]=1577.1785, toolType[0]=TOOL_TYPE_FINGER, buttonState=0, metaState=0, flags=0x0, edgeFlags=0x0, pointerCount=1, historySize=0, eventTime=244882470, downTime=244863538, deviceId=7, source=0x1002 }
07-28 15:28:01.862  2866  2866 W ViewRootImpl: Cancelling event due to no window focus: MotionEvent { action=ACTION_CANCEL, actionButton=0, id[0]=1, x[0]=94.91212, y[0]=1577.1785, toolType[0]=TOOL_TYPE_FINGER, buttonState=0, metaState=0, flags=0x0, edgeFlags=0x0, pointerCount=1, historySize=0, eventTime=244882470, downTime=244863538, deviceId=7, source=0x1002 }
07-28 15:28:01.863  2866  2866 W ViewRootImpl: Cancelling event due to no window focus: MotionEvent { action=ACTION_CANCEL, actionButton=0, id[0]=1, x[0]=94.91212, y[0]=1577.1785, toolType[0]=TOOL_TYPE_FINGER, buttonState=0, metaState=0, flags=0x0, edgeFlags=0x0, pointerCount=1, historySize=0, eventTime=244882470, downTime=244863538, deviceId=7, source=0x1002 }
07-28 15:28:14.437  1847  4541 I chatty  : uid=1000(system) ConnectivitySer expire 14 lines
07-28 15:29:13.744  1847  4628 I chatty  : uid=1000(system) Binder_4 expire 5 lines
07-28 15:29:24.548  1847  5502 I chatty  : uid=1000(system) Binder_E expire 2 lines
07-28 15:29:35.360  1847  2200 I chatty  : uid=1000(system) PackageManager expire 8 lines
07-28 15:29:37.593 16730 16730 I chatty  : uid=1000(system) com.android.keychain expire 1 line
07-28 15:29:37.613  1847  5484 I chatty  : uid=1000(system) Binder_D expire 1 line
07-28 15:29:37.636  1847  5300 I chatty  : uid=1000(system) Binder_A expire 8 lines
07-28 15:29:40.075  5225 16880 E ActivityThread: Failed to find provider info for com.modoohut.provider.geocoder
07-28 15:29:40.991  1847  1874 I chatty  : uid=1000(system) Binder_2 expire 4 lines
07-28 15:29:41.391 10091 10091 I chatty  : uid=1000(system) org.cyanogenmod.providers.datausage expire 3 lines
07-28 15:29:41.445  1847  1847 I chatty  : uid=1000 system_server expire 25 lines
07-28 15:29:41.638  1847  1871 I chatty  : uid=1000(system) Binder_1 expire 14 lines
07-28 15:29:41.723  1847  5224 I chatty  : uid=1000(system) Binder_7 expire 6 lines
07-28 15:29:41.756  1847  4159 I chatty  : uid=1000(system) Binder_3 expire 6 lines
07-28 15:29:41.808  1847  5519 I chatty  : uid=1000(system) Binder_F expire 7 lines
07-28 15:29:41.888  1847  5235 I chatty  : uid=1000(system) Binder_8 expire 5 lines
07-28 15:29:42.022  1847  5521 I chatty  : uid=1000(system) Binder_10 expire 13 lines
07-28 15:29:42.108  1847  4629 I chatty  : uid=1000(system) Binder_5 expire 9 lines
07-28 15:29:42.229  1847  5502 I chatty  : uid=1000(system) Binder_E expire 9 lines
07-28 15:29:42.735  1847  4628 I chatty  : uid=1000(system) Binder_4 expire 4 lines
07-28 15:29:42.763  1847  5331 I chatty  : uid=1000(system) Binder_C expire 10 lines
07-28 15:29:42.788  1847  4541 I chatty  : uid=1000(system) ConnectivitySer expire 18 lines
07-28 15:29:52.559  1847  5223 I chatty  : uid=1000(system) Binder_6 expire 12 lines
07-28 15:29:53.547  1847  2130 I chatty  : uid=1000(system) ActivityManager expire 14 lines
07-28 15:29:53.882  1847  2200 I chatty  : uid=1000(system) PackageManager expire 3 lines
07-28 15:29:54.153 16730 16730 I chatty  : uid=1000(system) com.android.keychain expire 1 line
07-28 15:29:54.994  5225 16880 E ActivityThread: Failed to find provider info for com.modoohut.provider.geocoder
07-28 15:29:57.529  1847  5307 I chatty  : uid=1000(system) Binder_B expire 5 lines
07-28 15:30:40.620  1847  4244 I chatty  : uid=1000(system) InputReader expire 10 lines
07-28 15:30:41.039  1847  2171 I chatty  : uid=1000(system) android.display expire 11 lines
07-28 15:30:41.334  1847  2186 I chatty  : uid=1000(system) PowerManagerSer expire 24 lines
07-28 15:33:19.089  1847  5296 I chatty  : uid=1000(system) Binder_9 expire 12 lines
07-28 15:33:21.941  1847  5484 I chatty  : uid=1000(system) Binder_D expire 9 lines
07-28 15:33:30.054 18554 18554 W ActivityThread: ClassLoader.loadClass: The class loader returned by Thread.getContextClassLoader() may fail for processes that host multiple applications. You should explicitly specify a context class loader. For example: Thread.setContextClassLoader(getClass().getClassLoader());
07-28 15:33:37.003 18678 18678 W ActivityThread: ClassLoader.loadClass: The class loader returned by Thread.getContextClassLoader() may fail for processes that host multiple applications. You should explicitly specify a context class loader. For example: Thread.setContextClassLoader(getClass().getClassLoader());
07-28 15:33:47.591  1847  4541 I chatty  : uid=1000(system) ConnectivitySer expire 7 lines
07-28 15:39:06.711  1847  4540 I chatty  : uid=1000(system) WifiService expire 1 line
07-28 15:39:55.086  1847  4243 I chatty  : uid=1000(system) InputDispatcher expire 1 line
07-28 15:52:20.594 23049 23049 W ActivityThread: ClassLoader.loadClass: The class loader returned by Thread.getContextClassLoader() may fail for processes that host multiple applications. You should explicitly specify a context class loader. For example: Thread.setContextClassLoader(getClass().getClassLoader());
07-28 15:57:47.004  1847  5783 I chatty  : uid=1000(system) AsyncQueryWorke expire 2 lines
07-28 15:57:47.640  1847 23322 I chatty  : uid=1000 system_server expire 2 lines
07-28 15:57:47.675  1847  5223 I chatty  : uid=1000(system) Binder_6 expire 10 lines
07-28 15:57:47.694 23274 23303 W ActivityThread: ClassLoader.loadClass: The class loader returned by Thread.getContextClassLoader() may fail for processes that host multiple applications. You should explicitly specify a context class loader. For example: Thread.setContextClassLoader(getClass().getClassLoader());
07-28 15:57:47.829  1847  4159 I chatty  : uid=1000(system) Binder_3 expire 5 lines
07-28 15:57:48.150 23338 23338 W ActivityThread: ClassLoader.loadClass: The class loader returned by Thread.getContextClassLoader() may fail for processes that host multiple applications. You should explicitly specify a context class loader. For example: Thread.setContextClassLoader(getClass().getClassLoader());
07-28 15:57:48.190  1847  1847 I chatty  : uid=1000 system_server expire 11 lines
07-28 15:57:48.209  1847  4629 I chatty  : uid=1000(system) Binder_5 expire 7 lines
07-28 15:57:48.620  1847  5300 I chatty  : uid=1000(system) Binder_A expire 13 lines
07-28 15:57:49.132  1847  2130 I chatty  : uid=1000(system) ActivityManager expire 13 lines
07-28 15:57:49.640  1847  2171 I chatty  : uid=1000(system) android.display expire 11 lines
07-28 15:57:49.652  1847  2186 I chatty  : uid=1000(system) PowerManagerSer expire 19 lines
07-28 15:57:49.714  1847  4541 I chatty  : uid=1000(system) ConnectivitySer expire 11 lines
07-28 15:57:50.074  1847  5235 I chatty  : uid=1000(system) Binder_8 expire 11 lines
07-28 15:57:50.110  1847  5484 I chatty  : uid=1000(system) Binder_D expire 5 lines
07-28 15:57:50.802  1847 23322 I chatty  : uid=1000 system_server expire 6 lines
07-28 15:57:53.955  1847  1871 I chatty  : uid=1000(system) Binder_1 expire 5 lines
07-28 15:57:54.579  1847  5296 I chatty  : uid=1000(system) Binder_9 expire 5 lines
07-28 15:57:54.779  1847  5307 I chatty  : uid=1000(system) Binder_B expire 3 lines
07-28 15:57:54.924  1847  5519 I chatty  : uid=1000(system) Binder_F expire 7 lines
07-28 15:57:54.930  1847  1874 I chatty  : uid=1000(system) Binder_2 expire 5 lines
07-28 15:57:54.934  1847  5224 I chatty  : uid=1000(system) Binder_7 expire 23 lines
07-28 15:57:56.189  1847  5521 I chatty  : uid=1000(system) Binder_10 expire 17 lines
07-28 15:57:58.583  1847  4628 I chatty  : uid=1000(system) Binder_4 expire 4 lines
07-28 15:58:03.954  1847  5331 I chatty  : uid=1000(system) Binder_C expire 3 lines
07-28 15:58:17.464 23923 23923 E ActivityThread: Service com.android.services.callrecorder.CallRecorderService has leaked ServiceConnection android.media.MediaScannerConnection@84ff29f that was originally bound here
07-28 15:58:17.464 23923 23923 E ActivityThread: android.app.ServiceConnectionLeaked: Service com.android.services.callrecorder.CallRecorderService has leaked ServiceConnection android.media.MediaScannerConnection@84ff29f that was originally bound here
07-28 15:58:17.464 23923 23923 E ActivityThread: 	at android.app.LoadedApk$ServiceDispatcher.<init>(LoadedApk.java:1093)
07-28 15:58:17.464 23923 23923 E ActivityThread: 	at android.app.LoadedApk.getServiceDispatcher(LoadedApk.java:987)
07-28 15:58:17.464 23923 23923 E ActivityThread: 	at android.app.ContextImpl.bindServiceCommon(ContextImpl.java:1313)
07-28 15:58:17.464 23923 23923 E ActivityThread: 	at android.app.ContextImpl.bindService(ContextImpl.java:1296)
07-28 15:58:17.464 23923 23923 E ActivityThread: 	at android.content.ContextWrapper.bindService(ContextWrapper.java:610)
07-28 15:58:17.464 23923 23923 E ActivityThread: 	at android.media.MediaScannerConnection.connect(MediaScannerConnection.java:119)
07-28 15:58:17.464 23923 23923 E ActivityThread: 	at android.media.MediaScannerConnection.scanFile(MediaScannerConnection.java:238)
07-28 15:58:17.464 23923 23923 E ActivityThread: 	at com.android.services.callrecorder.CallRecorderService.stopRecordingInternal(CallRecorderService.java:208)
07-28 15:58:17.464 23923 23923 E ActivityThread: 	at com.android.services.callrecorder.CallRecorderService.-wrap3(CallRecorderService.java)
07-28 15:58:17.464 23923 23923 E ActivityThread: 	at com.android.services.callrecorder.CallRecorderService$1.stopRecording(CallRecorderService.java:64)
07-28 15:58:17.464 23923 23923 E ActivityThread: 	at com.android.services.callrecorder.common.ICallRecorderService$Stub.onTransact(ICallRecorderService.java:64)
07-28 15:58:17.464 23923 23923 E ActivityThread: 	at android.os.Binder.execTransact(Binder.java:453)
07-28 15:58:17.464 23923 23923 E ActivityThread: 	at de.robv.android.xposed.XposedBridge.invokeOriginalMethodNative(Native Method)
07-28 15:58:17.464 23923 23923 E ActivityThread: 	at de.robv.android.xposed.XposedBridge.handleHookedMethod(XposedBridge.java:334)
07-28 15:58:17.464 23923 23923 E ActivityThread: 	at android.os.Binder.execTransact(<Xposed>)
07-28 15:58:17.509  1847  2130 I chatty  : uid=1000(system) ActivityManager expire 5 lines
07-28 15:58:17.954 24256 24256 W ActivityThread: ClassLoader.loadClass: The class loader returned by Thread.getContextClassLoader() may fail for processes that host multiple applications. You should explicitly specify a context class loader. For example: Thread.setContextClassLoader(getClass().getClassLoader());
07-28 15:58:17.970  1847  5224 I chatty  : uid=1000(system) Binder_7 expire 6 lines
07-28 15:58:18.487  1847  4244 I chatty  : uid=1000(system) InputReader expire 4 lines
07-28 15:58:19.412  1847  5502 I chatty  : uid=1000(system) Binder_E expire 7 lines
07-28 16:00:50.781  1847  4540 I chatty  : uid=1000(system) WifiService expire 2 lines
07-28 16:01:02.628 24843 24843 W ActivityThread: ClassLoader.loadClass: The class loader returned by Thread.getContextClassLoader() may fail for processes that host multiple applications. You should explicitly specify a context class loader. For example: Thread.setContextClassLoader(getClass().getClassLoader());
07-28 16:01:02.958  1847  1847 I chatty  : uid=1000 system_server expire 1 line
07-28 16:01:02.992  1847  4541 I chatty  : uid=1000(system) ConnectivitySer expire 16 lines
07-28 16:01:03.386 24866 24866 D ActivityThread: Loading provider com.whatsapp.provider.contact: com.whatsapp.contact.ContactProvider
07-28 16:01:04.299  1847  5300 I chatty  : uid=1000(system) Binder_A expire 4 lines
07-28 16:01:05.486 24986 24986 W ActivityThread: ClassLoader.loadClass: The class loader returned by Thread.getContextClassLoader() may fail for processes that host multiple applications. You should explicitly specify a context class loader. For example: Thread.setContextClassLoader(getClass().getClassLoader());
07-28 16:01:08.780  1847  5223 I chatty  : uid=1000(system) Binder_6 expire 6 lines
07-28 16:01:09.533  1847  5521 I chatty  : uid=1000(system) Binder_10 expire 9 lines
07-28 16:01:09.665  1847  2131 I chatty  : uid=1000(system) android.ui expire 1 line
07-28 16:02:30.114  1847  2129 I chatty  : uid=1000(system) android.bg expire 2 lines
07-28 16:06:39.487  1847  1871 I chatty  : uid=1000(system) Binder_1 expire 10 lines
