07-28 16:06:39.489  1847  4541 I chatty  : uid=1000(system) ConnectivitySer expire 30 lines
07-28 16:06:39.525   287  1306 E NetlinkEvent: NetlinkEvent::FindParam(): Parameter 'TIME_NS' not found
07-28 16:06:39.525   287  1306 E NetlinkEvent: NetlinkEvent::FindParam(): Parameter 'UID' not found
07-28 16:06:40.067  1847  5296 I chatty  : uid=1000(system) Binder_9 expire 7 lines
07-28 16:06:40.095  1847  4629 I chatty  : uid=1000(system) Binder_5 expire 4 lines
07-28 16:06:40.176  1847  5502 I chatty  : uid=1000(system) Binder_E expire 5 lines
07-28 16:06:40.502  1847  5300 I chatty  : uid=1000(system) Binder_A expire 4 lines
07-28 16:06:40.537  1847  5235 I chatty  : uid=1000(system) Binder_8 expire 9 lines
07-28 16:06:40.560  1847  5519 I chatty  : uid=1000(system) Binder_F expire 7 lines
07-28 16:06:41.100  1847  4628 I chatty  : uid=1000(system) Binder_4 expire 10 lines
07-28 16:06:41.217  1847  5224 I chatty  : uid=1000(system) Binder_7 expire 6 lines
07-28 16:06:42.296  1847  5484 I chatty  : uid=1000(system) Binder_D expire 9 lines
07-28 16:06:42.407  1847  5521 I chatty  : uid=1000(system) Binder_10 expire 7 lines
07-28 16:06:43.584  1847  5307 I chatty  : uid=1000(system) Binder_B expire 10 lines
07-28 16:06:44.286  1847  5223 I chatty  : uid=1000(system) Binder_6 expire 6 lines
07-28 16:06:44.637  1847  4159 I chatty  : uid=1000(system) Binder_3 expire 10 lines
07-28 16:06:48.426  1847  4244 I chatty  : uid=1000(system) InputReader expire 5 lines
07-28 16:06:48.464  1847  2186 I chatty  : uid=1000(system) PowerManagerSer expire 12 lines
07-28 16:06:48.471  1847  2171 I chatty  : uid=1000(system) android.display expire 9 lines
07-28 16:06:57.343   287  1306 E NetlinkEvent: NetlinkEvent::FindParam(): Parameter 'TIME_NS' not found
07-28 16:06:57.343   287  1306 E NetlinkEvent: NetlinkEvent::FindParam(): Parameter 'UID' not found
07-28 16:06:59.206  1847  2130 I chatty  : uid=1000(system) ActivityManager expire 24 lines
07-28 16:06:59.598  1847  4541 I chatty  : uid=1000(system) ConnectivitySer expire 12 lines
07-28 16:07:08.706  1847  1874 I chatty  : uid=1000(system) Binder_2 expire 9 lines
07-28 16:11:00.861   287  1306 E NetlinkEvent: NetlinkEvent::FindParam(): Parameter 'TIME_NS' not found
07-28 16:11:00.861   287  1306 E NetlinkEvent: NetlinkEvent::FindParam(): Parameter 'UID' not found
07-28 16:11:03.553   287  1306 E NetlinkEvent: NetlinkEvent::FindParam(): Parameter 'TIME_NS' not found
07-28 16:11:03.553   287  1306 E NetlinkEvent: NetlinkEvent::FindParam(): Parameter 'UID' not found
07-28 16:11:06.467  1847  4540 I chatty  : uid=1000(system) WifiService expire 2 lines
07-28 16:11:17.579   287  1306 E NetlinkEvent: NetlinkEvent::FindParam(): Parameter 'TIME_NS' not found
07-28 16:11:17.579   287  1306 E NetlinkEvent: NetlinkEvent::FindParam(): Parameter 'UID' not found
07-28 16:11:19.803   287  1306 E NetlinkEvent: NetlinkEvent::FindParam(): Parameter 'TIME_NS' not found
07-28 16:11:19.803   287  1306 E NetlinkEvent: NetlinkEvent::FindParam(): Parameter 'UID' not found
07-28 16:11:37.382  1847  5331 I chatty  : uid=1000(system) Binder_C expire 4 lines
07-28 16:13:10.832   287  1306 E NetlinkEvent: NetlinkEvent::FindParam(): Parameter 'TIME_NS' not found
07-28 16:13:10.832   287  1306 E NetlinkEvent: NetlinkEvent::FindParam(): Parameter 'UID' not found
07-28 16:13:48.841   287  1306 E NetlinkEvent: NetlinkEvent::FindParam(): Parameter 'TIME_NS' not found
07-28 16:13:48.841   287  1306 E NetlinkEvent: NetlinkEvent::FindParam(): Parameter 'UID' not found
07-28 16:13:58.062  1847  1847 I chatty  : uid=1000 system_server expire 2 lines
07-28 16:14:05.338   287  1306 E NetlinkEvent: NetlinkEvent::FindParam(): Parameter 'TIME_NS' not found
07-28 16:14:05.338   287  1306 E NetlinkEvent: NetlinkEvent::FindParam(): Parameter 'UID' not found
07-28 16:14:07.965   287  1306 E NetlinkEvent: NetlinkEvent::FindParam(): Parameter 'TIME_NS' not found
07-28 16:14:07.965   287  1306 E NetlinkEvent: NetlinkEvent::FindParam(): Parameter 'UID' not found
07-28 16:14:08.222  1847  4541 I chatty  : uid=1000(system) ConnectivitySer expire 12 lines
07-28 16:16:44.273  1847  4628 I chatty  : uid=1000(system) Binder_4 expire 5 lines
07-28 16:17:56.248   287  1306 E NetlinkEvent: NetlinkEvent::FindParam(): Parameter 'TIME_NS' not found
07-28 16:17:56.248   287  1306 E NetlinkEvent: NetlinkEvent::FindParam(): Parameter 'UID' not found
07-28 16:18:19.879   287  1306 E NetlinkEvent: NetlinkEvent::FindParam(): Parameter 'TIME_NS' not found
07-28 16:18:19.879   287  1306 E NetlinkEvent: NetlinkEvent::FindParam(): Parameter 'UID' not found
07-28 16:18:30.647   287  1306 E NetlinkEvent: NetlinkEvent::FindParam(): Parameter 'TIME_NS' not found
07-28 16:18:30.647   287  1306 E NetlinkEvent: NetlinkEvent::FindParam(): Parameter 'UID' not found
07-28 16:18:34.716  1847  2130 I chatty  : uid=1000(system) ActivityManager expire 14 lines
07-28 16:18:37.574   287  1306 E NetlinkEvent: NetlinkEvent::FindParam(): Parameter 'TIME_NS' not found
07-28 16:18:37.574   287  1306 E NetlinkEvent: NetlinkEvent::FindParam(): Parameter 'UID' not found
07-28 16:21:49.362 32431 32431 W ActivityThread: ClassLoader.loadClass: The class loader returned by Thread.getContextClassLoader() may fail for processes that host multiple applications. You should explicitly specify a context class loader. For example: Thread.setContextClassLoader(getClass().getClassLoader());
07-28 16:22:02.411   287  1306 E NetlinkEvent: NetlinkEvent::FindParam(): Parameter 'TIME_NS' not found
07-28 16:22:02.412   287  1306 E NetlinkEvent: NetlinkEvent::FindParam(): Parameter 'UID' not found
07-28 16:22:16.050   287  1306 E NetlinkEvent: NetlinkEvent::FindParam(): Parameter 'TIME_NS' not found
07-28 16:22:16.050   287  1306 E NetlinkEvent: NetlinkEvent::FindParam(): Parameter 'UID' not found
07-28 16:22:26.312  1847  2186 I chatty  : uid=1000(system) PowerManagerSer expire 10 lines
07-28 16:22:26.738   287  1306 E NetlinkEvent: NetlinkEvent::FindParam(): Parameter 'TIME_NS' not found
07-28 16:22:26.738   287  1306 E NetlinkEvent: NetlinkEvent::FindParam(): Parameter 'UID' not found
07-28 16:22:38.644   287  1306 E NetlinkEvent: NetlinkEvent::FindParam(): Parameter 'TIME_NS' not found
07-28 16:22:38.644   287  1306 E NetlinkEvent: NetlinkEvent::FindParam(): Parameter 'UID' not found
07-28 16:26:08.265  1847  4244 I chatty  : uid=1000(system) InputReader expire 4 lines
07-28 16:26:08.766  1847  2171 I chatty  : uid=1000(system) android.display expire 7 lines
07-28 16:26:09.056  1847  2186 I chatty  : uid=1000(system) PowerManagerSer expire 15 lines
07-28 16:26:11.285   287  1306 E NetlinkEvent: NetlinkEvent::FindParam(): Parameter 'TIME_NS' not found
07-28 16:26:11.285   287  1306 E NetlinkEvent: NetlinkEvent::FindParam(): Parameter 'UID' not found
07-28 16:26:15.865   287  1306 E NetlinkEvent: NetlinkEvent::FindParam(): Parameter 'TIME_NS' not found
07-28 16:26:15.865   287  1306 E NetlinkEvent: NetlinkEvent::FindParam(): Parameter 'UID' not found
07-28 16:26:32.248   287  1306 E NetlinkEvent: NetlinkEvent::FindParam(): Parameter 'TIME_NS' not found
07-28 16:26:32.248   287  1306 E NetlinkEvent: NetlinkEvent::FindParam(): Parameter 'UID' not found
07-28 16:26:52.290  1847  2130 I chatty  : uid=1000(system) ActivityManager expire 10 lines
07-28 16:26:52.348  1847  5484 I chatty  : uid=1000(system) Binder_D expire 9 lines
07-28 16:26:56.719  1847  1871 I chatty  : uid=1000(system) Binder_1 expire 5 lines
07-28 16:26:56.733  1847  4628 I chatty  : uid=1000(system) Binder_4 expire 8 lines
07-28 16:26:56.835  1847  5235 I chatty  : uid=1000(system) Binder_8 expire 10 lines
07-28 16:26:56.857   287  1306 E NetlinkEvent: NetlinkEvent::FindParam(): Parameter 'TIME_NS' not found
07-28 16:26:56.857   287  1306 E NetlinkEvent: NetlinkEvent::FindParam(): Parameter 'UID' not found
07-28 16:26:57.612  1847  4541 I chatty  : uid=1000(system) ConnectivitySer expire 13 lines
07-28 16:26:57.740  1847  5296 I chatty  : uid=1000(system) Binder_9 expire 7 lines
07-28 16:27:08.033   287  1306 E NetlinkEvent: NetlinkEvent::FindParam(): Parameter 'TIME_NS' not found
07-28 16:27:08.033   287  1306 E NetlinkEvent: NetlinkEvent::FindParam(): Parameter 'UID' not found
07-28 16:27:27.738   287  1306 E NetlinkEvent: NetlinkEvent::FindParam(): Parameter 'TIME_NS' not found
07-28 16:27:27.738   287  1306 E NetlinkEvent: NetlinkEvent::FindParam(): Parameter 'UID' not found
07-28 16:28:42.109  1847  5224 I chatty  : uid=1000(system) Binder_7 expire 13 lines
07-28 16:28:42.781  1847  5331 I chatty  : uid=1000(system) Binder_C expire 11 lines
07-28 16:28:44.086  1847  5307 I chatty  : uid=1000(system) Binder_B expire 8 lines
07-28 16:28:46.050  1847  4243 I chatty  : uid=1000(system) InputDispatcher expire 1 line
07-28 16:28:46.180  1847  5300 I chatty  : uid=1000(system) Binder_A expire 4 lines
07-28 16:28:46.280  1847  5519 I chatty  : uid=1000(system) Binder_F expire 9 lines
07-28 16:28:49.482  1847  5502 I chatty  : uid=1000(system) Binder_E expire 11 lines
07-28 16:28:49.641  1847  1874 I chatty  : uid=1000(system) Binder_2 expire 7 lines
07-28 16:29:11.066   287  1306 E NetlinkEvent: NetlinkEvent::FindParam(): Parameter 'TIME_NS' not found
07-28 16:29:11.066   287  1306 E NetlinkEvent: NetlinkEvent::FindParam(): Parameter 'UID' not found
07-28 16:29:44.581   287  1306 E NetlinkEvent: NetlinkEvent::FindParam(): Parameter 'TIME_NS' not found
07-28 16:29:44.581   287  1306 E NetlinkEvent: NetlinkEvent::FindParam(): Parameter 'UID' not found
07-28 16:31:05.333   287  1306 E NetlinkEvent: NetlinkEvent::FindParam(): Parameter 'TIME_NS' not found
07-28 16:31:05.333   287  1306 E NetlinkEvent: NetlinkEvent::FindParam(): Parameter 'UID' not found
07-28 16:31:05.411   287  1306 E NetlinkEvent: NetlinkEvent::FindParam(): Parameter 'TIME_NS' not found
07-28 16:31:05.411   287  1306 E NetlinkEvent: NetlinkEvent::FindParam(): Parameter 'UID' not found
07-28 16:31:15.440   287  1306 E NetlinkEvent: NetlinkEvent::FindParam(): Parameter 'TIME_NS' not found
07-28 16:31:15.440   287  1306 E NetlinkEvent: NetlinkEvent::FindParam(): Parameter 'UID' not found
07-28 16:31:37.425   287  1306 E NetlinkEvent: NetlinkEvent::FindParam(): Parameter 'TIME_NS' not found
07-28 16:31:37.425   287  1306 E NetlinkEvent: NetlinkEvent::FindParam(): Parameter 'UID' not found
07-28 16:33:04.655  1847  4541 I chatty  : uid=1000(system) ConnectivitySer expire 18 lines
07-28 16:34:04.727  5485  5485 D MccTable: updateMccMncConfiguration mccmnc='null' fromServiceState=true
07-28 16:34:04.727  5485  5485 D MccTable: WIFI_COUNTRY_CODE set to 
07-28 16:34:04.727  1847  4159 I chatty  : uid=1000(system) Binder_3 expire 8 lines
07-28 16:34:05.059  1847  5223 I chatty  : uid=1000(system) Binder_6 expire 6 lines
07-28 16:34:05.384  1847  4540 I chatty  : uid=1000(system) WifiService expire 5 lines
07-28 16:34:12.223  5485  5485 D MccTable: updateMccMncConfiguration mccmnc='40486' fromServiceState=true
07-28 16:34:12.224  5485  5485 D MccTable: updateMccMncConfiguration defaultMccMnc=40486
07-28 16:34:12.224  5485  5485 D MccTable: updateMccMncConfiguration: mcc=404, mnc=86
07-28 16:34:12.224  5485  5485 D MccTable: WIFI_COUNTRY_CODE set to in
07-28 16:34:12.246  1847  4541 I chatty  : uid=1000(system) ConnectivitySer expire 13 lines
07-28 16:34:12.612  1847  4629 I chatty  : uid=1000(system) Binder_5 expire 6 lines
07-28 16:34:58.844   287  1306 E NetlinkEvent: NetlinkEvent::FindParam(): Parameter 'TIME_NS' not found
07-28 16:34:58.844   287  1306 E NetlinkEvent: NetlinkEvent::FindParam(): Parameter 'UID' not found
07-28 16:35:02.255   287  1306 E NetlinkEvent: NetlinkEvent::FindParam(): Parameter 'TIME_NS' not found
07-28 16:35:02.255   287  1306 E NetlinkEvent: NetlinkEvent::FindParam(): Parameter 'UID' not found
07-28 16:35:03.377  1847  4541 I chatty  : uid=1000(system) ConnectivitySer expire 13 lines
07-28 16:35:18.338  1847  5521 I chatty  : uid=1000(system) Binder_10 expire 6 lines
07-28 16:35:26.885   287  1306 E NetlinkEvent: NetlinkEvent::FindParam(): Parameter 'TIME_NS' not found
07-28 16:35:26.886   287  1306 E NetlinkEvent: NetlinkEvent::FindParam(): Parameter 'UID' not found
07-28 16:35:44.568   287  1306 E NetlinkEvent: NetlinkEvent::FindParam(): Parameter 'TIME_NS' not found
07-28 16:35:44.568   287  1306 E NetlinkEvent: NetlinkEvent::FindParam(): Parameter 'UID' not found
07-28 16:35:55.205   287  1306 E NetlinkEvent: NetlinkEvent::FindParam(): Parameter 'TIME_NS' not found
07-28 16:35:55.205   287  1306 E NetlinkEvent: NetlinkEvent::FindParam(): Parameter 'UID' not found
07-28 16:35:59.451   287  1306 E NetlinkEvent: NetlinkEvent::FindParam(): Parameter 'TIME_NS' not found
07-28 16:35:59.451   287  1306 E NetlinkEvent: NetlinkEvent::FindParam(): Parameter 'UID' not found
07-28 16:36:34.674  1847  2200 I chatty  : uid=1000(system) PackageManager expire 1 line
07-28 16:36:48.102  1847  2130 I chatty  : uid=1000(system) ActivityManager expire 10 lines
07-28 16:37:34.327  1847  2186 I chatty  : uid=1000(system) PowerManagerSer expire 4 lines
07-28 16:38:03.445   287  1306 E NetlinkEvent: NetlinkEvent::FindParam(): Parameter 'TIME_NS' not found
07-28 16:38:03.445   287  1306 E NetlinkEvent: NetlinkEvent::FindParam(): Parameter 'UID' not found
07-28 16:38:06.364   287  1306 E NetlinkEvent: NetlinkEvent::FindParam(): Parameter 'TIME_NS' not found
07-28 16:38:06.364   287  1306 E NetlinkEvent: NetlinkEvent::FindParam(): Parameter 'UID' not found
07-28 16:38:23.240   287  1306 E NetlinkEvent: NetlinkEvent::FindParam(): Parameter 'TIME_NS' not found
07-28 16:38:23.240   287  1306 E NetlinkEvent: NetlinkEvent::FindParam(): Parameter 'UID' not found
07-28 16:38:24.972  1847  4541 I chatty  : uid=1000(system) ConnectivitySer expire 10 lines
07-28 16:38:24.979   287  1306 E NetlinkEvent: NetlinkEvent::FindParam(): Parameter 'TIME_NS' not found
07-28 16:38:24.979   287  1306 E NetlinkEvent: NetlinkEvent::FindParam(): Parameter 'UID' not found
07-28 16:38:34.992   287  1306 E NetlinkEvent: NetlinkEvent::FindParam(): Parameter 'TIME_NS' not found
07-28 16:38:34.992   287  1306 E NetlinkEvent: NetlinkEvent::FindParam(): Parameter 'UID' not found
07-28 16:38:52.366  1847  5502 I chatty  : uid=1000(system) Binder_E expire 1 line
07-28 16:38:53.676   287  1306 E NetlinkEvent: NetlinkEvent::FindParam(): Parameter 'TIME_NS' not found
07-28 16:38:53.676   287  1306 E NetlinkEvent: NetlinkEvent::FindParam(): Parameter 'UID' not found
07-28 16:38:54.540  1847  5235 I chatty  : uid=1000(system) Binder_8 expire 1 line
07-28 16:39:07.473   287  1306 E NetlinkEvent: NetlinkEvent::FindParam(): Parameter 'TIME_NS' not found
07-28 16:39:07.473   287  1306 E NetlinkEvent: NetlinkEvent::FindParam(): Parameter 'UID' not found
07-28 16:39:23.380   287  1306 E NetlinkEvent: NetlinkEvent::FindParam(): Parameter 'TIME_NS' not found
07-28 16:39:23.380   287  1306 E NetlinkEvent: NetlinkEvent::FindParam(): Parameter 'UID' not found
07-28 16:40:25.041  1847  4539 I chatty  : uid=1000(system) WifiStateMachin expire 2 lines
07-28 16:40:25.068   287  1306 E NetlinkEvent: NetlinkEvent::FindParam(): Parameter 'TIME_NS' not found
07-28 16:40:25.068   287  1306 E NetlinkEvent: NetlinkEvent::FindParam(): Parameter 'UID' not found
07-28 16:40:31.031   287  1306 E NetlinkEvent: NetlinkEvent::FindParam(): Parameter 'TIME_NS' not found
07-28 16:40:31.031   287  1306 E NetlinkEvent: NetlinkEvent::FindParam(): Parameter 'UID' not found
07-28 16:40:39.524   287  1306 E NetlinkEvent: NetlinkEvent::FindParam(): Parameter 'TIME_NS' not found
07-28 16:40:39.524   287  1306 E NetlinkEvent: NetlinkEvent::FindParam(): Parameter 'UID' not found
07-28 16:40:39.624  1847  4541 I chatty  : uid=1000(system) ConnectivitySer expire 19 lines
07-28 16:40:39.907  1847  5519 I chatty  : uid=1000(system) Binder_F expire 4 lines
07-28 16:40:54.479  1847  4537 I chatty  : uid=1000(system) NetworkPolicy expire 2 lines
07-28 16:40:54.698  1847  5502 I chatty  : uid=1000(system) Binder_E expire 5 lines
07-28 16:40:54.724  1847  1871 I chatty  : uid=1000(system) Binder_1 expire 11 lines
07-28 16:40:55.038  1847  5331 I chatty  : uid=1000(system) Binder_C expire 8 lines
07-28 16:40:55.142  1847  5521 I chatty  : uid=1000(system) Binder_10 expire 7 lines
07-28 16:40:55.232  1847  4629 I chatty  : uid=1000(system) Binder_5 expire 7 lines
07-28 16:40:56.669  1847  5224 I chatty  : uid=1000(system) Binder_7 expire 10 lines
07-28 16:40:56.820  1847  4628 I chatty  : uid=1000(system) Binder_4 expire 7 lines
07-28 16:40:57.184  1847  1847 I chatty  : uid=1000 system_server expire 1 line
07-28 16:40:57.203  1847  5484 I chatty  : uid=1000(system) Binder_D expire 7 lines
07-28 16:40:57.490  1847  5300 I chatty  : uid=1000(system) Binder_A expire 3 lines
07-28 16:40:57.627 13827 13827 W ActivityThread: ClassLoader.loadClass: The class loader returned by Thread.getContextClassLoader() may fail for processes that host multiple applications. You should explicitly specify a context class loader. For example: Thread.setContextClassLoader(getClass().getClassLoader());
07-28 16:40:57.863  1847  4159 I chatty  : uid=1000(system) Binder_3 expire 7 lines
07-28 16:40:57.878  1847  5235 I chatty  : uid=1000(system) Binder_8 expire 2 lines
07-28 16:40:58.695  1847  2130 I chatty  : uid=1000(system) ActivityManager expire 15 lines
07-28 16:40:58.739  1847  5307 I chatty  : uid=1000(system) Binder_B expire 8 lines
07-28 16:40:59.062  1847  1874 I chatty  : uid=1000(system) Binder_2 expire 7 lines
07-28 16:40:59.584 13922 13922 W ActivityThread: ClassLoader.loadClass: The class loader returned by Thread.getContextClassLoader() may fail for processes that host multiple applications. You should explicitly specify a context class loader. For example: Thread.setContextClassLoader(getClass().getClassLoader());
07-28 16:41:01.798  1847  4541 I chatty  : uid=1000(system) ConnectivitySer expire 46 lines
07-28 16:41:09.407  1847  4540 I chatty  : uid=1000(system) WifiService expire 3 lines
07-28 16:41:36.102   287  1306 E NetlinkEvent: NetlinkEvent::FindParam(): Parameter 'TIME_NS' not found
07-28 16:41:36.102   287  1306 E NetlinkEvent: NetlinkEvent::FindParam(): Parameter 'UID' not found
07-28 16:42:22.544   287  1306 E NetlinkEvent: NetlinkEvent::FindParam(): Parameter 'TIME_NS' not found
07-28 16:42:22.544   287  1306 E NetlinkEvent: NetlinkEvent::FindParam(): Parameter 'UID' not found
07-28 16:42:24.307  1847  2130 I chatty  : uid=1000(system) ActivityManager expire 4 lines
07-28 16:42:24.804  1847  4244 I chatty  : uid=1000(system) InputReader expire 5 lines
07-28 16:42:24.817  1847  2186 I chatty  : uid=1000(system) PowerManagerSer expire 10 lines
07-28 16:42:24.823  1847  2171 I chatty  : uid=1000(system) android.display expire 5 lines
07-28 16:42:25.087  1847  5223 I chatty  : uid=1000(system) Binder_6 expire 7 lines
07-28 16:42:25.120  1847  5296 I chatty  : uid=1000(system) Binder_9 expire 2 lines
07-28 16:43:33.225 15302 15302 D ActivityThread: Loading provider com.whatsapp.provider.contact: com.whatsapp.contact.ContactProvider
07-28 16:43:33.332   287  1306 E NetlinkEvent: NetlinkEvent::FindParam(): Parameter 'TIME_NS' not found
07-28 16:43:33.332   287  1306 E NetlinkEvent: NetlinkEvent::FindParam(): Parameter 'UID' not found
07-28 16:43:34.373  1847  4541 I chatty  : uid=1000(system) ConnectivitySer expire 10 lines
07-28 16:43:36.340 15455 15474 D ActivityThread: Loading provider com.google.android.gmail.provider;com.android.mail.notifier;com.google.android.gm.email.provider;com.google.android.gm.tasks.provider;com.google.android.gm.email.notifier: com.android.email.provider.EmailProvider
07-28 16:43:36.800 15481 15481 W ActivityThread: ClassLoader.loadClass: The class loader returned by Thread.getContextClassLoader() may fail for processes that host multiple applications. You should explicitly specify a context class loader. For example: Thread.setContextClassLoader(getClass().getClassLoader());
07-28 16:43:36.915 15430 15444 W ActivityThread: ClassLoader.loadClass: The class loader returned by Thread.getContextClassLoader() may fail for processes that host multiple applications. You should explicitly specify a context class loader. For example: Thread.setContextClassLoader(getClass().getClassLoader());
07-28 16:47:54.582   287  1306 E NetlinkEvent: NetlinkEvent::FindParam(): Parameter 'TIME_NS' not found
07-28 16:47:54.582   287  1306 E NetlinkEvent: NetlinkEvent::FindParam(): Parameter 'UID' not found
07-28 16:47:55.219   287  1306 E NetlinkEvent: NetlinkEvent::FindParam(): Parameter 'TIME_NS' not found
07-28 16:47:55.219   287  1306 E NetlinkEvent: NetlinkEvent::FindParam(): Parameter 'UID' not found
07-28 16:48:13.489   287  1306 E NetlinkEvent: NetlinkEvent::FindParam(): Parameter 'TIME_NS' not found
07-28 16:48:13.489   287  1306 E NetlinkEvent: NetlinkEvent::FindParam(): Parameter 'UID' not found
07-28 16:48:14.646   287  1306 E NetlinkEvent: NetlinkEvent::FindParam(): Parameter 'TIME_NS' not found
07-28 16:48:14.646   287  1306 E NetlinkEvent: NetlinkEvent::FindParam(): Parameter 'UID' not found
07-28 16:54:17.503   287  1306 E NetlinkEvent: NetlinkEvent::FindParam(): Parameter 'TIME_NS' not found
07-28 16:54:17.503   287  1306 E NetlinkEvent: NetlinkEvent::FindParam(): Parameter 'UID' not found
07-28 16:54:17.516  1847  4541 I chatty  : uid=1000(system) ConnectivitySer expire 29 lines
07-28 16:54:28.046   287  1306 E NetlinkEvent: NetlinkEvent::FindParam(): Parameter 'TIME_NS' not found
07-28 16:54:28.046   287  1306 E NetlinkEvent: NetlinkEvent::FindParam(): Parameter 'UID' not found
07-28 16:54:48.245  1847  4541 I chatty  : uid=1000(system) ConnectivitySer expire 19 lines
07-28 16:54:48.364   287  1306 E NetlinkEvent: NetlinkEvent::FindParam(): Parameter 'TIME_NS' not found
07-28 16:54:48.364   287  1306 E NetlinkEvent: NetlinkEvent::FindParam(): Parameter 'UID' not found
07-28 16:58:15.066   287  1306 E NetlinkEvent: NetlinkEvent::FindParam(): Parameter 'TIME_NS' not found
07-28 16:58:15.066   287  1306 E NetlinkEvent: NetlinkEvent::FindParam(): Parameter 'UID' not found
07-28 16:59:53.658  1847  5519 I chatty  : uid=1000(system) Binder_F expire 11 lines
07-28 16:59:54.194  1847  4244 I chatty  : uid=1000(system) InputReader expire 10 lines
07-28 16:59:54.413  1847  5296 I chatty  : uid=1000(system) Binder_9 expire 5 lines
07-28 16:59:54.414  1847  1874 I chatty  : uid=1000(system) Binder_2 expire 5 lines
07-28 16:59:54.417  1847  4629 I chatty  : uid=1000(system) Binder_5 expire 5 lines
07-28 16:59:54.418  1847  5223 I chatty  : uid=1000(system) Binder_6 expire 14 lines
07-28 16:59:54.420  1847  5484 I chatty  : uid=1000(system) Binder_D expire 10 lines
07-28 16:59:54.422  1847  4159 I chatty  : uid=1000(system) Binder_3 expire 7 lines
07-28 16:59:54.496  1847  2171 I chatty  : uid=1000(system) android.display expire 11 lines
07-28 16:59:54.651  1847  5235 I chatty  : uid=1000(system) Binder_8 expire 7 lines
07-28 16:59:54.793  1847  2186 I chatty  : uid=1000(system) PowerManagerSer expire 11 lines
07-28 16:59:55.017  1847  1871 I chatty  : uid=1000(system) Binder_1 expire 7 lines
07-28 16:59:57.102  1847  5300 I chatty  : uid=1000(system) Binder_A expire 5 lines
07-28 17:00:39.182  1847  5331 I chatty  : uid=1000(system) Binder_C expire 7 lines
07-28 17:00:39.249  1847  5224 I chatty  : uid=1000(system) Binder_7 expire 5 lines
07-28 17:00:44.264   287  1306 E NetlinkEvent: NetlinkEvent::FindParam(): Parameter 'TIME_NS' not found
07-28 17:00:44.264   287  1306 E NetlinkEvent: NetlinkEvent::FindParam(): Parameter 'UID' not found
07-28 17:00:45.328   287  1306 E NetlinkEvent: NetlinkEvent::FindParam(): Parameter 'TIME_NS' not found
07-28 17:00:45.328   287  1306 E NetlinkEvent: NetlinkEvent::FindParam(): Parameter 'UID' not found
07-28 17:02:00.712 18625 18625 W ActivityThread: ClassLoader.loadClass: The class loader returned by Thread.getContextClassLoader() may fail for processes that host multiple applications. You should explicitly specify a context class loader. For example: Thread.setContextClassLoader(getClass().getClassLoader());
07-28 17:07:10.578  1847  1847 I chatty  : uid=1000 system_server expire 5 lines
07-28 17:09:28.188  1847  2186 I chatty  : uid=1000(system) PowerManagerSer expire 12 lines
07-28 17:09:31.874  1847  5521 I chatty  : uid=1000(system) Binder_10 expire 7 lines
07-28 17:10:01.935  1847  2130 I chatty  : uid=1000(system) ActivityManager expire 18 lines
07-28 17:10:26.829   287  1306 E NetlinkEvent: NetlinkEvent::FindParam(): Parameter 'TIME_NS' not found
07-28 17:10:26.829   287  1306 E NetlinkEvent: NetlinkEvent::FindParam(): Parameter 'UID' not found
07-28 17:10:27.367 19743 19743 W ActivityThread: ClassLoader.loadClass: The class loader returned by Thread.getContextClassLoader() may fail for processes that host multiple applications. You should explicitly specify a context class loader. For example: Thread.setContextClassLoader(getClass().getClassLoader());
07-28 17:10:27.569  1847  5307 I chatty  : uid=1000(system) Binder_B expire 4 lines
07-28 17:10:29.356  1847  4541 I chatty  : uid=1000(system) ConnectivitySer expire 26 lines
07-28 17:10:29.454 19856 19856 W ActivityThread: ClassLoader.loadClass: The class loader returned by Thread.getContextClassLoader() may fail for processes that host multiple applications. You should explicitly specify a context class loader. For example: Thread.setContextClassLoader(getClass().getClassLoader());
07-28 17:10:30.226  1847  4628 I chatty  : uid=1000(system) Binder_4 expire 7 lines
07-28 17:10:48.415   287  1306 E NetlinkEvent: NetlinkEvent::FindParam(): Parameter 'TIME_NS' not found
07-28 17:10:48.416   287  1306 E NetlinkEvent: NetlinkEvent::FindParam(): Parameter 'UID' not found
07-28 17:10:51.919  1847  4541 I chatty  : uid=1000(system) ConnectivitySer expire 12 lines
07-28 17:13:22.297  1847  5502 I chatty  : uid=1000(system) Binder_E expire 7 lines
07-28 17:13:22.811  1847  4540 I chatty  : uid=1000(system) WifiService expire 2 lines
07-28 17:13:33.871 20857 20879 D ActivityThread: Loading provider com.google.android.gmail.provider;com.android.mail.notifier;com.google.android.gm.email.provider;com.google.android.gm.tasks.provider;com.google.android.gm.email.notifier: com.android.email.provider.EmailProvider
07-28 17:13:34.397 20908 20908 W ActivityThread: ClassLoader.loadClass: The class loader returned by Thread.getContextClassLoader() may fail for processes that host multiple applications. You should explicitly specify a context class loader. For example: Thread.setContextClassLoader(getClass().getClassLoader());
07-28 17:13:34.539 20827 20848 W ActivityThread: ClassLoader.loadClass: The class loader returned by Thread.getContextClassLoader() may fail for processes that host multiple applications. You should explicitly specify a context class loader. For example: Thread.setContextClassLoader(getClass().getClassLoader());
07-28 17:20:32.814  1847  2129 I chatty  : uid=1000(system) android.bg expire 1 line
07-28 17:20:58.402   287  1306 E NetlinkEvent: NetlinkEvent::FindParam(): Parameter 'TIME_NS' not found
07-28 17:20:58.402   287  1306 E NetlinkEvent: NetlinkEvent::FindParam(): Parameter 'UID' not found
07-28 17:21:00.450   287  1306 E NetlinkEvent: NetlinkEvent::FindParam(): Parameter 'TIME_NS' not found
07-28 17:21:00.450   287  1306 E NetlinkEvent: NetlinkEvent::FindParam(): Parameter 'UID' not found
07-28 17:21:01.463  1847  4541 I chatty  : uid=1000(system) ConnectivitySer expire 16 lines
07-28 17:21:32.988  1847  4539 I chatty  : uid=1000(system) WifiStateMachin expire 1 line
07-28 17:21:33.022   287  1306 E NetlinkEvent: NetlinkEvent::FindParam(): Parameter 'TIME_NS' not found
07-28 17:21:33.022   287  1306 E NetlinkEvent: NetlinkEvent::FindParam(): Parameter 'UID' not found
07-28 17:21:36.832  1847  2130 I chatty  : uid=1000(system) ActivityManager expire 10 lines
07-28 17:21:36.858  1847  4541 I chatty  : uid=1000(system) ConnectivitySer expire 23 lines
07-28 17:21:37.027  1847  5519 I chatty  : uid=1000(system) Binder_F expire 11 lines
07-28 17:21:37.284  1847  4540 I chatty  : uid=1000(system) WifiService expire 4 lines
07-28 17:21:37.304  1847  4159 I chatty  : uid=1000(system) Binder_3 expire 13 lines
07-28 17:21:37.349  1847  5296 I chatty  : uid=1000(system) Binder_9 expire 10 lines
07-28 17:21:37.365   287 23221 W SocketClient: write error (Broken pipe)
07-28 17:21:37.761  1847  1871 I chatty  : uid=1000(system) Binder_1 expire 10 lines
07-28 17:21:37.938  1847  4629 I chatty  : uid=1000(system) Binder_5 expire 10 lines
07-28 17:21:38.062  1847  1874 I chatty  : uid=1000(system) Binder_2 expire 10 lines
07-28 17:21:38.151  1847  5331 I chatty  : uid=1000(system) Binder_C expire 10 lines
07-28 17:21:38.225  1847  5502 I chatty  : uid=1000(system) Binder_E expire 7 lines
07-28 17:21:38.252  1847  5235 I chatty  : uid=1000(system) Binder_8 expire 10 lines
07-28 17:21:39.497  1847  5224 I chatty  : uid=1000(system) Binder_7 expire 9 lines
07-28 17:21:40.322  1847  5484 I chatty  : uid=1000(system) Binder_D expire 10 lines
07-28 17:21:40.412  1847  5307 I chatty  : uid=1000(system) Binder_B expire 10 lines
07-28 17:21:40.528  1847  5521 I chatty  : uid=1000(system) Binder_10 expire 8 lines
07-28 17:21:40.853  1847  5223 I chatty  : uid=1000(system) Binder_6 expire 10 lines
07-28 17:21:41.242  1847  2129 I chatty  : uid=1000(system) android.bg expire 3 lines
07-28 17:21:41.461  1847  4628 I chatty  : uid=1000(system) Binder_4 expire 7 lines
07-28 17:21:41.505  1847  5300 I chatty  : uid=1000(system) Binder_A expire 9 lines
07-28 17:21:41.601 23714 23714 W ActivityThread: ClassLoader.loadClass: The class loader returned by Thread.getContextClassLoader() may fail for processes that host multiple applications. You should explicitly specify a context class loader. For example: Thread.setContextClassLoader(getClass().getClassLoader());
07-28 17:21:42.394 23811 23849 W ActivityThread: ClassLoader.loadClass: The class loader returned by Thread.getContextClassLoader() may fail for processes that host multiple applications. You should explicitly specify a context class loader. For example: Thread.setContextClassLoader(getClass().getClassLoader());
07-28 17:27:48.364   287  1306 E NetlinkEvent: NetlinkEvent::FindParam(): Parameter 'TIME_NS' not found
07-28 17:27:48.364   287  1306 E NetlinkEvent: NetlinkEvent::FindParam(): Parameter 'UID' not found
07-28 17:30:51.472  6119 24589 D DownloadManager: Removed 0 stale downloads
07-28 17:30:51.521  6119 24589 D DownloadManager: Found 82 files in database
07-28 17:30:51.521  6119 24589 D DownloadManager: Found 1 files on disk
07-28 17:31:06.809   287  1306 E NetlinkEvent: NetlinkEvent::FindParam(): Parameter 'TIME_NS' not found
07-28 17:31:06.810   287  1306 E NetlinkEvent: NetlinkEvent::FindParam(): Parameter 'UID' not found
07-28 17:31:38.508   287  1306 E NetlinkEvent: NetlinkEvent::FindParam(): Parameter 'TIME_NS' not found
07-28 17:31:38.508   287  1306 E NetlinkEvent: NetlinkEvent::FindParam(): Parameter 'UID' not found
07-28 17:36:26.672  1847  4244 I chatty  : uid=1000(system) InputReader expire 3 lines
07-28 17:36:26.702  1847  2186 I chatty  : uid=1000(system) PowerManagerSer expire 11 lines
07-28 17:36:26.709  1847  2171 I chatty  : uid=1000(system) android.display expire 5 lines
07-28 17:36:29.731  1847  4541 I chatty  : uid=1000(system) ConnectivitySer expire 8 lines
07-28 17:36:30.203  1847  2130 I chatty  : uid=1000(system) ActivityManager expire 9 lines
07-28 17:36:30.908  1847  4243 I chatty  : uid=1000(system) InputDispatcher expire 1 line
07-28 17:42:38.231  1847  1847 I chatty  : uid=1000 system_server expire 6 lines
07-28 17:44:04.061 26608 26608 W ActivityThread: ClassLoader.loadClass: The class loader returned by Thread.getContextClassLoader() may fail for processes that host multiple applications. You should explicitly specify a context class loader. For example: Thread.setContextClassLoader(getClass().getClassLoader());
07-28 17:44:32.872   287  1306 E NetlinkEvent: NetlinkEvent::FindParam(): Parameter 'TIME_NS' not found
07-28 17:44:32.873   287  1306 E NetlinkEvent: NetlinkEvent::FindParam(): Parameter 'UID' not found
07-28 17:44:51.218   287  1306 E NetlinkEvent: NetlinkEvent::FindParam(): Parameter 'TIME_NS' not found
07-28 17:44:51.218   287  1306 E NetlinkEvent: NetlinkEvent::FindParam(): Parameter 'UID' not found
07-28 17:45:06.258   287  1306 E NetlinkEvent: NetlinkEvent::FindParam(): Parameter 'TIME_NS' not found
07-28 17:45:06.258   287  1306 E NetlinkEvent: NetlinkEvent::FindParam(): Parameter 'UID' not found
07-28 17:45:44.345 27829 27829 W ActivityThread: ClassLoader.loadClass: The class loader returned by Thread.getContextClassLoader() may fail for processes that host multiple applications. You should explicitly specify a context class loader. For example: Thread.setContextClassLoader(getClass().getClassLoader());
07-28 17:45:44.568 27851 27851 W ActivityThread: ClassLoader.loadClass: The class loader returned by Thread.getContextClassLoader() may fail for processes that host multiple applications. You should explicitly specify a context class loader. For example: Thread.setContextClassLoader(getClass().getClassLoader());
07-28 17:45:45.090   287  1306 E NetlinkEvent: NetlinkEvent::FindParam(): Parameter 'TIME_NS' not found
07-28 17:45:45.090   287  1306 E NetlinkEvent: NetlinkEvent::FindParam(): Parameter 'UID' not found
07-28 17:46:07.431   287  1306 E NetlinkEvent: NetlinkEvent::FindParam(): Parameter 'TIME_NS' not found
07-28 17:46:07.431   287  1306 E NetlinkEvent: NetlinkEvent::FindParam(): Parameter 'UID' not found
07-28 17:46:54.503   287  1306 E NetlinkEvent: NetlinkEvent::FindParam(): Parameter 'TIME_NS' not found
07-28 17:46:54.504   287  1306 E NetlinkEvent: NetlinkEvent::FindParam(): Parameter 'UID' not found
07-28 17:47:21.076  1847  2200 I chatty  : uid=1000(system) PackageManager expire 6 lines
07-28 17:47:21.528 29117 29127 D DefContainer: Copying /data/local/tmp/dev.ukanth.iconmanager to base.apk
07-28 17:47:26.863 29251 29251 I chatty  : uid=1000(system) org.cyanogenmod.providers.datausage expire 3 lines
07-28 17:47:27.241 29270 29270 I chatty  : uid=1000(system) com.android.keychain expire 1 line
07-28 17:47:29.524  5225 29415 E ActivityThread: Failed to find provider info for com.modoohut.provider.geocoder
07-28 17:47:33.281  5225 29415 E ActivityThread: Failed to find provider info for com.modoohut.provider.geocoder
07-28 17:47:34.392  1847  4629 I chatty  : uid=1000(system) Binder_5 expire 3 lines
07-28 17:47:34.394  5225 29415 E ActivityThread: Failed to find provider info for com.modoohut.provider.geocoder
07-28 17:47:35.045  1847  5296 I chatty  : uid=1000(system) Binder_9 expire 1 line
07-28 17:47:37.259 29699 29699 W ActivityThread: ClassLoader.loadClass: The class loader returned by Thread.getContextClassLoader() may fail for processes that host multiple applications. You should explicitly specify a context class loader. For example: Thread.setContextClassLoader(getClass().getClassLoader());
07-28 17:47:37.975  1847  4159 I chatty  : uid=1000(system) Binder_3 expire 2 lines
07-28 17:47:38.132  1847  5484 I chatty  : uid=1000(system) Binder_D expire 1 line
07-28 17:47:48.774 29977 29977 W ActivityThread: ClassLoader.loadClass: The class loader returned by Thread.getContextClassLoader() may fail for processes that host multiple applications. You should explicitly specify a context class loader. For example: Thread.setContextClassLoader(getClass().getClassLoader());
07-28 17:47:49.025  1847  5223 I chatty  : uid=1000(system) Binder_6 expire 1 line
07-28 17:47:49.070  1847  4536 I chatty  : uid=1000(system) NetworkStats expire 1 line
07-28 17:47:49.319  1847  5223 I chatty  : uid=1000(system) Binder_6 expire 10 lines
07-28 17:47:49.407  1847  4540 I chatty  : uid=1000(system) WifiService expire 1 line
07-28 17:47:49.454 29998 29998 D ActivityThread: Loading provider com.whatsapp.provider.contact: com.whatsapp.contact.ContactProvider
07-28 17:47:49.826  1847  5521 I chatty  : uid=1000(system) Binder_10 expire 10 lines
07-28 17:47:49.862  1847  4628 I chatty  : uid=1000(system) Binder_4 expire 10 lines
07-28 17:47:50.251  1847  1874 I chatty  : uid=1000(system) Binder_2 expire 13 lines
07-28 17:47:50.278  1847  5307 I chatty  : uid=1000(system) Binder_B expire 11 lines
07-28 17:47:50.290  1847  5519 I chatty  : uid=1000(system) Binder_F expire 13 lines
07-28 17:47:50.309  1847  5224 I chatty  : uid=1000(system) Binder_7 expire 6 lines
07-28 17:47:50.742  1847  4159 I chatty  : uid=1000(system) Binder_3 expire 9 lines
07-28 17:47:51.174  1847  5331 I chatty  : uid=1000(system) Binder_C expire 10 lines
07-28 17:47:51.212  1847  5235 I chatty  : uid=1000(system) Binder_8 expire 11 lines
07-28 17:47:51.339 30110 30110 W ActivityThread: ClassLoader.loadClass: The class loader returned by Thread.getContextClassLoader() may fail for processes that host multiple applications. You should explicitly specify a context class loader. For example: Thread.setContextClassLoader(getClass().getClassLoader());
07-28 17:47:51.848  1847  5484 I chatty  : uid=1000(system) Binder_D expire 10 lines
07-28 17:47:53.336  1847  2186 I chatty  : uid=1000(system) PowerManagerSer expire 13 lines
07-28 17:47:53.789  1847  2171 I chatty  : uid=1000(system) android.display expire 6 lines
07-28 17:48:06.459  1847  2130 I chatty  : uid=1000(system) ActivityManager expire 9 lines
07-28 17:48:09.566   287  1306 E NetlinkEvent: NetlinkEvent::FindParam(): Parameter 'TIME_NS' not found
07-28 17:48:09.566   287  1306 E NetlinkEvent: NetlinkEvent::FindParam(): Parameter 'UID' not found
07-28 17:48:12.785   287  1306 E NetlinkEvent: NetlinkEvent::FindParam(): Parameter 'TIME_NS' not found
07-28 17:48:12.785   287  1306 E NetlinkEvent: NetlinkEvent::FindParam(): Parameter 'UID' not found
07-28 17:48:15.747  1847  2200 I chatty  : uid=1000(system) PackageManager expire 12 lines
07-28 17:48:16.062 30536 30547 D DefContainer: Copying /data/local/tmp/dev.ukanth.iconmanager to base.apk
07-28 17:48:16.767  1847  4244 I chatty  : uid=1000(system) InputReader expire 3 lines
07-28 17:48:16.774  1847  1847 I chatty  : uid=1000 system_server expire 5 lines
07-28 17:48:16.830  1847  1871 I chatty  : uid=1000(system) Binder_1 expire 9 lines
07-28 17:48:18.060  1847  5296 I chatty  : uid=1000(system) Binder_9 expire 11 lines
07-28 17:48:21.259 30651 30651 I chatty  : uid=1000(system) org.cyanogenmod.providers.datausage expire 6 lines
07-28 17:48:21.390  1847  2129 I chatty  : uid=1000(system) android.bg expire 2 lines
07-28 17:48:21.713 30669 30669 I chatty  : uid=1000(system) com.android.keychain expire 1 line
07-28 17:48:23.605  5225 30850 E ActivityThread: Failed to find provider info for com.modoohut.provider.geocoder
07-28 17:48:23.979  1847  5300 I chatty  : uid=1000(system) Binder_A expire 8 lines
07-28 17:48:25.638  1847  5502 I chatty  : uid=1000(system) Binder_E expire 6 lines
07-28 17:48:25.972  1847  4629 I chatty  : uid=1000(system) Binder_5 expire 7 lines
07-28 17:48:26.843  5225 30850 E ActivityThread: Failed to find provider info for com.modoohut.provider.geocoder
07-28 17:48:26.915  1847  5223 I chatty  : uid=1000(system) Binder_6 expire 6 lines
07-28 17:48:27.896  5225 30850 E ActivityThread: Failed to find provider info for com.modoohut.provider.geocoder
07-28 17:48:30.322 31116 31116 W ActivityThread: ClassLoader.loadClass: The class loader returned by Thread.getContextClassLoader() may fail for processes that host multiple applications. You should explicitly specify a context class loader. For example: Thread.setContextClassLoader(getClass().getClassLoader());
07-28 17:48:30.450  1847  5307 I chatty  : uid=1000(system) Binder_B expire 10 lines
07-28 17:49:46.258   287  1306 E NetlinkEvent: NetlinkEvent::FindParam(): Parameter 'TIME_NS' not found
07-28 17:49:46.259   287  1306 E NetlinkEvent: NetlinkEvent::FindParam(): Parameter 'UID' not found
07-28 17:50:35.242   287  1306 E NetlinkEvent: NetlinkEvent::FindParam(): Parameter 'TIME_NS' not found
07-28 17:50:35.242   287  1306 E NetlinkEvent: NetlinkEvent::FindParam(): Parameter 'UID' not found
07-28 17:50:40.973  1847  2186 I chatty  : uid=1000(system) PowerManagerSer expire 2 lines
07-28 17:50:43.292   643   654 D DefContainer: Copying /data/local/tmp/dev.ukanth.iconmanager to base.apk
07-28 17:50:44.704  1847  5331 I chatty  : uid=1000(system) Binder_C expire 5 lines
07-28 17:50:48.559   903   903 I chatty  : uid=1000(system) com.android.keychain expire 1 line
07-28 17:50:50.251  5225  1021 E ActivityThread: Failed to find provider info for com.modoohut.provider.geocoder
07-28 17:50:51.609  1847  5519 I chatty  : uid=1000(system) Binder_F expire 4 lines
07-28 17:50:51.634  1847  5235 I chatty  : uid=1000(system) Binder_8 expire 3 lines
07-28 17:50:51.995  1847  5296 I chatty  : uid=1000(system) Binder_9 expire 1 line
07-28 17:50:52.047  1847  1874 I chatty  : uid=1000(system) Binder_2 expire 4 lines
07-28 17:50:52.647  5225  1021 E ActivityThread: Failed to find provider info for com.modoohut.provider.geocoder
07-28 17:50:53.694  5225  1021 E ActivityThread: Failed to find provider info for com.modoohut.provider.geocoder
07-28 17:50:54.130  1847  4628 I chatty  : uid=1000(system) Binder_4 expire 2 lines
07-28 17:50:54.131  1847  4541 I chatty  : uid=1000(system) ConnectivitySer expire 4 lines
07-28 17:50:55.888  1240  1240 W ActivityThread: ClassLoader.loadClass: The class loader returned by Thread.getContextClassLoader() may fail for processes that host multiple applications. You should explicitly specify a context class loader. For example: Thread.setContextClassLoader(getClass().getClassLoader());
07-28 17:50:56.035  1847  5484 I chatty  : uid=1000(system) Binder_D expire 10 lines
07-28 17:50:56.554  1847  5296 I chatty  : uid=1000(system) Binder_9 expire 9 lines
07-28 17:50:58.943  1847  2186 I chatty  : uid=1000(system) PowerManagerSer expire 10 lines
07-28 17:50:59.319  1847  2171 I chatty  : uid=1000(system) android.display expire 8 lines
07-28 17:51:07.678  1847  5307 I chatty  : uid=1000(system) Binder_B expire 10 lines
07-28 17:51:27.539   287  1306 E NetlinkEvent: NetlinkEvent::FindParam(): Parameter 'TIME_NS' not found
07-28 17:51:27.539   287  1306 E NetlinkEvent: NetlinkEvent::FindParam(): Parameter 'UID' not found
07-28 17:51:29.610  1847  5300 I chatty  : uid=1000(system) Binder_A expire 11 lines
07-28 17:51:29.627  1847  5224 I chatty  : uid=1000(system) Binder_7 expire 8 lines
07-28 17:51:29.710  1847  4628 I chatty  : uid=1000(system) Binder_4 expire 11 lines
07-28 17:51:29.779   287  1306 E NetlinkEvent: NetlinkEvent::FindParam(): Parameter 'TIME_NS' not found
07-28 17:51:29.779   287  1306 E NetlinkEvent: NetlinkEvent::FindParam(): Parameter 'UID' not found
07-28 17:51:29.821  1847  5521 I chatty  : uid=1000(system) Binder_10 expire 10 lines
07-28 17:51:29.822  1847  5235 I chatty  : uid=1000(system) Binder_8 expire 10 lines
07-28 17:51:30.206  1847  2130 I chatty  : uid=1000(system) ActivityManager expire 10 lines
07-28 17:51:31.307  1847  4244 I chatty  : uid=1000(system) InputReader expire 4 lines
07-28 17:51:31.310  1847  1847 I chatty  : uid=1000 system_server expire 5 lines
07-28 17:51:32.676  1847  5519 I chatty  : uid=1000(system) Binder_F expire 11 lines
07-28 17:51:32.715  1847  4629 I chatty  : uid=1000(system) Binder_5 expire 10 lines
07-28 17:51:35.477   643   655 D DefContainer: Copying /data/local/tmp/dev.ukanth.iconmanager to base.apk
07-28 17:51:39.287  1847  2200 I chatty  : uid=1000(system) PackageManager expire 10 lines
07-28 17:51:39.864 30651 30651 I chatty  : uid=1000(system) org.cyanogenmod.providers.datausage expire 6 lines
07-28 17:51:40.162  1847  2129 I chatty  : uid=1000(system) android.bg expire 2 lines
07-28 17:51:40.252  2057  2057 I chatty  : uid=1000(system) com.android.keychain expire 1 line
07-28 17:51:40.280  1847  1871 I chatty  : uid=1000(system) Binder_1 expire 10 lines
07-28 17:51:41.588  1847  1874 I chatty  : uid=1000(system) Binder_2 expire 12 lines
07-28 17:51:42.109  1847  5223 I chatty  : uid=1000(system) Binder_6 expire 7 lines
07-28 17:51:42.152  1847  4159 I chatty  : uid=1000(system) Binder_3 expire 12 lines
07-28 17:51:42.158  5225  2241 E ActivityThread: Failed to find provider info for com.modoohut.provider.geocoder
07-28 17:51:43.168  1847  5502 I chatty  : uid=1000(system) Binder_E expire 13 lines
07-28 17:51:43.549  1847  5331 I chatty  : uid=1000(system) Binder_C expire 7 lines
07-28 17:51:44.237  5225  2241 E ActivityThread: Failed to find provider info for com.modoohut.provider.geocoder
07-28 17:51:45.313  5225  2241 E ActivityThread: Failed to find provider info for com.modoohut.provider.geocoder
07-28 17:51:47.872  2482  2482 W ActivityThread: ClassLoader.loadClass: The class loader returned by Thread.getContextClassLoader() may fail for processes that host multiple applications. You should explicitly specify a context class loader. For example: Thread.setContextClassLoader(getClass().getClassLoader());
07-28 17:52:22.099   287  1306 E NetlinkEvent: NetlinkEvent::FindParam(): Parameter 'TIME_NS' not found
07-28 17:52:22.099   287  1306 E NetlinkEvent: NetlinkEvent::FindParam(): Parameter 'UID' not found
07-28 17:52:33.628   287  1306 E NetlinkEvent: NetlinkEvent::FindParam(): Parameter 'TIME_NS' not found
07-28 17:52:33.628   287  1306 E NetlinkEvent: NetlinkEvent::FindParam(): Parameter 'UID' not found
07-28 17:53:18.167   643   655 D DefContainer: Copying /data/local/tmp/dev.ukanth.iconmanager to base.apk
07-28 17:53:18.916  1847  4541 I chatty  : uid=1000(system) ConnectivitySer expire 4 lines
07-28 17:53:22.519  1847  1874 I chatty  : uid=1000(system) Binder_2 expire 4 lines
07-28 17:53:22.889  3916  3916 I chatty  : uid=1000(system) com.android.keychain expire 1 line
07-28 17:53:24.579  5225  4178 E ActivityThread: Failed to find provider info for com.modoohut.provider.geocoder
07-28 17:53:25.312  1847  5519 I chatty  : uid=1000(system) Binder_F expire 2 lines
07-28 17:53:26.712  5225  4178 E ActivityThread: Failed to find provider info for com.modoohut.provider.geocoder
07-28 17:53:26.765  1847  5235 I chatty  : uid=1000(system) Binder_8 expire 5 lines
07-28 17:53:27.784  5225  4178 E ActivityThread: Failed to find provider info for com.modoohut.provider.geocoder
07-28 17:53:30.531  4420  4420 W ActivityThread: ClassLoader.loadClass: The class loader returned by Thread.getContextClassLoader() may fail for processes that host multiple applications. You should explicitly specify a context class loader. For example: Thread.setContextClassLoader(getClass().getClassLoader());
07-28 17:53:42.358  1847  5521 I chatty  : uid=1000(system) Binder_10 expire 2 lines
07-28 17:54:09.390  1847  2186 I chatty  : uid=1000(system) PowerManagerSer expire 10 lines
07-28 17:54:37.458   287  1306 E NetlinkEvent: NetlinkEvent::FindParam(): Parameter 'TIME_NS' not found
07-28 17:54:37.458   287  1306 E NetlinkEvent: NetlinkEvent::FindParam(): Parameter 'UID' not found
07-28 17:54:38.656   287  1306 E NetlinkEvent: NetlinkEvent::FindParam(): Parameter 'TIME_NS' not found
07-28 17:54:38.656   287  1306 E NetlinkEvent: NetlinkEvent::FindParam(): Parameter 'UID' not found
07-28 17:55:01.885   287  1306 E NetlinkEvent: NetlinkEvent::FindParam(): Parameter 'TIME_NS' not found
07-28 17:55:01.885   287  1306 E NetlinkEvent: NetlinkEvent::FindParam(): Parameter 'UID' not found
07-28 17:55:13.087  1847  4628 I chatty  : uid=1000(system) Binder_4 expire 1 line
07-28 17:55:13.096   287  1306 E NetlinkEvent: NetlinkEvent::FindParam(): Parameter 'TIME_NS' not found
07-28 17:55:13.096   287  1306 E NetlinkEvent: NetlinkEvent::FindParam(): Parameter 'UID' not found
07-28 17:55:16.549  1847  2130 I chatty  : uid=1000(system) ActivityManager expire 3 lines
07-28 17:55:35.485   287  1306 E NetlinkEvent: NetlinkEvent::FindParam(): Parameter 'TIME_NS' not found
07-28 17:55:35.485   287  1306 E NetlinkEvent: NetlinkEvent::FindParam(): Parameter 'UID' not found
07-28 17:55:35.792  1847  1871 I chatty  : uid=1000(system) Binder_1 expire 2 lines
07-28 17:55:35.808   287  1306 E NetlinkEvent: NetlinkEvent::FindParam(): Parameter 'TIME_NS' not found
07-28 17:55:35.808   287  1306 E NetlinkEvent: NetlinkEvent::FindParam(): Parameter 'UID' not found
07-28 17:55:39.836  6472  6472 W ActivityThread: ClassLoader.loadClass: The class loader returned by Thread.getContextClassLoader() may fail for processes that host multiple applications. You should explicitly specify a context class loader. For example: Thread.setContextClassLoader(getClass().getClassLoader());
07-28 17:56:09.672   287  1306 E NetlinkEvent: NetlinkEvent::FindParam(): Parameter 'TIME_NS' not found
07-28 17:56:09.672   287  1306 E NetlinkEvent: NetlinkEvent::FindParam(): Parameter 'UID' not found
07-28 17:56:09.688  1847  5300 I chatty  : uid=1000(system) Binder_A expire 2 lines
07-28 17:56:20.286  1847  4159 I chatty  : uid=1000(system) Binder_3 expire 1 line
07-28 17:56:23.562   287  1306 E NetlinkEvent: NetlinkEvent::FindParam(): Parameter 'TIME_NS' not found
07-28 17:56:23.562   287  1306 E NetlinkEvent: NetlinkEvent::FindParam(): Parameter 'UID' not found
07-28 17:56:28.723   643   654 D DefContainer: Copying /data/local/tmp/dev.ukanth.iconmanager to base.apk
07-28 17:56:32.918  1847  2200 I chatty  : uid=1000(system) PackageManager expire 10 lines
07-28 17:56:33.472  1847  1847 I chatty  : uid=1000 system_server expire 4 lines
07-28 17:56:33.496 30651 30651 I chatty  : uid=1000(system) org.cyanogenmod.providers.datausage expire 8 lines
07-28 17:56:33.624  1847  5296 I chatty  : uid=1000(system) Binder_9 expire 10 lines
07-28 17:56:33.839  1847  2129 I chatty  : uid=1000(system) android.bg expire 3 lines
07-28 17:56:33.924  7436  7436 I chatty  : uid=1000(system) com.android.keychain expire 1 line
07-28 17:56:33.949  1847  5307 I chatty  : uid=1000(system) Binder_B expire 10 lines
