07-28 11:21:24.875  1847  5296 I chatty  : uid=1000(system) Binder_9 expire 9 lines
07-28 11:21:25.270  1847  5223 I chatty  : uid=1000(system) Binder_6 expire 10 lines
07-28 11:27:53.697  1847  5484 I chatty  : uid=1000(system) Binder_D expire 10 lines
07-28 11:27:53.743  1847  2130 I chatty  : uid=1000(system) ActivityManager expire 12 lines
07-28 11:27:53.986  1847  1871 I chatty  : uid=1000(system) Binder_1 expire 9 lines
07-28 11:27:54.000  1847  5224 I chatty  : uid=1000(system) Binder_7 expire 9 lines
07-28 11:27:54.443  1847  4159 I chatty  : uid=1000(system) Binder_3 expire 11 lines
07-28 11:27:54.810  1847  4629 I chatty  : uid=1000(system) Binder_5 expire 11 lines
07-28 11:27:54.954  1847  5521 I chatty  : uid=1000(system) Binder_10 expire 12 lines
07-28 11:27:55.560  1847  5331 I chatty  : uid=1000(system) Binder_C expire 9 lines
07-28 11:28:38.643  5485  5485 D MccTable: updateMccMncConfiguration mccmnc='null' fromServiceState=true
07-28 11:28:38.643  5485  5485 D MccTable: WIFI_COUNTRY_CODE set to 
07-28 11:28:43.581  5485  5485 D MccTable: updateMccMncConfiguration mccmnc='40486' fromServiceState=true
07-28 11:28:43.582  5485  5485 D MccTable: updateMccMncConfiguration defaultMccMnc=40486
07-28 11:28:43.582  5485  5485 D MccTable: updateMccMncConfiguration: mcc=404, mnc=86
07-28 11:28:43.582  5485  5485 D MccTable: WIFI_COUNTRY_CODE set to in
07-28 11:28:43.582  1847  5519 I chatty  : uid=1000(system) Binder_F expire 6 lines
07-28 11:28:43.648  1847  4628 I chatty  : uid=1000(system) Binder_4 expire 11 lines
07-28 11:28:43.667  1847  5235 I chatty  : uid=1000(system) Binder_8 expire 7 lines
07-28 11:28:43.722  1847  5502 I chatty  : uid=1000(system) Binder_E expire 10 lines
07-28 11:28:56.583  1847  1874 I chatty  : uid=1000(system) Binder_2 expire 7 lines
07-28 11:29:44.777  1847  4540 I chatty  : uid=1000(system) WifiService expire 5 lines
07-28 11:29:45.455  1847  5300 I chatty  : uid=1000(system) Binder_A expire 3 lines
07-28 11:29:45.815  1847  4539 I chatty  : uid=1000(system) WifiStateMachin expire 1 line
07-28 11:29:45.816  1847  4541 I chatty  : uid=1000(system) ConnectivitySer expire 27 lines
07-28 11:29:45.831   287  1306 E NetlinkEvent: NetlinkEvent::FindParam(): Parameter 'TIME_NS' not found
07-28 11:29:45.831   287  1306 E NetlinkEvent: NetlinkEvent::FindParam(): Parameter 'UID' not found
07-28 11:29:46.415  1847  5307 I chatty  : uid=1000(system) Binder_B expire 6 lines
07-28 11:29:46.938 31357 31372 W ActivityThread: ClassLoader.loadClass: The class loader returned by Thread.getContextClassLoader() may fail for processes that host multiple applications. You should explicitly specify a context class loader. For example: Thread.setContextClassLoader(getClass().getClassLoader());
07-28 11:29:47.412 31382 31382 W ActivityThread: ClassLoader.loadClass: The class loader returned by Thread.getContextClassLoader() may fail for processes that host multiple applications. You should explicitly specify a context class loader. For example: Thread.setContextClassLoader(getClass().getClassLoader());
07-28 11:29:47.644 31467 31467 W ActivityThread: ClassLoader.loadClass: The class loader returned by Thread.getContextClassLoader() may fail for processes that host multiple applications. You should explicitly specify a context class loader. For example: Thread.setContextClassLoader(getClass().getClassLoader());
07-28 11:29:47.923   287  1306 E NetlinkEvent: NetlinkEvent::FindParam(): Parameter 'TIME_NS' not found
07-28 11:29:47.923   287  1306 E NetlinkEvent: NetlinkEvent::FindParam(): Parameter 'UID' not found
07-28 11:29:52.291 31931 31931 W ActivityThread: ClassLoader.loadClass: The class loader returned by Thread.getContextClassLoader() may fail for processes that host multiple applications. You should explicitly specify a context class loader. For example: Thread.setContextClassLoader(getClass().getClassLoader());
07-28 11:29:55.891  1847  1847 I chatty  : uid=1000 system_server expire 1 line
07-28 11:29:59.629   287  1306 E NetlinkEvent: NetlinkEvent::FindParam(): Parameter 'TIME_NS' not found
07-28 11:29:59.629   287  1306 E NetlinkEvent: NetlinkEvent::FindParam(): Parameter 'UID' not found
07-28 11:30:01.973  1847  2130 I chatty  : uid=1000(system) ActivityManager expire 3 lines
07-28 11:30:02.461 32230 32230 W ActivityThread: ClassLoader.loadClass: The class loader returned by Thread.getContextClassLoader() may fail for processes that host multiple applications. You should explicitly specify a context class loader. For example: Thread.setContextClassLoader(getClass().getClassLoader());
07-28 11:30:15.325  1847  4541 I chatty  : uid=1000(system) ConnectivitySer expire 11 lines
07-28 11:31:03.089  1847  2186 I chatty  : uid=1000(system) PowerManagerSer expire 11 lines
07-28 11:33:25.696   572   572 W ViewRootImpl: Dropping event due to root view being removed: MotionEvent { action=ACTION_MOVE, actionButton=0, id[0]=0, x[0]=513.4533, y[0]=1074.154, toolType[0]=TOOL_TYPE_FINGER, buttonState=0, metaState=0, flags=0x0, edgeFlags=0x0, pointerCount=1, historySize=0, eventTime=241166598, downTime=241166579, deviceId=7, source=0x1002 }
07-28 11:33:28.684   572   572 W ViewRootImpl: Dropping event due to root view being removed: MotionEvent { action=ACTION_MOVE, actionButton=0, id[0]=0, x[0]=560.4098, y[0]=1210.0833, toolType[0]=TOOL_TYPE_FINGER, buttonState=0, metaState=0, flags=0x0, edgeFlags=0x0, pointerCount=1, historySize=0, eventTime=241169584, downTime=241169562, deviceId=7, source=0x1002 }
07-28 11:33:55.741  1847  5502 I chatty  : uid=1000(system) Binder_E expire 3 lines
07-28 11:33:58.272  1847  5521 I chatty  : uid=1000(system) Binder_10 expire 3 lines
07-28 11:34:23.586   287  1306 E NetlinkEvent: NetlinkEvent::FindParam(): Parameter 'TIME_NS' not found
07-28 11:34:23.586   287  1306 E NetlinkEvent: NetlinkEvent::FindParam(): Parameter 'UID' not found
07-28 11:34:25.045   287  1306 E NetlinkEvent: NetlinkEvent::FindParam(): Parameter 'TIME_NS' not found
07-28 11:34:25.045   287  1306 E NetlinkEvent: NetlinkEvent::FindParam(): Parameter 'UID' not found
07-28 11:34:44.066   287  1306 E NetlinkEvent: NetlinkEvent::FindParam(): Parameter 'TIME_NS' not found
07-28 11:34:44.066   287  1306 E NetlinkEvent: NetlinkEvent::FindParam(): Parameter 'UID' not found
07-28 11:34:48.124   572   572 W ViewRootImpl: Dropping event due to root view being removed: MotionEvent { action=ACTION_MOVE, actionButton=0, id[0]=0, x[0]=366.58926, y[0]=1161.1088, toolType[0]=TOOL_TYPE_FINGER, buttonState=0, metaState=0, flags=0x0, edgeFlags=0x0, pointerCount=1, historySize=0, eventTime=241241992, downTime=241241973, deviceId=7, source=0x1002 }
07-28 11:34:50.718  1847  5223 I chatty  : uid=1000(system) Binder_6 expire 2 lines
07-28 11:34:51.580   287  1306 E NetlinkEvent: NetlinkEvent::FindParam(): Parameter 'TIME_NS' not found
07-28 11:34:51.580   287  1306 E NetlinkEvent: NetlinkEvent::FindParam(): Parameter 'UID' not found
07-28 11:34:55.078  1847  4541 I chatty  : uid=1000(system) ConnectivitySer expire 2 lines
07-28 11:35:11.274  1847  4629 I chatty  : uid=1000(system) Binder_5 expire 2 lines
07-28 11:35:11.308  1847  4628 I chatty  : uid=1000(system) Binder_4 expire 11 lines
07-28 11:35:11.714  1847  5307 I chatty  : uid=1000(system) Binder_B expire 10 lines
07-28 11:35:11.737  1847  5484 I chatty  : uid=1000(system) Binder_D expire 11 lines
07-28 11:35:11.762  1847  5223 I chatty  : uid=1000(system) Binder_6 expire 9 lines
07-28 11:35:11.788  1847  5502 I chatty  : uid=1000(system) Binder_E expire 11 lines
07-28 11:35:11.812  1847  5235 I chatty  : uid=1000(system) Binder_8 expire 9 lines
07-28 11:35:11.835  1847  5331 I chatty  : uid=1000(system) Binder_C expire 8 lines
07-28 11:35:11.874  1847  1871 I chatty  : uid=1000(system) Binder_1 expire 8 lines
07-28 11:35:11.896  1847  4159 I chatty  : uid=1000(system) Binder_3 expire 8 lines
07-28 11:35:11.917  1847  1874 I chatty  : uid=1000(system) Binder_2 expire 9 lines
07-28 11:35:11.939  1847  5521 I chatty  : uid=1000(system) Binder_10 expire 9 lines
07-28 11:35:11.964  1847  5296 I chatty  : uid=1000(system) Binder_9 expire 10 lines
07-28 11:35:11.982  1847  5224 I chatty  : uid=1000(system) Binder_7 expire 9 lines
07-28 11:35:12.000  1847  5519 I chatty  : uid=1000(system) Binder_F expire 8 lines
07-28 11:35:12.020  1847  4629 I chatty  : uid=1000(system) Binder_5 expire 9 lines
07-28 11:35:12.037  1847  5300 I chatty  : uid=1000(system) Binder_A expire 9 lines
07-28 11:35:16.227  1847  4541 I chatty  : uid=1000(system) ConnectivitySer expire 17 lines
07-28 11:35:19.558  1847  2186 I chatty  : uid=1000(system) PowerManagerSer expire 8 lines
07-28 11:35:19.953  1847  2171 I chatty  : uid=1000(system) android.display expire 4 lines
07-28 11:35:20.543  1847  4244 I chatty  : uid=1000(system) InputReader expire 3 lines
07-28 11:35:21.585  1847  2131 I chatty  : uid=1000(system) android.ui expire 64 lines
07-28 11:35:22.500  4576  4576 W ViewRootImpl: Cancelling event due to no window focus: KeyEvent { action=ACTION_UP, keyCode=KEYCODE_BACK, scanCode=0, metaState=0, flags=0x68, repeatCount=0, eventTime=241276380, downTime=241275916, deviceId=-1, source=0x101 }
07-28 11:35:22.500  4576  4576 W ViewRootImpl: Cancelling event due to no window focus: KeyEvent { action=ACTION_UP, keyCode=KEYCODE_BACK, scanCode=0, metaState=0, flags=0x68, repeatCount=0, eventTime=241276380, downTime=241275916, deviceId=-1, source=0x101 }
07-28 11:35:22.500  4576  4576 W ViewRootImpl: Cancelling event due to no window focus: KeyEvent { action=ACTION_UP, keyCode=KEYCODE_BACK, scanCode=0, metaState=0, flags=0x68, repeatCount=0, eventTime=241276380, downTime=241275916, deviceId=-1, source=0x101 }
07-28 11:35:22.500  4576  4576 W ViewRootImpl: Cancelling event due to no window focus: KeyEvent { action=ACTION_UP, keyCode=KEYCODE_BACK, scanCode=0, metaState=0, flags=0x68, repeatCount=0, eventTime=241276380, downTime=241275916, deviceId=-1, source=0x101 }
07-28 11:35:22.500  4576  4576 W ViewRootImpl: Cancelling event due to no window focus: KeyEvent { action=ACTION_UP, keyCode=KEYCODE_BACK, scanCode=0, metaState=0, flags=0x68, repeatCount=0, eventTime=241276380, downTime=241275916, deviceId=-1, source=0x101 }
07-28 11:35:22.500  4576  4576 W ViewRootImpl: Cancelling event due to no window focus: KeyEvent { action=ACTION_UP, keyCode=KEYCODE_BACK, scanCode=0, metaState=0, flags=0x68, repeatCount=0, eventTime=241276380, downTime=241275916, deviceId=-1, source=0x101 }
07-28 11:35:23.132  1847  1847 I chatty  : uid=1000 system_server expire 6 lines
07-28 11:35:23.294  1847  4540 I chatty  : uid=1000(system) WifiService expire 3 lines
07-28 11:35:23.329 32230 32230 I ActivityThread: Removing dead content provider:android.content.ContentProviderProxy@5147d0a
07-28 11:35:23.841  1847  2130 I chatty  : uid=1000(system) ActivityManager expire 2 lines
07-28 11:35:24.356  2889  2889 W ActivityThread: ClassLoader.loadClass: The class loader returned by Thread.getContextClassLoader() may fail for processes that host multiple applications. You should explicitly specify a context class loader. For example: Thread.setContextClassLoader(getClass().getClassLoader());
07-28 11:35:25.253  2922  2922 W ActivityThread: ClassLoader.loadClass: The class loader returned by Thread.getContextClassLoader() may fail for processes that host multiple applications. You should explicitly specify a context class loader. For example: Thread.setContextClassLoader(getClass().getClassLoader());
07-28 11:35:29.511  1847  5296 I chatty  : uid=1000(system) Binder_9 expire 1 line
07-28 11:35:29.524  1847  5502 I chatty  : uid=1000(system) Binder_E expire 14 lines
07-28 11:40:51.200  1847  2186 I chatty  : uid=1000(system) PowerManagerSer expire 10 lines
07-28 11:40:53.969  1847  4159 I chatty  : uid=1000(system) Binder_3 expire 10 lines
07-28 11:40:54.308  1847  4629 I chatty  : uid=1000(system) Binder_5 expire 10 lines
07-28 11:40:54.405  1847  4540 I chatty  : uid=1000(system) WifiService expire 3 lines
07-28 11:40:55.152  1847  1874 I chatty  : uid=1000(system) Binder_2 expire 12 lines
07-28 11:40:56.307  1847  5331 I chatty  : uid=1000(system) Binder_C expire 9 lines
07-28 11:40:56.354  1847  5307 I chatty  : uid=1000(system) Binder_B expire 10 lines
07-28 11:41:06.176  1847  4541 I chatty  : uid=1000(system) ConnectivitySer expire 14 lines
07-28 11:41:10.812  1847  1871 I chatty  : uid=1000(system) Binder_1 expire 8 lines
07-28 11:41:12.156  1847  5519 I chatty  : uid=1000(system) Binder_F expire 10 lines
07-28 11:41:12.169  1847  5296 I chatty  : uid=1000(system) Binder_9 expire 10 lines
07-28 11:41:13.496  1847  5223 I chatty  : uid=1000(system) Binder_6 expire 19 lines
07-28 11:41:23.848  1847  5300 I chatty  : uid=1000(system) Binder_A expire 10 lines
07-28 11:41:23.913  1847  4628 I chatty  : uid=1000(system) Binder_4 expire 12 lines
07-28 11:41:24.005  1847  5484 I chatty  : uid=1000(system) Binder_D expire 11 lines
07-28 11:41:24.132  1847  5521 I chatty  : uid=1000(system) Binder_10 expire 9 lines
07-28 11:41:24.157  1847  5235 I chatty  : uid=1000(system) Binder_8 expire 11 lines
07-28 11:41:24.182  1847  5224 I chatty  : uid=1000(system) Binder_7 expire 11 lines
07-28 11:41:28.694  1847  2171 I chatty  : uid=1000(system) android.display expire 6 lines
07-28 11:41:30.757  1847  4244 I chatty  : uid=1000(system) InputReader expire 5 lines
07-28 11:49:44.747  1847  2130 I chatty  : uid=1000(system) ActivityManager expire 8 lines
07-28 11:49:50.800   287  1306 E NetlinkEvent: NetlinkEvent::FindParam(): Parameter 'TIME_NS' not found
07-28 11:49:50.801   287  1306 E NetlinkEvent: NetlinkEvent::FindParam(): Parameter 'UID' not found
07-28 11:49:52.241  1847  2186 I chatty  : uid=1000(system) PowerManagerSer expire 4 lines
07-28 11:52:17.301   287  1306 E NetlinkEvent: NetlinkEvent::FindParam(): Parameter 'TIME_NS' not found
07-28 11:52:17.301   287  1306 E NetlinkEvent: NetlinkEvent::FindParam(): Parameter 'UID' not found
07-28 11:52:18.908  1847  5519 I chatty  : uid=1000(system) Binder_F expire 5 lines
07-28 11:52:18.913  1847  4629 I chatty  : uid=1000(system) Binder_5 expire 4 lines
07-28 11:52:18.916  1847  5296 I chatty  : uid=1000(system) Binder_9 expire 9 lines
07-28 12:00:01.397  1847  2129 I chatty  : uid=1000(system) android.bg expire 1 line
07-28 12:00:33.450  1847  5307 I chatty  : uid=1000(system) Binder_B expire 1 line
07-28 12:04:06.124  1847  2200 I chatty  : uid=1000(system) PackageManager expire 6 lines
07-28 12:04:07.925  1847  4243 I chatty  : uid=1000(system) InputDispatcher expire 1 line
07-28 12:04:15.546  8071  8071 D ActivityThread: Loading provider com.whatsapp.provider.contact: com.whatsapp.contact.ContactProvider
07-28 12:04:15.566  1847  1847 I chatty  : uid=1000 system_server expire 4 lines
07-28 12:04:16.448  1847  5484 I chatty  : uid=1000(system) Binder_D expire 14 lines
07-28 12:04:16.557  1847  5224 I chatty  : uid=1000(system) Binder_7 expire 15 lines
07-28 12:04:16.606  1847  5502 I chatty  : uid=1000(system) Binder_E expire 14 lines
07-28 12:04:16.657  1847  5235 I chatty  : uid=1000(system) Binder_8 expire 15 lines
07-28 12:04:18.595  1847  5300 I chatty  : uid=1000(system) Binder_A expire 12 lines
07-28 12:04:18.907  8235  8251 D ActivityThread: Loading provider com.google.android.gmail.provider;com.android.mail.notifier;com.google.android.gm.email.provider;com.google.android.gm.tasks.provider;com.google.android.gm.email.notifier: com.android.email.provider.EmailProvider
07-28 12:04:19.013  1847  5223 I chatty  : uid=1000(system) Binder_6 expire 12 lines
07-28 12:04:19.106  1847  4628 I chatty  : uid=1000(system) Binder_4 expire 13 lines
07-28 12:04:19.315  8254  8254 W ActivityThread: ClassLoader.loadClass: The class loader returned by Thread.getContextClassLoader() may fail for processes that host multiple applications. You should explicitly specify a context class loader. For example: Thread.setContextClassLoader(getClass().getClassLoader());
07-28 12:04:19.439  8213  8229 W ActivityThread: ClassLoader.loadClass: The class loader returned by Thread.getContextClassLoader() may fail for processes that host multiple applications. You should explicitly specify a context class loader. For example: Thread.setContextClassLoader(getClass().getClassLoader());
07-28 12:04:19.460  1847  5519 I chatty  : uid=1000(system) Binder_F expire 13 lines
07-28 12:04:19.603  1847  4159 I chatty  : uid=1000(system) Binder_3 expire 14 lines
07-28 12:04:19.665  1847  5296 I chatty  : uid=1000(system) Binder_9 expire 13 lines
07-28 12:04:20.282  1847  2130 I chatty  : uid=1000(system) ActivityManager expire 3 lines
07-28 12:04:20.695  8295  8295 I chatty  : uid=1000(system) org.cyanogenmod.providers.datausage expire 1 line
07-28 12:04:20.742  1847  4629 I chatty  : uid=1000(system) Binder_5 expire 11 lines
07-28 12:04:20.744  1847  2129 I chatty  : uid=1000(system) android.bg expire 1 line
07-28 12:04:20.758  1847  1871 I chatty  : uid=1000(system) Binder_1 expire 14 lines
07-28 12:04:21.357  1847  5307 I chatty  : uid=1000(system) Binder_B expire 10 lines
07-28 12:04:23.756  1847  1874 I chatty  : uid=1000(system) Binder_2 expire 15 lines
07-28 12:04:24.290  5225  8468 E ActivityThread: Failed to find provider info for com.modoohut.provider.geocoder
07-28 12:04:27.481  1847  4541 I chatty  : uid=1000(system) ConnectivitySer expire 12 lines
07-28 12:04:30.357  1847  4540 I chatty  : uid=1000(system) WifiService expire 2 lines
07-28 12:04:30.587  1847  5521 I chatty  : uid=1000(system) Binder_10 expire 9 lines
07-28 12:04:49.585  1847  5331 I chatty  : uid=1000(system) Binder_C expire 10 lines
07-28 12:05:23.520  1847  2186 I chatty  : uid=1000(system) PowerManagerSer expire 6 lines
07-28 12:05:23.985  1847  2171 I chatty  : uid=1000(system) android.display expire 2 lines
07-28 12:09:51.582  1847  4227 I chatty  : uid=1000(system) AlarmManager expire 1 line
07-28 12:09:51.823 10110 10110 W ActivityThread: ClassLoader.loadClass: The class loader returned by Thread.getContextClassLoader() may fail for processes that host multiple applications. You should explicitly specify a context class loader. For example: Thread.setContextClassLoader(getClass().getClassLoader());
07-28 12:09:52.023  1847  4629 I chatty  : uid=1000(system) Binder_5 expire 2 lines
07-28 12:09:52.027  1847  5235 I chatty  : uid=1000(system) Binder_8 expire 2 lines
07-28 12:09:52.028  1847  5223 I chatty  : uid=1000(system) Binder_6 expire 2 lines
07-28 12:09:52.029  1847  5224 I chatty  : uid=1000(system) Binder_7 expire 2 lines
07-28 12:09:52.031  1847  5300 I chatty  : uid=1000(system) Binder_A expire 2 lines
07-28 12:09:54.241  1847  5296 I chatty  : uid=1000(system) Binder_9 expire 1 line
07-28 12:10:37.454 10272 10272 W ActivityThread: ClassLoader.loadClass: The class loader returned by Thread.getContextClassLoader() may fail for processes that host multiple applications. You should explicitly specify a context class loader. For example: Thread.setContextClassLoader(getClass().getClassLoader());
07-28 12:10:42.872  1847  5307 I chatty  : uid=1000(system) Binder_B expire 4 lines
07-28 12:12:18.592  1847  1871 I chatty  : uid=1000(system) Binder_1 expire 3 lines
07-28 12:12:18.593  1847  4244 I chatty  : uid=1000(system) InputReader expire 1 line
07-28 12:12:20.984  1847  5519 I chatty  : uid=1000(system) Binder_F expire 1 line
07-28 12:12:27.758  1847  5484 I chatty  : uid=1000(system) Binder_D expire 1 line
07-28 12:12:27.803  1847  1874 I chatty  : uid=1000(system) Binder_2 expire 5 lines
07-28 12:12:48.600   287  1306 E NetlinkEvent: NetlinkEvent::FindParam(): Parameter 'TIME_NS' not found
07-28 12:12:48.601   287  1306 E NetlinkEvent: NetlinkEvent::FindParam(): Parameter 'UID' not found
07-28 12:12:48.674  1847  4159 I chatty  : uid=1000(system) Binder_3 expire 6 lines
07-28 12:12:48.675  1847  4629 I chatty  : uid=1000(system) Binder_5 expire 10 lines
07-28 12:12:49.848  1847  2186 I chatty  : uid=1000(system) PowerManagerSer expire 24 lines
07-28 12:12:50.251  1847  2171 I chatty  : uid=1000(system) android.display expire 10 lines
07-28 12:12:52.181  1847  5300 I chatty  : uid=1000(system) Binder_A expire 10 lines
07-28 12:13:01.925  1847  4244 I chatty  : uid=1000(system) InputReader expire 11 lines
07-28 12:13:02.902  1847  5331 I chatty  : uid=1000(system) Binder_C expire 9 lines
07-28 12:13:02.969  1847  5307 I chatty  : uid=1000(system) Binder_B expire 10 lines
07-28 12:13:05.019  1847  4541 I chatty  : uid=1000(system) ConnectivitySer expire 35 lines
07-28 12:13:05.399  1847  5519 I chatty  : uid=1000(system) Binder_F expire 8 lines
07-28 12:13:07.251   287  1306 E NetlinkEvent: NetlinkEvent::FindParam(): Parameter 'TIME_NS' not found
07-28 12:13:07.251   287  1306 E NetlinkEvent: NetlinkEvent::FindParam(): Parameter 'UID' not found
07-28 12:13:34.251  1847  4243 I chatty  : uid=1000(system) InputDispatcher expire 4 lines
07-28 12:13:34.506  1847  5484 I chatty  : uid=1000(system) Binder_D expire 11 lines
07-28 12:13:40.034  1847  1871 I chatty  : uid=1000(system) Binder_1 expire 11 lines
07-28 12:13:41.692 11992 12008 D ActivityThread: Loading provider com.google.android.gmail.provider;com.android.mail.notifier;com.google.android.gm.email.provider;com.google.android.gm.tasks.provider;com.google.android.gm.email.notifier: com.android.email.provider.EmailProvider
07-28 12:13:42.199 12015 12015 W ActivityThread: ClassLoader.loadClass: The class loader returned by Thread.getContextClassLoader() may fail for processes that host multiple applications. You should explicitly specify a context class loader. For example: Thread.setContextClassLoader(getClass().getClassLoader());
07-28 12:13:42.207  1847  5224 I chatty  : uid=1000(system) Binder_7 expire 6 lines
07-28 12:13:42.403  1847  5521 I chatty  : uid=1000(system) Binder_10 expire 5 lines
07-28 12:13:42.413 11966 11987 W ActivityThread: ClassLoader.loadClass: The class loader returned by Thread.getContextClassLoader() may fail for processes that host multiple applications. You should explicitly specify a context class loader. For example: Thread.setContextClassLoader(getClass().getClassLoader());
07-28 12:13:45.003  1847  5235 I chatty  : uid=1000(system) Binder_8 expire 7 lines
07-28 12:13:55.082  1847  5296 I chatty  : uid=1000(system) Binder_9 expire 12 lines
07-28 12:14:03.068  1847  2130 I chatty  : uid=1000(system) ActivityManager expire 10 lines
07-28 12:14:03.103  1847  5502 I chatty  : uid=1000(system) Binder_E expire 8 lines
07-28 12:14:08.646  1847  2129 I chatty  : uid=1000(system) android.bg expire 1 line
07-28 12:14:20.512  1847  5223 I chatty  : uid=1000(system) Binder_6 expire 11 lines
07-28 12:14:20.710  1847  4628 I chatty  : uid=1000(system) Binder_4 expire 10 lines
07-28 12:14:45.542  1847  4540 I chatty  : uid=1000(system) WifiService expire 1 line
07-28 12:17:05.314  1847  1847 I chatty  : uid=1000 system_server expire 2 lines
07-28 12:31:05.121   287  1306 E NetlinkEvent: NetlinkEvent::FindParam(): Parameter 'TIME_NS' not found
07-28 12:31:05.121   287  1306 E NetlinkEvent: NetlinkEvent::FindParam(): Parameter 'UID' not found
07-28 12:31:32.406  1847  2171 I chatty  : uid=1000(system) android.display expire 5 lines
07-28 12:31:32.704  1847  2186 I chatty  : uid=1000(system) PowerManagerSer expire 10 lines
07-28 12:31:51.886   287  1306 E NetlinkEvent: NetlinkEvent::FindParam(): Parameter 'TIME_NS' not found
07-28 12:31:51.886   287  1306 E NetlinkEvent: NetlinkEvent::FindParam(): Parameter 'UID' not found
07-28 12:34:54.259   287  1306 E NetlinkEvent: NetlinkEvent::FindParam(): Parameter 'TIME_NS' not found
07-28 12:34:54.259   287  1306 E NetlinkEvent: NetlinkEvent::FindParam(): Parameter 'UID' not found
07-28 12:34:56.638   287  1306 E NetlinkEvent: NetlinkEvent::FindParam(): Parameter 'TIME_NS' not found
07-28 12:34:56.638   287  1306 E NetlinkEvent: NetlinkEvent::FindParam(): Parameter 'UID' not found
07-28 12:47:04.512 19184 19184 W ActivityThread: ClassLoader.loadClass: The class loader returned by Thread.getContextClassLoader() may fail for processes that host multiple applications. You should explicitly specify a context class loader. For example: Thread.setContextClassLoader(getClass().getClassLoader());
07-28 12:48:39.422 19289 19289 W ActivityThread: ClassLoader.loadClass: The class loader returned by Thread.getContextClassLoader() may fail for processes that host multiple applications. You should explicitly specify a context class loader. For example: Thread.setContextClassLoader(getClass().getClassLoader());
07-28 12:48:48.091  1847  5300 I chatty  : uid=1000(system) Binder_A expire 3 lines
07-28 12:57:16.715  1847  5307 I chatty  : uid=1000(system) Binder_B expire 9 lines
07-28 12:57:17.980  1847  4159 I chatty  : uid=1000(system) Binder_3 expire 8 lines
07-28 12:58:26.353  1847  4244 I chatty  : uid=1000(system) InputReader expire 5 lines
07-28 12:58:26.378  1847  2186 I chatty  : uid=1000(system) PowerManagerSer expire 11 lines
07-28 12:58:26.385  1847  2171 I chatty  : uid=1000(system) android.display expire 7 lines
07-28 12:58:26.519  1847  1871 I chatty  : uid=1000(system) Binder_1 expire 10 lines
07-28 12:58:28.529  1847  5296 I chatty  : uid=1000(system) Binder_9 expire 4 lines
07-28 12:58:29.422  1847  4541 I chatty  : uid=1000(system) ConnectivitySer expire 31 lines
07-28 12:58:30.217  1847  4243 I chatty  : uid=1000(system) InputDispatcher expire 2 lines
07-28 12:58:30.351  1847  4629 I chatty  : uid=1000(system) Binder_5 expire 11 lines
07-28 12:58:39.858   287  1306 E NetlinkEvent: NetlinkEvent::FindParam(): Parameter 'TIME_NS' not found
07-28 12:58:39.859   287  1306 E NetlinkEvent: NetlinkEvent::FindParam(): Parameter 'UID' not found
07-28 12:58:45.655  1847  5300 I chatty  : uid=1000(system) Binder_A expire 5 lines
07-28 12:58:48.609  1847  5331 I chatty  : uid=1000(system) Binder_C expire 6 lines
07-28 12:58:54.443   287  1306 E NetlinkEvent: NetlinkEvent::FindParam(): Parameter 'TIME_NS' not found
07-28 12:58:54.443   287  1306 E NetlinkEvent: NetlinkEvent::FindParam(): Parameter 'UID' not found
07-28 12:58:55.121  1847  5519 I chatty  : uid=1000(system) Binder_F expire 7 lines
07-28 12:59:30.705   287  1306 E NetlinkEvent: NetlinkEvent::FindParam(): Parameter 'TIME_NS' not found
07-28 12:59:30.705   287  1306 E NetlinkEvent: NetlinkEvent::FindParam(): Parameter 'UID' not found
07-28 13:01:20.429   287  1306 E NetlinkEvent: NetlinkEvent::FindParam(): Parameter 'TIME_NS' not found
07-28 13:01:20.429   287  1306 E NetlinkEvent: NetlinkEvent::FindParam(): Parameter 'UID' not found
07-28 13:01:21.265  1847  2130 I chatty  : uid=1000(system) ActivityManager expire 10 lines
07-28 13:08:26.554  1847  2186 I chatty  : uid=1000(system) PowerManagerSer expire 6 lines
07-28 13:08:26.811  1847  5521 I chatty  : uid=1000(system) Binder_10 expire 11 lines
07-28 13:08:29.034  1847  5224 I chatty  : uid=1000(system) Binder_7 expire 5 lines
07-28 13:08:37.392  1847  4628 I chatty  : uid=1000(system) Binder_4 expire 13 lines
07-28 13:08:37.481  1847  2129 I chatty  : uid=1000(system) android.bg expire 1 line
07-28 13:08:41.062   287  1306 E NetlinkEvent: NetlinkEvent::FindParam(): Parameter 'TIME_NS' not found
07-28 13:08:41.062   287  1306 E NetlinkEvent: NetlinkEvent::FindParam(): Parameter 'UID' not found
07-28 13:08:42.417   287  1306 E NetlinkEvent: NetlinkEvent::FindParam(): Parameter 'TIME_NS' not found
07-28 13:08:42.417   287  1306 E NetlinkEvent: NetlinkEvent::FindParam(): Parameter 'UID' not found
07-28 13:09:43.183  1847  5484 I chatty  : uid=1000(system) Binder_D expire 7 lines
07-28 13:09:55.037  1847  5223 I chatty  : uid=1000(system) Binder_6 expire 5 lines
07-28 13:09:58.384  1847  5235 I chatty  : uid=1000(system) Binder_8 expire 6 lines
07-28 13:11:33.789  1847  5502 I chatty  : uid=1000(system) Binder_E expire 5 lines
07-28 13:11:43.825  1847  1874 I chatty  : uid=1000(system) Binder_2 expire 6 lines
07-28 13:11:45.648 25538 25538 E ActivityThread: Service com.google.android.youtube.api.service.YouTubeService has leaked IntentReceiver vld@cf3c8c9 that was originally registered here. Are you missing a call to unregisterReceiver()?
07-28 13:11:45.648 25538 25538 E ActivityThread: android.app.IntentReceiverLeaked: Service com.google.android.youtube.api.service.YouTubeService has leaked IntentReceiver vld@cf3c8c9 that was originally registered here. Are you missing a call to unregisterReceiver()?
07-28 13:11:45.648 25538 25538 E ActivityThread: 	at android.app.LoadedApk$ReceiverDispatcher.<init>(LoadedApk.java:919)
07-28 13:11:45.648 25538 25538 E ActivityThread: 	at android.app.LoadedApk.getReceiverDispatcher(LoadedApk.java:720)
07-28 13:11:45.648 25538 25538 E ActivityThread: 	at android.app.ContextImpl.registerReceiverInternal(ContextImpl.java:1182)
07-28 13:11:45.648 25538 25538 E ActivityThread: 	at android.app.ContextImpl.registerReceiver(ContextImpl.java:1162)
07-28 13:11:45.648 25538 25538 E ActivityThread: 	at android.app.ContextImpl.registerReceiver(ContextImpl.java:1156)
07-28 13:11:45.648 25538 25538 E ActivityThread: 	at android.content.ContextWrapper.registerReceiver(ContextWrapper.java:560)
07-28 13:11:45.648 25538 25538 E ActivityThread: 	at wsu.<init>(SourceFile:36)
07-28 13:11:45.648 25538 25538 E ActivityThread: 	at wtc.get(SourceFile:36)
07-28 13:11:45.648 25538 25538 E ActivityThread: 	at afch.get(SourceFile:10)
07-28 13:11:45.648 25538 25538 E ActivityThread: 	at ihe.a(SourceFile:30)
07-28 13:11:45.648 25538 25538 E ActivityThread: 	at iil.a(SourceFile:961)
07-28 13:11:45.648 25538 25538 E ActivityThread: 	at igv.<init>(SourceFile:7)
07-28 13:11:45.648 25538 25538 E ActivityThread: 	at com.google.android.apps.youtube.embeddedplayer.service.service.jar.ApiPlayerService.<init>(SourceFile:46)
07-28 13:11:45.648 25538 25538 E ActivityThread: 	at com.google.android.apps.youtube.embeddedplayer.service.service.jar.ApiPlayerFactoryService$1.run(SourceFile:10)
07-28 13:11:45.648 25538 25538 E ActivityThread: 	at android.os.Handler.handleCallback(Handler.java:739)
07-28 13:11:45.648 25538 25538 E ActivityThread: 	at android.os.Handler.dispatchMessage(Handler.java:95)
07-28 13:11:45.648 25538 25538 E ActivityThread: 	at android.os.Looper.loop(Looper.java:148)
07-28 13:11:45.648 25538 25538 E ActivityThread: 	at android.app.ActivityThread.main(ActivityThread.java:5461)
07-28 13:11:45.648 25538 25538 E ActivityThread: 	at java.lang.reflect.Method.invoke(Native Method)
07-28 13:11:45.648 25538 25538 E ActivityThread: 	at com.android.internal.os.ZygoteInit$MethodAndArgsCaller.run(ZygoteInit.java:726)
07-28 13:11:45.648 25538 25538 E ActivityThread: 	at com.android.internal.os.ZygoteInit.main(ZygoteInit.java:616)
07-28 13:11:45.648 25538 25538 E ActivityThread: 	at de.robv.android.xposed.XposedBridge.main(XposedBridge.java:102)
07-28 13:11:45.649 25538 25538 E ActivityThread: Service com.google.android.youtube.api.service.YouTubeService has leaked IntentReceiver vlg@f3073ff that was originally registered here. Are you missing a call to unregisterReceiver()?
07-28 13:11:45.649 25538 25538 E ActivityThread: android.app.IntentReceiverLeaked: Service com.google.android.youtube.api.service.YouTubeService has leaked IntentReceiver vlg@f3073ff that was originally registered here. Are you missing a call to unregisterReceiver()?
07-28 13:11:45.649 25538 25538 E ActivityThread: 	at android.app.LoadedApk$ReceiverDispatcher.<init>(LoadedApk.java:919)
07-28 13:11:45.649 25538 25538 E ActivityThread: 	at android.app.LoadedApk.getReceiverDispatcher(LoadedApk.java:720)
07-28 13:11:45.649 25538 25538 E ActivityThread: 	at android.app.ContextImpl.registerReceiverInternal(ContextImpl.java:1182)
07-28 13:11:45.649 25538 25538 E ActivityThread: 	at android.app.ContextImpl.registerReceiver(ContextImpl.java:1162)
07-28 13:11:45.649 25538 25538 E ActivityThread: 	at android.app.ContextImpl.registerReceiver(ContextImpl.java:1156)
07-28 13:11:45.649 25538 25538 E ActivityThread: 	at android.content.ContextWrapper.registerReceiver(ContextWrapper.java:560)
07-28 13:11:45.649 25538 25538 E ActivityThread: 	at vle.<init>(SourceFile:15)
07-28 13:11:45.649 25538 25538 E ActivityThread: 	at vll.get(SourceFile:9)
07-28 13:11:45.649 25538 25538 E ActivityThread: 	at wtc.get(SourceFile:34)
07-28 13:11:45.649 25538 25538 E ActivityThread: 	at afch.get(SourceFile:10)
07-28 13:11:45.649 25538 25538 E ActivityThread: 	at ihe.a(SourceFile:30)
07-28 13:11:45.649 25538 25538 E ActivityThread: 	at iil.a(SourceFile:961)
07-28 13:11:45.649 25538 25538 E ActivityThread: 	at igv.<init>(SourceFile:7)
07-28 13:11:45.649 25538 25538 E ActivityThread: 	at com.google.android.apps.youtube.embeddedplayer.service.service.jar.ApiPlayerService.<init>(SourceFile:46)
07-28 13:11:45.649 25538 25538 E ActivityThread: 	at com.google.android.apps.youtube.embeddedplayer.service.service.jar.ApiPlayerFactoryService$1.run(SourceFile:10)
07-28 13:11:45.649 25538 25538 E ActivityThread: 	at android.os.Handler.handleCallback(Handler.java:739)
07-28 13:11:45.649 25538 25538 E ActivityThread: 	at android.os.Handler.dispatchMessage(Handler.java:95)
07-28 13:11:45.649 25538 25538 E ActivityThread: 	at android.os.Looper.loop(Looper.java:148)
07-28 13:11:45.649 25538 25538 E ActivityThread: 	at android.app.ActivityThread.main(ActivityThread.java:5461)
07-28 13:11:45.649 25538 25538 E ActivityThread: 	at java.lang.reflect.Method.invoke(Native Method)
07-28 13:11:45.649 25538 25538 E ActivityThread: 	at com.android.internal.os.ZygoteInit$MethodAndArgsCaller.run(ZygoteInit.java:726)
07-28 13:11:45.649 25538 25538 E ActivityThread: 	at com.android.internal.os.ZygoteInit.main(ZygoteInit.java:616)
07-28 13:11:45.649 25538 25538 E ActivityThread: 	at de.robv.android.xposed.XposedBridge.main(XposedBridge.java:102)
07-28 13:11:45.795  1847  4541 I chatty  : uid=1000(system) ConnectivitySer expire 18 lines
07-28 13:11:50.081 25538 25538 E ActivityThread: Service com.google.android.youtube.api.service.YouTubeService has leaked IntentReceiver vld@1b7d17 that was originally registered here. Are you missing a call to unregisterReceiver()?
07-28 13:11:50.081 25538 25538 E ActivityThread: android.app.IntentReceiverLeaked: Service com.google.android.youtube.api.service.YouTubeService has leaked IntentReceiver vld@1b7d17 that was originally registered here. Are you missing a call to unregisterReceiver()?
07-28 13:11:50.081 25538 25538 E ActivityThread: 	at android.app.LoadedApk$ReceiverDispatcher.<init>(LoadedApk.java:919)
07-28 13:11:50.081 25538 25538 E ActivityThread: 	at android.app.LoadedApk.getReceiverDispatcher(LoadedApk.java:720)
07-28 13:11:50.081 25538 25538 E ActivityThread: 	at android.app.ContextImpl.registerReceiverInternal(ContextImpl.java:1182)
07-28 13:11:50.081 25538 25538 E ActivityThread: 	at android.app.ContextImpl.registerReceiver(ContextImpl.java:1162)
07-28 13:11:50.081 25538 25538 E ActivityThread: 	at android.app.ContextImpl.registerReceiver(ContextImpl.java:1156)
07-28 13:11:50.081 25538 25538 E ActivityThread: 	at android.content.ContextWrapper.registerReceiver(ContextWrapper.java:560)
07-28 13:11:50.081 25538 25538 E ActivityThread: 	at wsu.<init>(SourceFile:36)
07-28 13:11:50.081 25538 25538 E ActivityThread: 	at wtc.get(SourceFile:36)
07-28 13:11:50.081 25538 25538 E ActivityThread: 	at afch.get(SourceFile:10)
07-28 13:11:50.081 25538 25538 E ActivityThread: 	at ihe.a(SourceFile:30)
07-28 13:11:50.081 25538 25538 E ActivityThread: 	at iil.a(SourceFile:961)
07-28 13:11:50.081 25538 25538 E ActivityThread: 	at igv.<init>(SourceFile:7)
07-28 13:11:50.081 25538 25538 E ActivityThread: 	at com.google.android.apps.youtube.embeddedplayer.service.service.jar.ApiPlayerService.<init>(SourceFile:46)
07-28 13:11:50.081 25538 25538 E ActivityThread: 	at com.google.android.apps.youtube.embeddedplayer.service.service.jar.ApiPlayerFactoryService$1.run(SourceFile:10)
07-28 13:11:50.081 25538 25538 E ActivityThread: 	at android.os.Handler.handleCallback(Handler.java:739)
07-28 13:11:50.081 25538 25538 E ActivityThread: 	at android.os.Handler.dispatchMessage(Handler.java:95)
07-28 13:11:50.081 25538 25538 E ActivityThread: 	at android.os.Looper.loop(Looper.java:148)
07-28 13:11:50.081 25538 25538 E ActivityThread: 	at android.app.ActivityThread.main(ActivityThread.java:5461)
07-28 13:11:50.081 25538 25538 E ActivityThread: 	at java.lang.reflect.Method.invoke(Native Method)
07-28 13:11:50.081 25538 25538 E ActivityThread: 	at com.android.internal.os.ZygoteInit$MethodAndArgsCaller.run(ZygoteInit.java:726)
07-28 13:11:50.081 25538 25538 E ActivityThread: 	at com.android.internal.os.ZygoteInit.main(ZygoteInit.java:616)
07-28 13:11:50.081 25538 25538 E ActivityThread: 	at de.robv.android.xposed.XposedBridge.main(XposedBridge.java:102)
07-28 13:11:50.085 25538 25538 E ActivityThread: Service com.google.android.youtube.api.service.YouTubeService has leaked IntentReceiver vlg@a3ddeca that was originally registered here. Are you missing a call to unregisterReceiver()?
07-28 13:11:50.085 25538 25538 E ActivityThread: android.app.IntentReceiverLeaked: Service com.google.android.youtube.api.service.YouTubeService has leaked IntentReceiver vlg@a3ddeca that was originally registered here. Are you missing a call to unregisterReceiver()?
07-28 13:11:50.085 25538 25538 E ActivityThread: 	at android.app.LoadedApk$ReceiverDispatcher.<init>(LoadedApk.java:919)
07-28 13:11:50.085 25538 25538 E ActivityThread: 	at android.app.LoadedApk.getReceiverDispatcher(LoadedApk.java:720)
07-28 13:11:50.085 25538 25538 E ActivityThread: 	at android.app.ContextImpl.registerReceiverInternal(ContextImpl.java:1182)
07-28 13:11:50.085 25538 25538 E ActivityThread: 	at android.app.ContextImpl.registerReceiver(ContextImpl.java:1162)
07-28 13:11:50.085 25538 25538 E ActivityThread: 	at android.app.ContextImpl.registerReceiver(ContextImpl.java:1156)
07-28 13:11:50.085 25538 25538 E ActivityThread: 	at android.content.ContextWrapper.registerReceiver(ContextWrapper.java:560)
07-28 13:11:50.085 25538 25538 E ActivityThread: 	at vle.<init>(SourceFile:15)
07-28 13:11:50.085 25538 25538 E ActivityThread: 	at vll.get(SourceFile:9)
07-28 13:11:50.085 25538 25538 E ActivityThread: 	at wtc.get(SourceFile:34)
07-28 13:11:50.085 25538 25538 E ActivityThread: 	at afch.get(SourceFile:10)
07-28 13:11:50.085 25538 25538 E ActivityThread: 	at ihe.a(SourceFile:30)
07-28 13:11:50.085 25538 25538 E ActivityThread: 	at iil.a(SourceFile:961)
07-28 13:11:50.085 25538 25538 E ActivityThread: 	at igv.<init>(SourceFile:7)
07-28 13:11:50.085 25538 25538 E ActivityThread: 	at com.google.android.apps.youtube.embeddedplayer.service.service.jar.ApiPlayerService.<init>(SourceFile:46)
07-28 13:11:50.085 25538 25538 E ActivityThread: 	at com.google.android.apps.youtube.embeddedplayer.service.service.jar.ApiPlayerFactoryService$1.run(SourceFile:10)
07-28 13:11:50.085 25538 25538 E ActivityThread: 	at android.os.Handler.handleCallback(Handler.java:739)
07-28 13:11:50.085 25538 25538 E ActivityThread: 	at android.os.Handler.dispatchMessage(Handler.java:95)
07-28 13:11:50.085 25538 25538 E ActivityThread: 	at android.os.Looper.loop(Looper.java:148)
07-28 13:11:50.085 25538 25538 E ActivityThread: 	at android.app.ActivityThread.main(ActivityThread.java:5461)
07-28 13:11:50.085 25538 25538 E ActivityThread: 	at java.lang.reflect.Method.invoke(Native Method)
07-28 13:11:50.085 25538 25538 E ActivityThread: 	at com.android.internal.os.ZygoteInit$MethodAndArgsCaller.run(ZygoteInit.java:726)
07-28 13:11:50.085 25538 25538 E ActivityThread: 	at com.android.internal.os.ZygoteInit.main(ZygoteInit.java:616)
07-28 13:11:50.085 25538 25538 E ActivityThread: 	at de.robv.android.xposed.XposedBridge.main(XposedBridge.java:102)
07-28 13:11:54.682 25538 25538 E ActivityThread: Service com.google.android.youtube.api.service.YouTubeService has leaked IntentReceiver vlg@6bbe89a that was originally registered here. Are you missing a call to unregisterReceiver()?
07-28 13:11:54.682 25538 25538 E ActivityThread: android.app.IntentReceiverLeaked: Service com.google.android.youtube.api.service.YouTubeService has leaked IntentReceiver vlg@6bbe89a that was originally registered here. Are you missing a call to unregisterReceiver()?
07-28 13:11:54.682 25538 25538 E ActivityThread: 	at android.app.LoadedApk$ReceiverDispatcher.<init>(LoadedApk.java:919)
07-28 13:11:54.682 25538 25538 E ActivityThread: 	at android.app.LoadedApk.getReceiverDispatcher(LoadedApk.java:720)
07-28 13:11:54.682 25538 25538 E ActivityThread: 	at android.app.ContextImpl.registerReceiverInternal(ContextImpl.java:1182)
07-28 13:11:54.682 25538 25538 E ActivityThread: 	at android.app.ContextImpl.registerReceiver(ContextImpl.java:1162)
07-28 13:11:54.682 25538 25538 E ActivityThread: 	at android.app.ContextImpl.registerReceiver(ContextImpl.java:1156)
07-28 13:11:54.682 25538 25538 E ActivityThread: 	at android.content.ContextWrapper.registerReceiver(ContextWrapper.java:560)
07-28 13:11:54.682 25538 25538 E ActivityThread: 	at vle.<init>(SourceFile:15)
07-28 13:11:54.682 25538 25538 E ActivityThread: 	at vll.get(SourceFile:9)
07-28 13:11:54.682 25538 25538 E ActivityThread: 	at wtc.get(SourceFile:34)
07-28 13:11:54.682 25538 25538 E ActivityThread: 	at afch.get(SourceFile:10)
07-28 13:11:54.682 25538 25538 E ActivityThread: 	at ihe.a(SourceFile:30)
07-28 13:11:54.682 25538 25538 E ActivityThread: 	at iil.a(SourceFile:961)
07-28 13:11:54.682 25538 25538 E ActivityThread: 	at igv.<init>(SourceFile:7)
07-28 13:11:54.682 25538 25538 E ActivityThread: 	at com.google.android.apps.youtube.embeddedplayer.service.service.jar.ApiPlayerService.<init>(SourceFile:46)
07-28 13:11:54.682 25538 25538 E ActivityThread: 	at com.google.android.apps.youtube.embeddedplayer.service.service.jar.ApiPlayerFactoryService$1.run(SourceFile:10)
07-28 13:11:54.682 25538 25538 E ActivityThread: 	at android.os.Handler.handleCallback(Handler.java:739)
07-28 13:11:54.682 25538 25538 E ActivityThread: 	at android.os.Handler.dispatchMessage(Handler.java:95)
07-28 13:11:54.682 25538 25538 E ActivityThread: 	at android.os.Looper.loop(Looper.java:148)
07-28 13:11:54.682 25538 25538 E ActivityThread: 	at android.app.ActivityThread.main(ActivityThread.java:5461)
07-28 13:11:54.682 25538 25538 E ActivityThread: 	at java.lang.reflect.Method.invoke(Native Method)
07-28 13:11:54.682 25538 25538 E ActivityThread: 	at com.android.internal.os.ZygoteInit$MethodAndArgsCaller.run(ZygoteInit.java:726)
07-28 13:11:54.682 25538 25538 E ActivityThread: 	at com.android.internal.os.ZygoteInit.main(ZygoteInit.java:616)
07-28 13:11:54.682 25538 25538 E ActivityThread: 	at de.robv.android.xposed.XposedBridge.main(XposedBridge.java:102)
07-28 13:11:54.684 25538 25538 E ActivityThread: Service com.google.android.youtube.api.service.YouTubeService has leaked IntentReceiver vld@8b653a7 that was originally registered here. Are you missing a call to unregisterReceiver()?
07-28 13:11:54.684 25538 25538 E ActivityThread: android.app.IntentReceiverLeaked: Service com.google.android.youtube.api.service.YouTubeService has leaked IntentReceiver vld@8b653a7 that was originally registered here. Are you missing a call to unregisterReceiver()?
07-28 13:11:54.684 25538 25538 E ActivityThread: 	at android.app.LoadedApk$ReceiverDispatcher.<init>(LoadedApk.java:919)
07-28 13:11:54.684 25538 25538 E ActivityThread: 	at android.app.LoadedApk.getReceiverDispatcher(LoadedApk.java:720)
07-28 13:11:54.684 25538 25538 E ActivityThread: 	at android.app.ContextImpl.registerReceiverInternal(ContextImpl.java:1182)
07-28 13:11:54.684 25538 25538 E ActivityThread: 	at android.app.ContextImpl.registerReceiver(ContextImpl.java:1162)
07-28 13:11:54.684 25538 25538 E ActivityThread: 	at android.app.ContextImpl.registerReceiver(ContextImpl.java:1156)
07-28 13:11:54.684 25538 25538 E ActivityThread: 	at android.content.ContextWrapper.registerReceiver(ContextWrapper.java:560)
07-28 13:11:54.684 25538 25538 E ActivityThread: 	at wsu.<init>(SourceFile:36)
07-28 13:11:54.684 25538 25538 E ActivityThread: 	at wtc.get(SourceFile:36)
07-28 13:11:54.684 25538 25538 E ActivityThread: 	at afch.get(SourceFile:10)
07-28 13:11:54.684 25538 25538 E ActivityThread: 	at ihe.a(SourceFile:30)
07-28 13:11:54.684 25538 25538 E ActivityThread: 	at iil.a(SourceFile:961)
07-28 13:11:54.684 25538 25538 E ActivityThread: 	at igv.<init>(SourceFile:7)
07-28 13:11:54.684 25538 25538 E ActivityThread: 	at com.google.android.apps.youtube.embeddedplayer.service.service.jar.ApiPlayerService.<init>(SourceFile:46)
07-28 13:11:54.684 25538 25538 E ActivityThread: 	at com.google.android.apps.youtube.embeddedplayer.service.service.jar.ApiPlayerFactoryService$1.run(SourceFile:10)
07-28 13:11:54.684 25538 25538 E ActivityThread: 	at android.os.Handler.handleCallback(Handler.java:739)
07-28 13:11:54.684 25538 25538 E ActivityThread: 	at android.os.Handler.dispatchMessage(Handler.java:95)
07-28 13:11:54.684 25538 25538 E ActivityThread: 	at android.os.Looper.loop(Looper.java:148)
07-28 13:11:54.684 25538 25538 E ActivityThread: 	at android.app.ActivityThread.main(ActivityThread.java:5461)
07-28 13:11:54.684 25538 25538 E ActivityThread: 	at java.lang.reflect.Method.invoke(Native Method)
07-28 13:11:54.684 25538 25538 E ActivityThread: 	at com.android.internal.os.ZygoteInit$MethodAndArgsCaller.run(ZygoteInit.java:726)
07-28 13:11:54.684 25538 25538 E ActivityThread: 	at com.android.internal.os.ZygoteInit.main(ZygoteInit.java:616)
07-28 13:11:54.684 25538 25538 E ActivityThread: 	at de.robv.android.xposed.XposedBridge.main(XposedBridge.java:102)
07-28 13:11:54.941 25867 25867 W ActivityThread: ClassLoader.loadClass: The class loader returned by Thread.getContextClassLoader() may fail for processes that host multiple applications. You should explicitly specify a context class loader. For example: Thread.setContextClassLoader(getClass().getClassLoader());
07-28 13:12:55.775  1847  2130 I chatty  : uid=1000(system) ActivityManager expire 5 lines
07-28 13:13:49.729  4576  4576 V DeadZone: consuming errant click: (160.85106,23.046265)
07-28 13:16:04.648   287  1306 E NetlinkEvent: NetlinkEvent::FindParam(): Parameter 'TIME_NS' not found
07-28 13:16:04.648   287  1306 E NetlinkEvent: NetlinkEvent::FindParam(): Parameter 'UID' not found
07-28 13:16:05.084  1847  4628 I chatty  : uid=1000(system) Binder_4 expire 4 lines
07-28 13:16:05.577  1847  5521 I chatty  : uid=1000(system) Binder_10 expire 3 lines
07-28 13:16:09.044  1847  4541 I chatty  : uid=1000(system) ConnectivitySer expire 32 lines
07-28 13:16:30.914   287  1306 E NetlinkEvent: NetlinkEvent::FindParam(): Parameter 'TIME_NS' not found
07-28 13:16:30.914   287  1306 E NetlinkEvent: NetlinkEvent::FindParam(): Parameter 'UID' not found
07-28 13:16:42.697  1847  4539 I chatty  : uid=1000(system) WifiStateMachin expire 1 line
07-28 13:16:42.698  1847  4541 I chatty  : uid=1000(system) ConnectivitySer expire 46 lines
07-28 13:16:42.724   287  1306 E NetlinkEvent: NetlinkEvent::FindParam(): Parameter 'TIME_NS' not found
07-28 13:16:42.724   287  1306 E NetlinkEvent: NetlinkEvent::FindParam(): Parameter 'UID' not found
07-28 13:16:51.971  1847  5502 I chatty  : uid=1000(system) Binder_E expire 11 lines
07-28 13:16:52.128  1847  5519 I chatty  : uid=1000(system) Binder_F expire 8 lines
07-28 13:16:52.215  1847  4629 I chatty  : uid=1000(system) Binder_5 expire 9 lines
07-28 13:16:52.226  1847  5484 I chatty  : uid=1000(system) Binder_D expire 5 lines
07-28 13:16:52.229  1847  1874 I chatty  : uid=1000(system) Binder_2 expire 10 lines
07-28 13:16:52.267  1847  1871 I chatty  : uid=1000(system) Binder_1 expire 6 lines
07-28 13:16:53.201  1847  4537 I chatty  : uid=1000(system) NetworkPolicy expire 3 lines
07-28 13:16:57.218  1847  5331 I chatty  : uid=1000(system) Binder_C expire 8 lines
07-28 13:16:57.237  1847  5296 I chatty  : uid=1000(system) Binder_9 expire 2 lines
07-28 13:17:03.905  1847  2186 I chatty  : uid=1000(system) PowerManagerSer expire 4 lines
07-28 13:17:04.267  1847  2171 I chatty  : uid=1000(system) android.display expire 1 line
07-28 13:17:23.333  1847  2130 I chatty  : uid=1000(system) ActivityManager expire 10 lines
07-28 13:17:34.940   287  1306 E NetlinkEvent: NetlinkEvent::FindParam(): Parameter 'TIME_NS' not found
07-28 13:17:34.940   287  1306 E NetlinkEvent: NetlinkEvent::FindParam(): Parameter 'UID' not found
07-28 13:17:39.785   287  1306 E NetlinkEvent: NetlinkEvent::FindParam(): Parameter 'TIME_NS' not found
07-28 13:17:39.786   287  1306 E NetlinkEvent: NetlinkEvent::FindParam(): Parameter 'UID' not found
07-28 13:17:40.311  1847  5235 I chatty  : uid=1000(system) Binder_8 expire 5 lines
07-28 13:17:40.311  1847  4541 I chatty  : uid=1000(system) ConnectivitySer expire 32 lines
07-28 13:17:40.473  1847  5300 I chatty  : uid=1000(system) Binder_A expire 9 lines
07-28 13:17:40.490   287  1306 E NetlinkEvent: NetlinkEvent::FindParam(): Parameter 'TIME_NS' not found
07-28 13:17:40.490   287  1306 E NetlinkEvent: NetlinkEvent::FindParam(): Parameter 'UID' not found
07-28 13:17:40.491   287  1306 E NetlinkEvent: NetlinkEvent::FindParam(): Parameter 'TIME_NS' not found
07-28 13:17:40.491   287  1306 E NetlinkEvent: NetlinkEvent::FindParam(): Parameter 'UID' not found
07-28 13:17:40.629  1847  5224 I chatty  : uid=1000(system) Binder_7 expire 2 lines
07-28 13:17:45.087  1847  5521 I chatty  : uid=1000(system) Binder_10 expire 2 lines
07-28 13:18:05.324  5485  5485 D MccTable: updateMccMncConfiguration mccmnc='null' fromServiceState=true
07-28 13:18:05.324  5485  5485 D MccTable: WIFI_COUNTRY_CODE set to 
07-28 13:18:05.326  1847  5223 I chatty  : uid=1000(system) Binder_6 expire 6 lines
07-28 13:18:05.351  1847  4541 I chatty  : uid=1000(system) ConnectivitySer expire 10 lines
07-28 13:18:06.086  1847  4159 I chatty  : uid=1000(system) Binder_3 expire 3 lines
07-28 13:18:06.193   287  1306 E NetlinkEvent: NetlinkEvent::FindParam(): Parameter 'TIME_NS' not found
